11:40:37 **** Build of configuration Debug for project frdmkv31f_freertos_sem ****
make -r -j8 all 
Building file: ../utilities/fsl_assert.c
Building file: ../utilities/fsl_debug_console.c
Building file: ../utilities/fsl_io.c
Building file: ../utilities/fsl_log.c
Building file: ../utilities/fsl_str.c
Building file: ../startup/startup_mkv31f51212.c
Building file: ../source/freertos_sem.c
Invoking: MCU C Compiler
Invoking: MCU C Compiler
Building file: ../source/semihost_hardfault.c
Invoking: MCU C Compiler
arm-none-eabi-gcc -std=gnu99 -D__REDLIB__ -DCPU_MKV31F512VLL12_cm4 -DCPU_MKV31F512VLL12 -DSDK_DEBUGCONSOLE=0 -DCR_INTEGER_PRINTF -DFRDM_KV31F -DFREEDOM -DFSL_RTOS_FREE_RTOS -D__MCUXPRESSO -D__USE_CMSIS -DDEBUG -I../board -I../source -I../ -I../drivers -I../CMSIS -I../startup -I../utilities -I../amazon-freertos/FreeRTOS/portable -I../amazon-freertos/portable -I../amazon-freertos/include -I../board/src -O0 -fno-common -g -Wall -c  -ffunction-sections  -fdata-sections  -ffreestanding  -fno-builtin -mcpu=cortex-m4 -mfpu=fpv4-sp-d16 -mfloat-abi=hard -mthumb -D__REDLIB__ -specs=redlib.specs -MMD -MP -MF"utilities/fsl_assert.d" -MT"utilities/fsl_assert.o" -MT"utilities/fsl_assert.d" -o "utilities/fsl_assert.o" "../utilities/fsl_assert.c"
arm-none-eabi-gcc -std=gnu99 -D__REDLIB__ -DCPU_MKV31F512VLL12_cm4 -DCPU_MKV31F512VLL12 -DSDK_DEBUGCONSOLE=0 -DCR_INTEGER_PRINTF -DFRDM_KV31F -DFREEDOM -DFSL_RTOS_FREE_RTOS -D__MCUXPRESSO -D__USE_CMSIS -DDEBUG -I../board -I../source -I../ -I../drivers -I../CMSIS -I../startup -I../utilities -I../amazon-freertos/FreeRTOS/portable -I../amazon-freertos/portable -I../amazon-freertos/include -I../board/src -O0 -fno-common -g -Wall -c  -ffunction-sections  -fdata-sections  -ffreestanding  -fno-builtin -mcpu=cortex-m4 -mfpu=fpv4-sp-d16 -mfloat-abi=hard -mthumb -D__REDLIB__ -specs=redlib.specs -MMD -MP -MF"utilities/fsl_debug_console.d" -MT"utilities/fsl_debug_console.o" -MT"utilities/fsl_debug_console.d" -o "utilities/fsl_debug_console.o" "../utilities/fsl_debug_console.c"
Invoking: MCU C Compiler
Invoking: MCU C Compiler
Invoking: MCU C Compiler
Invoking: MCU C Compiler
arm-none-eabi-gcc -std=gnu99 -D__REDLIB__ -DCPU_MKV31F512VLL12_cm4 -DCPU_MKV31F512VLL12 -DSDK_DEBUGCONSOLE=0 -DCR_INTEGER_PRINTF -DFRDM_KV31F -DFREEDOM -DFSL_RTOS_FREE_RTOS -D__MCUXPRESSO -D__USE_CMSIS -DDEBUG -I../board -I../source -I../ -I../drivers -I../CMSIS -I../startup -I../utilities -I../amazon-freertos/FreeRTOS/portable -I../amazon-freertos/portable -I../amazon-freertos/include -I../board/src -O0 -fno-common -g -Wall -c  -ffunction-sections  -fdata-sections  -ffreestanding  -fno-builtin -mcpu=cortex-m4 -mfpu=fpv4-sp-d16 -mfloat-abi=hard -mthumb -D__REDLIB__ -specs=redlib.specs -MMD -MP -MF"utilities/fsl_io.d" -MT"utilities/fsl_io.o" -MT"utilities/fsl_io.d" -o "utilities/fsl_io.o" "../utilities/fsl_io.c"
arm-none-eabi-gcc -std=gnu99 -D__REDLIB__ -DCPU_MKV31F512VLL12_cm4 -DCPU_MKV31F512VLL12 -DSDK_DEBUGCONSOLE=0 -DCR_INTEGER_PRINTF -DFRDM_KV31F -DFREEDOM -DFSL_RTOS_FREE_RTOS -D__MCUXPRESSO -D__USE_CMSIS -DDEBUG -I../board -I../source -I../ -I../drivers -I../CMSIS -I../startup -I../utilities -I../amazon-freertos/FreeRTOS/portable -I../amazon-freertos/portable -I../amazon-freertos/include -I../board/src -O0 -fno-common -g -Wall -c  -ffunction-sections  -fdata-sections  -ffreestanding  -fno-builtin -mcpu=cortex-m4 -mfpu=fpv4-sp-d16 -mfloat-abi=hard -mthumb -D__REDLIB__ -specs=redlib.specs -MMD -MP -MF"utilities/fsl_str.d" -MT"utilities/fsl_str.o" -MT"utilities/fsl_str.d" -o "utilities/fsl_str.o" "../utilities/fsl_str.c"
Invoking: MCU C Compiler
arm-none-eabi-gcc -std=gnu99 -D__REDLIB__ -DCPU_MKV31F512VLL12_cm4 -DCPU_MKV31F512VLL12 -DSDK_DEBUGCONSOLE=0 -DCR_INTEGER_PRINTF -DFRDM_KV31F -DFREEDOM -DFSL_RTOS_FREE_RTOS -D__MCUXPRESSO -D__USE_CMSIS -DDEBUG -I../board -I../source -I../ -I../drivers -I../CMSIS -I../startup -I../utilities -I../amazon-freertos/FreeRTOS/portable -I../amazon-freertos/portable -I../amazon-freertos/include -I../board/src -O0 -fno-common -g -Wall -c  -ffunction-sections  -fdata-sections  -ffreestanding  -fno-builtin -mcpu=cortex-m4 -mfpu=fpv4-sp-d16 -mfloat-abi=hard -mthumb -D__REDLIB__ -specs=redlib.specs -MMD -MP -MF"startup/startup_mkv31f51212.d" -MT"startup/startup_mkv31f51212.o" -MT"startup/startup_mkv31f51212.d" -o "startup/startup_mkv31f51212.o" "../startup/startup_mkv31f51212.c"
arm-none-eabi-gcc -std=gnu99 -D__REDLIB__ -DCPU_MKV31F512VLL12_cm4 -DCPU_MKV31F512VLL12 -DSDK_DEBUGCONSOLE=0 -DCR_INTEGER_PRINTF -DFRDM_KV31F -DFREEDOM -DFSL_RTOS_FREE_RTOS -D__MCUXPRESSO -D__USE_CMSIS -DDEBUG -I../board -I../source -I../ -I../drivers -I../CMSIS -I../startup -I../utilities -I../amazon-freertos/FreeRTOS/portable -I../amazon-freertos/portable -I../amazon-freertos/include -I../board/src -O0 -fno-common -g -Wall -c  -ffunction-sections  -fdata-sections  -ffreestanding  -fno-builtin -mcpu=cortex-m4 -mfpu=fpv4-sp-d16 -mfloat-abi=hard -mthumb -D__REDLIB__ -specs=redlib.specs -MMD -MP -MF"source/freertos_sem.d" -MT"source/freertos_sem.o" -MT"source/freertos_sem.d" -o "source/freertos_sem.o" "../source/freertos_sem.c"
arm-none-eabi-gcc -std=gnu99 -D__REDLIB__ -DCPU_MKV31F512VLL12_cm4 -DCPU_MKV31F512VLL12 -DSDK_DEBUGCONSOLE=0 -DCR_INTEGER_PRINTF -DFRDM_KV31F -DFREEDOM -DFSL_RTOS_FREE_RTOS -D__MCUXPRESSO -D__USE_CMSIS -DDEBUG -I../board -I../source -I../ -I../drivers -I../CMSIS -I../startup -I../utilities -I../amazon-freertos/FreeRTOS/portable -I../amazon-freertos/portable -I../amazon-freertos/include -I../board/src -O0 -fno-common -g -Wall -c  -ffunction-sections  -fdata-sections  -ffreestanding  -fno-builtin -mcpu=cortex-m4 -mfpu=fpv4-sp-d16 -mfloat-abi=hard -mthumb -D__REDLIB__ -specs=redlib.specs -MMD -MP -MF"source/semihost_hardfault.d" -MT"source/semihost_hardfault.o" -MT"source/semihost_hardfault.d" -o "source/semihost_hardfault.o" "../source/semihost_hardfault.c"
arm-none-eabi-gcc -std=gnu99 -D__REDLIB__ -DCPU_MKV31F512VLL12_cm4 -DCPU_MKV31F512VLL12 -DSDK_DEBUGCONSOLE=0 -DCR_INTEGER_PRINTF -DFRDM_KV31F -DFREEDOM -DFSL_RTOS_FREE_RTOS -D__MCUXPRESSO -D__USE_CMSIS -DDEBUG -I../board -I../source -I../ -I../drivers -I../CMSIS -I../startup -I../utilities -I../amazon-freertos/FreeRTOS/portable -I../amazon-freertos/portable -I../amazon-freertos/include -I../board/src -O0 -fno-common -g -Wall -c  -ffunction-sections  -fdata-sections  -ffreestanding  -fno-builtin -mcpu=cortex-m4 -mfpu=fpv4-sp-d16 -mfloat-abi=hard -mthumb -D__REDLIB__ -specs=redlib.specs -MMD -MP -MF"utilities/fsl_log.d" -MT"utilities/fsl_log.o" -MT"utilities/fsl_log.d" -o "utilities/fsl_log.o" "../utilities/fsl_log.c"
Finished building: ../utilities/fsl_assert.c
Finished building: ../utilities/fsl_debug_console.c
Finished building: ../source/semihost_hardfault.c
 
 
make: stat: drivers/fsl_common.o: Bad file number
 
Finished building: ../utilities/fsl_io.c
Finished building: ../utilities/fsl_str.c
Building file: ../drivers/fsl_clock.c
Building file: ../drivers/fsl_common.c
Building file: ../drivers/fsl_ftfx_cache.c
Finished building: ../source/freertos_sem.c
 
 
Invoking: MCU C Compiler
Invoking: MCU C Compiler
Finished building: ../startup/startup_mkv31f51212.c
Invoking: MCU C Compiler
arm-none-eabi-gcc -std=gnu99 -D__REDLIB__ -DCPU_MKV31F512VLL12_cm4 -DCPU_MKV31F512VLL12 -DSDK_DEBUGCONSOLE=0 -DCR_INTEGER_PRINTF -DFRDM_KV31F -DFREEDOM -DFSL_RTOS_FREE_RTOS -D__MCUXPRESSO -D__USE_CMSIS -DDEBUG -I../board -I../source -I../ -I../drivers -I../CMSIS -I../startup -I../utilities -I../amazon-freertos/FreeRTOS/portable -I../amazon-freertos/portable -I../amazon-freertos/include -I../board/src -O0 -fno-common -g -Wall -c  -ffunction-sections  -fdata-sections  -ffreestanding  -fno-builtin -mcpu=cortex-m4 -mfpu=fpv4-sp-d16 -mfloat-abi=hard -mthumb -D__REDLIB__ -specs=redlib.specs -MMD -MP -MF"drivers/fsl_clock.d" -MT"drivers/fsl_clock.o" -MT"drivers/fsl_clock.d" -o "drivers/fsl_clock.o" "../drivers/fsl_clock.c"
 
arm-none-eabi-gcc -std=gnu99 -D__REDLIB__ -DCPU_MKV31F512VLL12_cm4 -DCPU_MKV31F512VLL12 -DSDK_DEBUGCONSOLE=0 -DCR_INTEGER_PRINTF -DFRDM_KV31F -DFREEDOM -DFSL_RTOS_FREE_RTOS -D__MCUXPRESSO -D__USE_CMSIS -DDEBUG -I../board -I../source -I../ -I../drivers -I../CMSIS -I../startup -I../utilities -I../amazon-freertos/FreeRTOS/portable -I../amazon-freertos/portable -I../amazon-freertos/include -I../board/src -O0 -fno-common -g -Wall -c  -ffunction-sections  -fdata-sections  -ffreestanding  -fno-builtin -mcpu=cortex-m4 -mfpu=fpv4-sp-d16 -mfloat-abi=hard -mthumb -D__REDLIB__ -specs=redlib.specs -MMD -MP -MF"drivers/fsl_ftfx_cache.d" -MT"drivers/fsl_ftfx_cache.o" -MT"drivers/fsl_ftfx_cache.d" -o "drivers/fsl_ftfx_cache.o" "../drivers/fsl_ftfx_cache.c"
Building file: ../drivers/fsl_ftfx_controller.c
Finished building: ../utilities/fsl_log.c
Building file: ../drivers/fsl_ftfx_flash.c
arm-none-eabi-gcc -std=gnu99 -D__REDLIB__ -DCPU_MKV31F512VLL12_cm4 -DCPU_MKV31F512VLL12 -DSDK_DEBUGCONSOLE=0 -DCR_INTEGER_PRINTF -DFRDM_KV31F -DFREEDOM -DFSL_RTOS_FREE_RTOS -D__MCUXPRESSO -D__USE_CMSIS -DDEBUG -I../board -I../source -I../ -I../drivers -I../CMSIS -I../startup -I../utilities -I../amazon-freertos/FreeRTOS/portable -I../amazon-freertos/portable -I../amazon-freertos/include -I../board/src -O0 -fno-common -g -Wall -c  -ffunction-sections  -fdata-sections  -ffreestanding  -fno-builtin -mcpu=cortex-m4 -mfpu=fpv4-sp-d16 -mfloat-abi=hard -mthumb -D__REDLIB__ -specs=redlib.specs -MMD -MP -MF"drivers/fsl_common.d" -MT"drivers/fsl_common.o" -MT"drivers/fsl_common.d" -o "drivers/fsl_common.o" "../drivers/fsl_common.c"
 
 
Invoking: MCU C Compiler
Invoking: MCU C Compiler
arm-none-eabi-gcc -std=gnu99 -D__REDLIB__ -DCPU_MKV31F512VLL12_cm4 -DCPU_MKV31F512VLL12 -DSDK_DEBUGCONSOLE=0 -DCR_INTEGER_PRINTF -DFRDM_KV31F -DFREEDOM -DFSL_RTOS_FREE_RTOS -D__MCUXPRESSO -D__USE_CMSIS -DDEBUG -I../board -I../source -I../ -I../drivers -I../CMSIS -I../startup -I../utilities -I../amazon-freertos/FreeRTOS/portable -I../amazon-freertos/portable -I../amazon-freertos/include -I../board/src -O0 -fno-common -g -Wall -c  -ffunction-sections  -fdata-sections  -ffreestanding  -fno-builtin -mcpu=cortex-m4 -mfpu=fpv4-sp-d16 -mfloat-abi=hard -mthumb -D__REDLIB__ -specs=redlib.specs -MMD -MP -MF"drivers/fsl_ftfx_controller.d" -MT"drivers/fsl_ftfx_controller.o" -MT"drivers/fsl_ftfx_controller.d" -o "drivers/fsl_ftfx_controller.o" "../drivers/fsl_ftfx_controller.c"
Building file: ../drivers/fsl_ftfx_flexnvm.c
arm-none-eabi-gcc -std=gnu99 -D__REDLIB__ -DCPU_MKV31F512VLL12_cm4 -DCPU_MKV31F512VLL12 -DSDK_DEBUGCONSOLE=0 -DCR_INTEGER_PRINTF -DFRDM_KV31F -DFREEDOM -DFSL_RTOS_FREE_RTOS -D__MCUXPRESSO -D__USE_CMSIS -DDEBUG -I../board -I../source -I../ -I../drivers -I../CMSIS -I../startup -I../utilities -I../amazon-freertos/FreeRTOS/portable -I../amazon-freertos/portable -I../amazon-freertos/include -I../board/src -O0 -fno-common -g -Wall -c  -ffunction-sections  -fdata-sections  -ffreestanding  -fno-builtin -mcpu=cortex-m4 -mfpu=fpv4-sp-d16 -mfloat-abi=hard -mthumb -D__REDLIB__ -specs=redlib.specs -MMD -MP -MF"drivers/fsl_ftfx_flash.d" -MT"drivers/fsl_ftfx_flash.o" -MT"drivers/fsl_ftfx_flash.d" -o "drivers/fsl_ftfx_flash.o" "../drivers/fsl_ftfx_flash.c"
Building file: ../drivers/fsl_lpuart.c
Building file: ../drivers/fsl_gpio.c
Invoking: MCU C Compiler
arm-none-eabi-gcc -std=gnu99 -D__REDLIB__ -DCPU_MKV31F512VLL12_cm4 -DCPU_MKV31F512VLL12 -DSDK_DEBUGCONSOLE=0 -DCR_INTEGER_PRINTF -DFRDM_KV31F -DFREEDOM -DFSL_RTOS_FREE_RTOS -D__MCUXPRESSO -D__USE_CMSIS -DDEBUG -I../board -I../source -I../ -I../drivers -I../CMSIS -I../startup -I../utilities -I../amazon-freertos/FreeRTOS/portable -I../amazon-freertos/portable -I../amazon-freertos/include -I../board/src -O0 -fno-common -g -Wall -c  -ffunction-sections  -fdata-sections  -ffreestanding  -fno-builtin -mcpu=cortex-m4 -mfpu=fpv4-sp-d16 -mfloat-abi=hard -mthumb -D__REDLIB__ -specs=redlib.specs -MMD -MP -MF"drivers/fsl_ftfx_flexnvm.d" -MT"drivers/fsl_ftfx_flexnvm.o" -MT"drivers/fsl_ftfx_flexnvm.d" -o "drivers/fsl_ftfx_flexnvm.o" "../drivers/fsl_ftfx_flexnvm.c"
Invoking: MCU C Compiler
Invoking: MCU C Compiler
arm-none-eabi-gcc -std=gnu99 -D__REDLIB__ -DCPU_MKV31F512VLL12_cm4 -DCPU_MKV31F512VLL12 -DSDK_DEBUGCONSOLE=0 -DCR_INTEGER_PRINTF -DFRDM_KV31F -DFREEDOM -DFSL_RTOS_FREE_RTOS -D__MCUXPRESSO -D__USE_CMSIS -DDEBUG -I../board -I../source -I../ -I../drivers -I../CMSIS -I../startup -I../utilities -I../amazon-freertos/FreeRTOS/portable -I../amazon-freertos/portable -I../amazon-freertos/include -I../board/src -O0 -fno-common -g -Wall -c  -ffunction-sections  -fdata-sections  -ffreestanding  -fno-builtin -mcpu=cortex-m4 -mfpu=fpv4-sp-d16 -mfloat-abi=hard -mthumb -D__REDLIB__ -specs=redlib.specs -MMD -MP -MF"drivers/fsl_gpio.d" -MT"drivers/fsl_gpio.o" -MT"drivers/fsl_gpio.d" -o "drivers/fsl_gpio.o" "../drivers/fsl_gpio.c"
arm-none-eabi-gcc -std=gnu99 -D__REDLIB__ -DCPU_MKV31F512VLL12_cm4 -DCPU_MKV31F512VLL12 -DSDK_DEBUGCONSOLE=0 -DCR_INTEGER_PRINTF -DFRDM_KV31F -DFREEDOM -DFSL_RTOS_FREE_RTOS -D__MCUXPRESSO -D__USE_CMSIS -DDEBUG -I../board -I../source -I../ -I../drivers -I../CMSIS -I../startup -I../utilities -I../amazon-freertos/FreeRTOS/portable -I../amazon-freertos/portable -I../amazon-freertos/include -I../board/src -O0 -fno-common -g -Wall -c  -ffunction-sections  -fdata-sections  -ffreestanding  -fno-builtin -mcpu=cortex-m4 -mfpu=fpv4-sp-d16 -mfloat-abi=hard -mthumb -D__REDLIB__ -specs=redlib.specs -MMD -MP -MF"drivers/fsl_lpuart.d" -MT"drivers/fsl_lpuart.o" -MT"drivers/fsl_lpuart.d" -o "drivers/fsl_lpuart.o" "../drivers/fsl_lpuart.c"
Finished building: ../drivers/fsl_common.c
Finished building: ../drivers/fsl_ftfx_cache.c
 
 
Finished building: ../drivers/fsl_ftfx_flexnvm.c
Building file: ../drivers/fsl_uart.c
 
Building file: ../drivers/fsl_smc.c
Finished building: ../drivers/fsl_ftfx_controller.c
Finished building: ../drivers/fsl_gpio.c
Invoking: MCU C Compiler
Invoking: MCU C Compiler
Building file: ../board/src/board.c
arm-none-eabi-gcc -std=gnu99 -D__REDLIB__ -DCPU_MKV31F512VLL12_cm4 -DCPU_MKV31F512VLL12 -DSDK_DEBUGCONSOLE=0 -DCR_INTEGER_PRINTF -DFRDM_KV31F -DFREEDOM -DFSL_RTOS_FREE_RTOS -D__MCUXPRESSO -D__USE_CMSIS -DDEBUG -I../board -I../source -I../ -I../drivers -I../CMSIS -I../startup -I../utilities -I../amazon-freertos/FreeRTOS/portable -I../amazon-freertos/portable -I../amazon-freertos/include -I../board/src -O0 -fno-common -g -Wall -c  -ffunction-sections  -fdata-sections  -ffreestanding  -fno-builtin -mcpu=cortex-m4 -mfpu=fpv4-sp-d16 -mfloat-abi=hard -mthumb -D__REDLIB__ -specs=redlib.specs -MMD -MP -MF"drivers/fsl_smc.d" -MT"drivers/fsl_smc.o" -MT"drivers/fsl_smc.d" -o "drivers/fsl_smc.o" "../drivers/fsl_smc.c"
arm-none-eabi-gcc -std=gnu99 -D__REDLIB__ -DCPU_MKV31F512VLL12_cm4 -DCPU_MKV31F512VLL12 -DSDK_DEBUGCONSOLE=0 -DCR_INTEGER_PRINTF -DFRDM_KV31F -DFREEDOM -DFSL_RTOS_FREE_RTOS -D__MCUXPRESSO -D__USE_CMSIS -DDEBUG -I../board -I../source -I../ -I../drivers -I../CMSIS -I../startup -I../utilities -I../amazon-freertos/FreeRTOS/portable -I../amazon-freertos/portable -I../amazon-freertos/include -I../board/src -O0 -fno-common -g -Wall -c  -ffunction-sections  -fdata-sections  -ffreestanding  -fno-builtin -mcpu=cortex-m4 -mfpu=fpv4-sp-d16 -mfloat-abi=hard -mthumb -D__REDLIB__ -specs=redlib.specs -MMD -MP -MF"drivers/fsl_uart.d" -MT"drivers/fsl_uart.o" -MT"drivers/fsl_uart.d" -o "drivers/fsl_uart.o" "../drivers/fsl_uart.c"
 
 
Invoking: MCU C Compiler
Building file: ../board/src/clock_config.c
arm-none-eabi-gcc -std=gnu99 -D__REDLIB__ -DCPU_MKV31F512VLL12_cm4 -DCPU_MKV31F512VLL12 -DSDK_DEBUGCONSOLE=0 -DCR_INTEGER_PRINTF -DFRDM_KV31F -DFREEDOM -DFSL_RTOS_FREE_RTOS -D__MCUXPRESSO -D__USE_CMSIS -DDEBUG -I../board -I../source -I../ -I../drivers -I../CMSIS -I../startup -I../utilities -I../amazon-freertos/FreeRTOS/portable -I../amazon-freertos/portable -I../amazon-freertos/include -I../board/src -O0 -fno-common -g -Wall -c  -ffunction-sections  -fdata-sections  -ffreestanding  -fno-builtin -mcpu=cortex-m4 -mfpu=fpv4-sp-d16 -mfloat-abi=hard -mthumb -D__REDLIB__ -specs=redlib.specs -MMD -MP -MF"board/src/board.d" -MT"board/src/board.o" -MT"board/src/board.d" -o "board/src/board.o" "../board/src/board.c"
Building file: ../board/peripherals.c
Finished building: ../drivers/fsl_clock.c
Finished building: ../drivers/fsl_ftfx_flash.c
Invoking: MCU C Compiler
arm-none-eabi-gcc -std=gnu99 -D__REDLIB__ -DCPU_MKV31F512VLL12_cm4 -DCPU_MKV31F512VLL12 -DSDK_DEBUGCONSOLE=0 -DCR_INTEGER_PRINTF -DFRDM_KV31F -DFREEDOM -DFSL_RTOS_FREE_RTOS -D__MCUXPRESSO -D__USE_CMSIS -DDEBUG -I../board -I../source -I../ -I../drivers -I../CMSIS -I../startup -I../utilities -I../amazon-freertos/FreeRTOS/portable -I../amazon-freertos/portable -I../amazon-freertos/include -I../board/src -O0 -fno-common -g -Wall -c  -ffunction-sections  -fdata-sections  -ffreestanding  -fno-builtin -mcpu=cortex-m4 -mfpu=fpv4-sp-d16 -mfloat-abi=hard -mthumb -D__REDLIB__ -specs=redlib.specs -MMD -MP -MF"board/src/clock_config.d" -MT"board/src/clock_config.o" -MT"board/src/clock_config.d" -o "board/src/clock_config.o" "../board/src/clock_config.c"
Invoking: MCU C Compiler
 
arm-none-eabi-gcc -std=gnu99 -D__REDLIB__ -DCPU_MKV31F512VLL12_cm4 -DCPU_MKV31F512VLL12 -DSDK_DEBUGCONSOLE=0 -DCR_INTEGER_PRINTF -DFRDM_KV31F -DFREEDOM -DFSL_RTOS_FREE_RTOS -D__MCUXPRESSO -D__USE_CMSIS -DDEBUG -I../board -I../source -I../ -I../drivers -I../CMSIS -I../startup -I../utilities -I../amazon-freertos/FreeRTOS/portable -I../amazon-freertos/portable -I../amazon-freertos/include -I../board/src -O0 -fno-common -g -Wall -c  -ffunction-sections  -fdata-sections  -ffreestanding  -fno-builtin -mcpu=cortex-m4 -mfpu=fpv4-sp-d16 -mfloat-abi=hard -mthumb -D__REDLIB__ -specs=redlib.specs -MMD -MP -MF"board/peripherals.d" -MT"board/peripherals.o" -MT"board/peripherals.d" -o "board/peripherals.o" "../board/peripherals.c"
 
Finished building: ../drivers/fsl_lpuart.c
Building file: ../board/pin_mux.c
Building file: ../amazon-freertos/portable/fsl_tickless_systick.c
 
Invoking: MCU C Compiler
Invoking: MCU C Compiler
Building file: ../amazon-freertos/FreeRTOS/portable/heap_4.c
arm-none-eabi-gcc -std=gnu99 -D__REDLIB__ -DCPU_MKV31F512VLL12_cm4 -DCPU_MKV31F512VLL12 -DSDK_DEBUGCONSOLE=0 -DCR_INTEGER_PRINTF -DFRDM_KV31F -DFREEDOM -DFSL_RTOS_FREE_RTOS -D__MCUXPRESSO -D__USE_CMSIS -DDEBUG -I../board -I../source -I../ -I../drivers -I../CMSIS -I../startup -I../utilities -I../amazon-freertos/FreeRTOS/portable -I../amazon-freertos/portable -I../amazon-freertos/include -I../board/src -O0 -fno-common -g -Wall -c  -ffunction-sections  -fdata-sections  -ffreestanding  -fno-builtin -mcpu=cortex-m4 -mfpu=fpv4-sp-d16 -mfloat-abi=hard -mthumb -D__REDLIB__ -specs=redlib.specs -MMD -MP -MF"board/pin_mux.d" -MT"board/pin_mux.o" -MT"board/pin_mux.d" -o "board/pin_mux.o" "../board/pin_mux.c"
arm-none-eabi-gcc -std=gnu99 -D__REDLIB__ -DCPU_MKV31F512VLL12_cm4 -DCPU_MKV31F512VLL12 -DSDK_DEBUGCONSOLE=0 -DCR_INTEGER_PRINTF -DFRDM_KV31F -DFREEDOM -DFSL_RTOS_FREE_RTOS -D__MCUXPRESSO -D__USE_CMSIS -DDEBUG -I../board -I../source -I../ -I../drivers -I../CMSIS -I../startup -I../utilities -I../amazon-freertos/FreeRTOS/portable -I../amazon-freertos/portable -I../amazon-freertos/include -I../board/src -O0 -fno-common -g -Wall -c  -ffunction-sections  -fdata-sections  -ffreestanding  -fno-builtin -mcpu=cortex-m4 -mfpu=fpv4-sp-d16 -mfloat-abi=hard -mthumb -D__REDLIB__ -specs=redlib.specs -MMD -MP -MF"amazon-freertos/portable/fsl_tickless_systick.d" -MT"amazon-freertos/portable/fsl_tickless_systick.o" -MT"amazon-freertos/portable/fsl_tickless_systick.d" -o "amazon-freertos/portable/fsl_tickless_systick.o" "../amazon-freertos/portable/fsl_tickless_systick.c"
Invoking: MCU C Compiler
arm-none-eabi-gcc -std=gnu99 -D__REDLIB__ -DCPU_MKV31F512VLL12_cm4 -DCPU_MKV31F512VLL12 -DSDK_DEBUGCONSOLE=0 -DCR_INTEGER_PRINTF -DFRDM_KV31F -DFREEDOM -DFSL_RTOS_FREE_RTOS -D__MCUXPRESSO -D__USE_CMSIS -DDEBUG -I../board -I../source -I../ -I../drivers -I../CMSIS -I../startup -I../utilities -I../amazon-freertos/FreeRTOS/portable -I../amazon-freertos/portable -I../amazon-freertos/include -I../board/src -O0 -fno-common -g -Wall -c  -ffunction-sections  -fdata-sections  -ffreestanding  -fno-builtin -mcpu=cortex-m4 -mfpu=fpv4-sp-d16 -mfloat-abi=hard -mthumb -D__REDLIB__ -specs=redlib.specs -MMD -MP -MF"amazon-freertos/FreeRTOS/portable/heap_4.d" -MT"amazon-freertos/FreeRTOS/portable/heap_4.o" -MT"amazon-freertos/FreeRTOS/portable/heap_4.d" -o "amazon-freertos/FreeRTOS/portable/heap_4.o" "../amazon-freertos/FreeRTOS/portable/heap_4.c"
Finished building: ../drivers/fsl_smc.c
Finished building: ../board/peripherals.c
Finished building: ../board/src/board.c
 
 
 
make: stat: amazon-freertos/FreeRTOS/event_groups.o: Bad file number
Finished building: ../board/src/clock_config.c
Building file: ../amazon-freertos/FreeRTOS/portable/port.c
Finished building: ../amazon-freertos/portable/fsl_tickless_systick.c
Building file: ../amazon-freertos/FreeRTOS/event_groups.c
Building file: ../amazon-freertos/FreeRTOS/list.c
 
Invoking: MCU C Compiler
arm-none-eabi-gcc -std=gnu99 -D__REDLIB__ -DCPU_MKV31F512VLL12_cm4 -DCPU_MKV31F512VLL12 -DSDK_DEBUGCONSOLE=0 -DCR_INTEGER_PRINTF -DFRDM_KV31F -DFREEDOM -DFSL_RTOS_FREE_RTOS -D__MCUXPRESSO -D__USE_CMSIS -DDEBUG -I../board -I../source -I../ -I../drivers -I../CMSIS -I../startup -I../utilities -I../amazon-freertos/FreeRTOS/portable -I../amazon-freertos/portable -I../amazon-freertos/include -I../board/src -O0 -fno-common -g -Wall -c  -ffunction-sections  -fdata-sections  -ffreestanding  -fno-builtin -mcpu=cortex-m4 -mfpu=fpv4-sp-d16 -mfloat-abi=hard -mthumb -D__REDLIB__ -specs=redlib.specs -MMD -MP -MF"amazon-freertos/FreeRTOS/portable/port.d" -MT"amazon-freertos/FreeRTOS/portable/port.o" -MT"amazon-freertos/FreeRTOS/portable/port.d" -o "amazon-freertos/FreeRTOS/portable/port.o" "../amazon-freertos/FreeRTOS/portable/port.c"
 
Invoking: MCU C Compiler
Invoking: MCU C Compiler
arm-none-eabi-gcc -std=gnu99 -D__REDLIB__ -DCPU_MKV31F512VLL12_cm4 -DCPU_MKV31F512VLL12 -DSDK_DEBUGCONSOLE=0 -DCR_INTEGER_PRINTF -DFRDM_KV31F -DFREEDOM -DFSL_RTOS_FREE_RTOS -D__MCUXPRESSO -D__USE_CMSIS -DDEBUG -I../board -I../source -I../ -I../drivers -I../CMSIS -I../startup -I../utilities -I../amazon-freertos/FreeRTOS/portable -I../amazon-freertos/portable -I../amazon-freertos/include -I../board/src -O0 -fno-common -g -Wall -c  -ffunction-sections  -fdata-sections  -ffreestanding  -fno-builtin -mcpu=cortex-m4 -mfpu=fpv4-sp-d16 -mfloat-abi=hard -mthumb -D__REDLIB__ -specs=redlib.specs -MMD -MP -MF"amazon-freertos/FreeRTOS/event_groups.d" -MT"amazon-freertos/FreeRTOS/event_groups.o" -MT"amazon-freertos/FreeRTOS/event_groups.d" -o "amazon-freertos/FreeRTOS/event_groups.o" "../amazon-freertos/FreeRTOS/event_groups.c"
Building file: ../amazon-freertos/FreeRTOS/queue.c
arm-none-eabi-gcc -std=gnu99 -D__REDLIB__ -DCPU_MKV31F512VLL12_cm4 -DCPU_MKV31F512VLL12 -DSDK_DEBUGCONSOLE=0 -DCR_INTEGER_PRINTF -DFRDM_KV31F -DFREEDOM -DFSL_RTOS_FREE_RTOS -D__MCUXPRESSO -D__USE_CMSIS -DDEBUG -I../board -I../source -I../ -I../drivers -I../CMSIS -I../startup -I../utilities -I../amazon-freertos/FreeRTOS/portable -I../amazon-freertos/portable -I../amazon-freertos/include -I../board/src -O0 -fno-common -g -Wall -c  -ffunction-sections  -fdata-sections  -ffreestanding  -fno-builtin -mcpu=cortex-m4 -mfpu=fpv4-sp-d16 -mfloat-abi=hard -mthumb -D__REDLIB__ -specs=redlib.specs -MMD -MP -MF"amazon-freertos/FreeRTOS/list.d" -MT"amazon-freertos/FreeRTOS/list.o" -MT"amazon-freertos/FreeRTOS/list.d" -o "amazon-freertos/FreeRTOS/list.o" "../amazon-freertos/FreeRTOS/list.c"
Invoking: MCU C Compiler
Finished building: ../board/pin_mux.c
Building file: ../amazon-freertos/FreeRTOS/stream_buffer.c
arm-none-eabi-gcc -std=gnu99 -D__REDLIB__ -DCPU_MKV31F512VLL12_cm4 -DCPU_MKV31F512VLL12 -DSDK_DEBUGCONSOLE=0 -DCR_INTEGER_PRINTF -DFRDM_KV31F -DFREEDOM -DFSL_RTOS_FREE_RTOS -D__MCUXPRESSO -D__USE_CMSIS -DDEBUG -I../board -I../source -I../ -I../drivers -I../CMSIS -I../startup -I../utilities -I../amazon-freertos/FreeRTOS/portable -I../amazon-freertos/portable -I../amazon-freertos/include -I../board/src -O0 -fno-common -g -Wall -c  -ffunction-sections  -fdata-sections  -ffreestanding  -fno-builtin -mcpu=cortex-m4 -mfpu=fpv4-sp-d16 -mfloat-abi=hard -mthumb -D__REDLIB__ -specs=redlib.specs -MMD -MP -MF"amazon-freertos/FreeRTOS/queue.d" -MT"amazon-freertos/FreeRTOS/queue.o" -MT"amazon-freertos/FreeRTOS/queue.d" -o "amazon-freertos/FreeRTOS/queue.o" "../amazon-freertos/FreeRTOS/queue.c"
Finished building: ../drivers/fsl_uart.c
 
Invoking: MCU C Compiler
 
Finished building: ../amazon-freertos/FreeRTOS/portable/heap_4.c
arm-none-eabi-gcc -std=gnu99 -D__REDLIB__ -DCPU_MKV31F512VLL12_cm4 -DCPU_MKV31F512VLL12 -DSDK_DEBUGCONSOLE=0 -DCR_INTEGER_PRINTF -DFRDM_KV31F -DFREEDOM -DFSL_RTOS_FREE_RTOS -D__MCUXPRESSO -D__USE_CMSIS -DDEBUG -I../board -I../source -I../ -I../drivers -I../CMSIS -I../startup -I../utilities -I../amazon-freertos/FreeRTOS/portable -I../amazon-freertos/portable -I../amazon-freertos/include -I../board/src -O0 -fno-common -g -Wall -c  -ffunction-sections  -fdata-sections  -ffreestanding  -fno-builtin -mcpu=cortex-m4 -mfpu=fpv4-sp-d16 -mfloat-abi=hard -mthumb -D__REDLIB__ -specs=redlib.specs -MMD -MP -MF"amazon-freertos/FreeRTOS/stream_buffer.d" -MT"amazon-freertos/FreeRTOS/stream_buffer.o" -MT"amazon-freertos/FreeRTOS/stream_buffer.d" -o "amazon-freertos/FreeRTOS/stream_buffer.o" "../amazon-freertos/FreeRTOS/stream_buffer.c"
Building file: ../amazon-freertos/FreeRTOS/tasks.c
Building file: ../amazon-freertos/FreeRTOS/timers.c
 
Invoking: MCU C Compiler
Invoking: MCU C Compiler
arm-none-eabi-gcc -std=gnu99 -D__REDLIB__ -DCPU_MKV31F512VLL12_cm4 -DCPU_MKV31F512VLL12 -DSDK_DEBUGCONSOLE=0 -DCR_INTEGER_PRINTF -DFRDM_KV31F -DFREEDOM -DFSL_RTOS_FREE_RTOS -D__MCUXPRESSO -D__USE_CMSIS -DDEBUG -I../board -I../source -I../ -I../drivers -I../CMSIS -I../startup -I../utilities -I../amazon-freertos/FreeRTOS/portable -I../amazon-freertos/portable -I../amazon-freertos/include -I../board/src -O0 -fno-common -g -Wall -c  -ffunction-sections  -fdata-sections  -ffreestanding  -fno-builtin -mcpu=cortex-m4 -mfpu=fpv4-sp-d16 -mfloat-abi=hard -mthumb -D__REDLIB__ -specs=redlib.specs -MMD -MP -MF"amazon-freertos/FreeRTOS/tasks.d" -MT"amazon-freertos/FreeRTOS/tasks.o" -MT"amazon-freertos/FreeRTOS/tasks.d" -o "amazon-freertos/FreeRTOS/tasks.o" "../amazon-freertos/FreeRTOS/tasks.c"
arm-none-eabi-gcc -std=gnu99 -D__REDLIB__ -DCPU_MKV31F512VLL12_cm4 -DCPU_MKV31F512VLL12 -DSDK_DEBUGCONSOLE=0 -DCR_INTEGER_PRINTF -DFRDM_KV31F -DFREEDOM -DFSL_RTOS_FREE_RTOS -D__MCUXPRESSO -D__USE_CMSIS -DDEBUG -I../board -I../source -I../ -I../drivers -I../CMSIS -I../startup -I../utilities -I../amazon-freertos/FreeRTOS/portable -I../amazon-freertos/portable -I../amazon-freertos/include -I../board/src -O0 -fno-common -g -Wall -c  -ffunction-sections  -fdata-sections  -ffreestanding  -fno-builtin -mcpu=cortex-m4 -mfpu=fpv4-sp-d16 -mfloat-abi=hard -mthumb -D__REDLIB__ -specs=redlib.specs -MMD -MP -MF"amazon-freertos/FreeRTOS/timers.d" -MT"amazon-freertos/FreeRTOS/timers.o" -MT"amazon-freertos/FreeRTOS/timers.d" -o "amazon-freertos/FreeRTOS/timers.o" "../amazon-freertos/FreeRTOS/timers.c"
Building file: ../CMSIS/system_MKV31F51212.c
Invoking: MCU C Compiler
arm-none-eabi-gcc -std=gnu99 -D__REDLIB__ -DCPU_MKV31F512VLL12_cm4 -DCPU_MKV31F512VLL12 -DSDK_DEBUGCONSOLE=0 -DCR_INTEGER_PRINTF -DFRDM_KV31F -DFREEDOM -DFSL_RTOS_FREE_RTOS -D__MCUXPRESSO -D__USE_CMSIS -DDEBUG -I../board -I../source -I../ -I../drivers -I../CMSIS -I../startup -I../utilities -I../amazon-freertos/FreeRTOS/portable -I../amazon-freertos/portable -I../amazon-freertos/include -I../board/src -O0 -fno-common -g -Wall -c  -ffunction-sections  -fdata-sections  -ffreestanding  -fno-builtin -mcpu=cortex-m4 -mfpu=fpv4-sp-d16 -mfloat-abi=hard -mthumb -D__REDLIB__ -specs=redlib.specs -MMD -MP -MF"CMSIS/system_MKV31F51212.d" -MT"CMSIS/system_MKV31F51212.o" -MT"CMSIS/system_MKV31F51212.d" -o "CMSIS/system_MKV31F51212.o" "../CMSIS/system_MKV31F51212.c"
Finished building: ../amazon-freertos/FreeRTOS/list.c
Finished building: ../amazon-freertos/FreeRTOS/portable/port.c
Finished building: ../amazon-freertos/FreeRTOS/event_groups.c
 
 
 
Finished building: ../amazon-freertos/FreeRTOS/stream_buffer.c
Finished building: ../amazon-freertos/FreeRTOS/queue.c
 
 
Finished building: ../amazon-freertos/FreeRTOS/timers.c
 
Finished building: ../CMSIS/system_MKV31F51212.c
 
Finished building: ../amazon-freertos/FreeRTOS/tasks.c
 
Building target: frdmkv31f_freertos_sem.axf
Invoking: MCU Linker
arm-none-eabi-gcc -nostdlib -Xlinker -Map="frdmkv31f_freertos_sem.map" -Xlinker --gc-sections -Xlinker -print-memory-usage -Xlinker --sort-section=alignment -mcpu=cortex-m4 -mfpu=fpv4-sp-d16 -mfloat-abi=hard -mthumb -T frdmkv31f_freertos_sem_Debug.ld -o "frdmkv31f_freertos_sem.axf"  ./utilities/fsl_assert.o ./utilities/fsl_debug_console.o ./utilities/fsl_io.o ./utilities/fsl_log.o ./utilities/fsl_str.o  ./startup/startup_mkv31f51212.o  ./source/freertos_sem.o ./source/semihost_hardfault.o  ./drivers/fsl_clock.o ./drivers/fsl_common.o ./drivers/fsl_ftfx_cache.o ./drivers/fsl_ftfx_controller.o ./drivers/fsl_ftfx_flash.o ./drivers/fsl_ftfx_flexnvm.o ./drivers/fsl_gpio.o ./drivers/fsl_lpuart.o ./drivers/fsl_smc.o ./drivers/fsl_uart.o  ./board/src/board.o ./board/src/clock_config.o  ./board/peripherals.o ./board/pin_mux.o  ./amazon-freertos/portable/fsl_tickless_systick.o  ./amazon-freertos/FreeRTOS/portable/heap_4.o ./amazon-freertos/FreeRTOS/portable/port.o  ./amazon-freertos/FreeRTOS/event_groups.o ./amazon-freertos/FreeRTOS/list.o ./amazon-freertos/FreeRTOS/queue.o ./amazon-freertos/FreeRTOS/stream_buffer.o ./amazon-freertos/FreeRTOS/tasks.o ./amazon-freertos/FreeRTOS/timers.o  ./CMSIS/system_MKV31F51212.o   
Memory region         Used Size  Region Size  %age Used
   PROGRAM_FLASH:       27152 B       512 KB      5.18%
      SRAM_UPPER:       19104 B        64 KB     29.15%
      SRAM_LOWER:          0 GB        32 KB      0.00%
Finished building target: frdmkv31f_freertos_sem.axf
 
make --no-print-directory post-build
Performing post-build steps
arm-none-eabi-size "frdmkv31f_freertos_sem.axf"; # arm-none-eabi-objcopy -v -O binary "frdmkv31f_freertos_sem.axf" "frdmkv31f_freertos_sem.bin" ; # checksum -p MKV31F512xxx12 -d "frdmkv31f_freertos_sem.bin";
   text	   data	    bss	    dec	    hex	filename
  27136	     16	  19088	  46240	   b4a0	frdmkv31f_freertos_sem.axf
 

11:40:39 Build Finished (took 2s.605ms)

