10:01:32 **** Build of configuration Debug for project V15_RTOS_SR70_01 ****
make -r -j8 all 
Building file: ../utilities/fsl_debug_console.c
Building file: ../utilities/fsl_io.c
Building file: ../utilities/fsl_log.c
Building file: ../utilities/fsl_str.c
Building file: ../startup/startup_mkv31f51212.c
Building file: ../source/semihost_hardfault.c
Building file: ../source/V15_RTOS_SR70_01.c
Building file: ../drivers/fsl_adc16.c
Invoking: MCU C Compiler
Invoking: MCU C Compiler
Invoking: MCU C Compiler
Invoking: MCU C Compiler
Invoking: MCU C Compiler
arm-none-eabi-gcc -D__REDLIB__ -DFSL_RTOS_BM -DSDK_OS_BAREMETAL -DSDK_DEBUGCONSOLE=0 -DCR_INTEGER_PRINTF -DPRINTF_FLOAT_ENABLE=0 -DFSL_RTOS_FREE_RTOS -DSDK_OS_FREE_RTOS -DCPU_MKV31F512VLL12_cm4 -DCPU_MKV31F512VLL12 -D__MCUXPRESSO -D__USE_CMSIS -DDEBUG -I../board -I../source -I../ -I../amazon-freertos/FreeRTOS/portable -I../amazon-freertos/portable -I../amazon-freertos/include -I../drivers -I../CMSIS -I../utilities -I../startup -O0 -fno-common -g3 -Wall -c -ffunction-sections -fdata-sections -ffreestanding -fno-builtin -mcpu=cortex-m4 -mfpu=fpv4-sp-d16 -mfloat-abi=hard -mthumb -D__REDLIB__ -specs=redlib.specs -MMD -MP -MF"utilities/fsl_io.d" -MT"utilities/fsl_io.o" -MT"utilities/fsl_io.d" -o "utilities/fsl_io.o" "../utilities/fsl_io.c"
arm-none-eabi-gcc -D__REDLIB__ -DFSL_RTOS_BM -DSDK_OS_BAREMETAL -DSDK_DEBUGCONSOLE=0 -DCR_INTEGER_PRINTF -DPRINTF_FLOAT_ENABLE=0 -DFSL_RTOS_FREE_RTOS -DSDK_OS_FREE_RTOS -DCPU_MKV31F512VLL12_cm4 -DCPU_MKV31F512VLL12 -D__MCUXPRESSO -D__USE_CMSIS -DDEBUG -I../board -I../source -I../ -I../amazon-freertos/FreeRTOS/portable -I../amazon-freertos/portable -I../amazon-freertos/include -I../drivers -I../CMSIS -I../utilities -I../startup -O0 -fno-common -g3 -Wall -c -ffunction-sections -fdata-sections -ffreestanding -fno-builtin -mcpu=cortex-m4 -mfpu=fpv4-sp-d16 -mfloat-abi=hard -mthumb -D__REDLIB__ -specs=redlib.specs -MMD -MP -MF"utilities/fsl_debug_console.d" -MT"utilities/fsl_debug_console.o" -MT"utilities/fsl_debug_console.d" -o "utilities/fsl_debug_console.o" "../utilities/fsl_debug_console.c"
Invoking: MCU C Compiler
Invoking: MCU C Compiler
Invoking: MCU C Compiler
arm-none-eabi-gcc -D__REDLIB__ -DFSL_RTOS_BM -DSDK_OS_BAREMETAL -DSDK_DEBUGCONSOLE=0 -DCR_INTEGER_PRINTF -DPRINTF_FLOAT_ENABLE=0 -DFSL_RTOS_FREE_RTOS -DSDK_OS_FREE_RTOS -DCPU_MKV31F512VLL12_cm4 -DCPU_MKV31F512VLL12 -D__MCUXPRESSO -D__USE_CMSIS -DDEBUG -I../board -I../source -I../ -I../amazon-freertos/FreeRTOS/portable -I../amazon-freertos/portable -I../amazon-freertos/include -I../drivers -I../CMSIS -I../utilities -I../startup -O0 -fno-common -g3 -Wall -c -ffunction-sections -fdata-sections -ffreestanding -fno-builtin -mcpu=cortex-m4 -mfpu=fpv4-sp-d16 -mfloat-abi=hard -mthumb -D__REDLIB__ -specs=redlib.specs -MMD -MP -MF"utilities/fsl_str.d" -MT"utilities/fsl_str.o" -MT"utilities/fsl_str.d" -o "utilities/fsl_str.o" "../utilities/fsl_str.c"
arm-none-eabi-gcc -D__REDLIB__ -DFSL_RTOS_BM -DSDK_OS_BAREMETAL -DSDK_DEBUGCONSOLE=0 -DCR_INTEGER_PRINTF -DPRINTF_FLOAT_ENABLE=0 -DFSL_RTOS_FREE_RTOS -DSDK_OS_FREE_RTOS -DCPU_MKV31F512VLL12_cm4 -DCPU_MKV31F512VLL12 -D__MCUXPRESSO -D__USE_CMSIS -DDEBUG -I../board -I../source -I../ -I../amazon-freertos/FreeRTOS/portable -I../amazon-freertos/portable -I../amazon-freertos/include -I../drivers -I../CMSIS -I../utilities -I../startup -O0 -fno-common -g3 -Wall -c -ffunction-sections -fdata-sections -ffreestanding -fno-builtin -mcpu=cortex-m4 -mfpu=fpv4-sp-d16 -mfloat-abi=hard -mthumb -D__REDLIB__ -specs=redlib.specs -MMD -MP -MF"startup/startup_mkv31f51212.d" -MT"startup/startup_mkv31f51212.o" -MT"startup/startup_mkv31f51212.d" -o "startup/startup_mkv31f51212.o" "../startup/startup_mkv31f51212.c"
arm-none-eabi-gcc -D__REDLIB__ -DFSL_RTOS_BM -DSDK_OS_BAREMETAL -DSDK_DEBUGCONSOLE=0 -DCR_INTEGER_PRINTF -DPRINTF_FLOAT_ENABLE=0 -DFSL_RTOS_FREE_RTOS -DSDK_OS_FREE_RTOS -DCPU_MKV31F512VLL12_cm4 -DCPU_MKV31F512VLL12 -D__MCUXPRESSO -D__USE_CMSIS -DDEBUG -I../board -I../source -I../ -I../amazon-freertos/FreeRTOS/portable -I../amazon-freertos/portable -I../amazon-freertos/include -I../drivers -I../CMSIS -I../utilities -I../startup -O0 -fno-common -g3 -Wall -c -ffunction-sections -fdata-sections -ffreestanding -fno-builtin -mcpu=cortex-m4 -mfpu=fpv4-sp-d16 -mfloat-abi=hard -mthumb -D__REDLIB__ -specs=redlib.specs -MMD -MP -MF"source/V15_RTOS_SR70_01.d" -MT"source/V15_RTOS_SR70_01.o" -MT"source/V15_RTOS_SR70_01.d" -o "source/V15_RTOS_SR70_01.o" "../source/V15_RTOS_SR70_01.c"
arm-none-eabi-gcc -D__REDLIB__ -DFSL_RTOS_BM -DSDK_OS_BAREMETAL -DSDK_DEBUGCONSOLE=0 -DCR_INTEGER_PRINTF -DPRINTF_FLOAT_ENABLE=0 -DFSL_RTOS_FREE_RTOS -DSDK_OS_FREE_RTOS -DCPU_MKV31F512VLL12_cm4 -DCPU_MKV31F512VLL12 -D__MCUXPRESSO -D__USE_CMSIS -DDEBUG -I../board -I../source -I../ -I../amazon-freertos/FreeRTOS/portable -I../amazon-freertos/portable -I../amazon-freertos/include -I../drivers -I../CMSIS -I../utilities -I../startup -O0 -fno-common -g3 -Wall -c -ffunction-sections -fdata-sections -ffreestanding -fno-builtin -mcpu=cortex-m4 -mfpu=fpv4-sp-d16 -mfloat-abi=hard -mthumb -D__REDLIB__ -specs=redlib.specs -MMD -MP -MF"source/semihost_hardfault.d" -MT"source/semihost_hardfault.o" -MT"source/semihost_hardfault.d" -o "source/semihost_hardfault.o" "../source/semihost_hardfault.c"
arm-none-eabi-gcc -D__REDLIB__ -DFSL_RTOS_BM -DSDK_OS_BAREMETAL -DSDK_DEBUGCONSOLE=0 -DCR_INTEGER_PRINTF -DPRINTF_FLOAT_ENABLE=0 -DFSL_RTOS_FREE_RTOS -DSDK_OS_FREE_RTOS -DCPU_MKV31F512VLL12_cm4 -DCPU_MKV31F512VLL12 -D__MCUXPRESSO -D__USE_CMSIS -DDEBUG -I../board -I../source -I../ -I../amazon-freertos/FreeRTOS/portable -I../amazon-freertos/portable -I../amazon-freertos/include -I../drivers -I../CMSIS -I../utilities -I../startup -O0 -fno-common -g3 -Wall -c -ffunction-sections -fdata-sections -ffreestanding -fno-builtin -mcpu=cortex-m4 -mfpu=fpv4-sp-d16 -mfloat-abi=hard -mthumb -D__REDLIB__ -specs=redlib.specs -MMD -MP -MF"drivers/fsl_adc16.d" -MT"drivers/fsl_adc16.o" -MT"drivers/fsl_adc16.d" -o "drivers/fsl_adc16.o" "../drivers/fsl_adc16.c"
arm-none-eabi-gcc -D__REDLIB__ -DFSL_RTOS_BM -DSDK_OS_BAREMETAL -DSDK_DEBUGCONSOLE=0 -DCR_INTEGER_PRINTF -DPRINTF_FLOAT_ENABLE=0 -DFSL_RTOS_FREE_RTOS -DSDK_OS_FREE_RTOS -DCPU_MKV31F512VLL12_cm4 -DCPU_MKV31F512VLL12 -D__MCUXPRESSO -D__USE_CMSIS -DDEBUG -I../board -I../source -I../ -I../amazon-freertos/FreeRTOS/portable -I../amazon-freertos/portable -I../amazon-freertos/include -I../drivers -I../CMSIS -I../utilities -I../startup -O0 -fno-common -g3 -Wall -c -ffunction-sections -fdata-sections -ffreestanding -fno-builtin -mcpu=cortex-m4 -mfpu=fpv4-sp-d16 -mfloat-abi=hard -mthumb -D__REDLIB__ -specs=redlib.specs -MMD -MP -MF"utilities/fsl_log.d" -MT"utilities/fsl_log.o" -MT"utilities/fsl_log.d" -o "utilities/fsl_log.o" "../utilities/fsl_log.c"
Finished building: ../source/semihost_hardfault.c
 
Building file: ../drivers/fsl_clock.c
Invoking: MCU C Compiler
arm-none-eabi-gcc -D__REDLIB__ -DFSL_RTOS_BM -DSDK_OS_BAREMETAL -DSDK_DEBUGCONSOLE=0 -DCR_INTEGER_PRINTF -DPRINTF_FLOAT_ENABLE=0 -DFSL_RTOS_FREE_RTOS -DSDK_OS_FREE_RTOS -DCPU_MKV31F512VLL12_cm4 -DCPU_MKV31F512VLL12 -D__MCUXPRESSO -D__USE_CMSIS -DDEBUG -I../board -I../source -I../ -I../amazon-freertos/FreeRTOS/portable -I../amazon-freertos/portable -I../amazon-freertos/include -I../drivers -I../CMSIS -I../utilities -I../startup -O0 -fno-common -g3 -Wall -c -ffunction-sections -fdata-sections -ffreestanding -fno-builtin -mcpu=cortex-m4 -mfpu=fpv4-sp-d16 -mfloat-abi=hard -mthumb -D__REDLIB__ -specs=redlib.specs -MMD -MP -MF"drivers/fsl_clock.d" -MT"drivers/fsl_clock.o" -MT"drivers/fsl_clock.d" -o "drivers/fsl_clock.o" "../drivers/fsl_clock.c"
Finished building: ../utilities/fsl_io.c
Finished building: ../utilities/fsl_debug_console.c
 
 
Finished building: ../source/V15_RTOS_SR70_01.c
Building file: ../drivers/fsl_common.c
 
Building file: ../drivers/fsl_ftfx_cache.c
Finished building: ../drivers/fsl_adc16.c
Finished building: ../utilities/fsl_log.c
Invoking: MCU C Compiler
Invoking: MCU C Compiler
Finished building: ../utilities/fsl_str.c
Building file: ../drivers/fsl_ftfx_controller.c
arm-none-eabi-gcc -D__REDLIB__ -DFSL_RTOS_BM -DSDK_OS_BAREMETAL -DSDK_DEBUGCONSOLE=0 -DCR_INTEGER_PRINTF -DPRINTF_FLOAT_ENABLE=0 -DFSL_RTOS_FREE_RTOS -DSDK_OS_FREE_RTOS -DCPU_MKV31F512VLL12_cm4 -DCPU_MKV31F512VLL12 -D__MCUXPRESSO -D__USE_CMSIS -DDEBUG -I../board -I../source -I../ -I../amazon-freertos/FreeRTOS/portable -I../amazon-freertos/portable -I../amazon-freertos/include -I../drivers -I../CMSIS -I../utilities -I../startup -O0 -fno-common -g3 -Wall -c -ffunction-sections -fdata-sections -ffreestanding -fno-builtin -mcpu=cortex-m4 -mfpu=fpv4-sp-d16 -mfloat-abi=hard -mthumb -D__REDLIB__ -specs=redlib.specs -MMD -MP -MF"drivers/fsl_ftfx_cache.d" -MT"drivers/fsl_ftfx_cache.o" -MT"drivers/fsl_ftfx_cache.d" -o "drivers/fsl_ftfx_cache.o" "../drivers/fsl_ftfx_cache.c"
arm-none-eabi-gcc -D__REDLIB__ -DFSL_RTOS_BM -DSDK_OS_BAREMETAL -DSDK_DEBUGCONSOLE=0 -DCR_INTEGER_PRINTF -DPRINTF_FLOAT_ENABLE=0 -DFSL_RTOS_FREE_RTOS -DSDK_OS_FREE_RTOS -DCPU_MKV31F512VLL12_cm4 -DCPU_MKV31F512VLL12 -D__MCUXPRESSO -D__USE_CMSIS -DDEBUG -I../board -I../source -I../ -I../amazon-freertos/FreeRTOS/portable -I../amazon-freertos/portable -I../amazon-freertos/include -I../drivers -I../CMSIS -I../utilities -I../startup -O0 -fno-common -g3 -Wall -c -ffunction-sections -fdata-sections -ffreestanding -fno-builtin -mcpu=cortex-m4 -mfpu=fpv4-sp-d16 -mfloat-abi=hard -mthumb -D__REDLIB__ -specs=redlib.specs -MMD -MP -MF"drivers/fsl_common.d" -MT"drivers/fsl_common.o" -MT"drivers/fsl_common.d" -o "drivers/fsl_common.o" "../drivers/fsl_common.c"
 
 
Finished building: ../startup/startup_mkv31f51212.c
 
Building file: ../drivers/fsl_ftfx_flexnvm.c
Invoking: MCU C Compiler
Building file: ../drivers/fsl_ftfx_flash.c
arm-none-eabi-gcc -D__REDLIB__ -DFSL_RTOS_BM -DSDK_OS_BAREMETAL -DSDK_DEBUGCONSOLE=0 -DCR_INTEGER_PRINTF -DPRINTF_FLOAT_ENABLE=0 -DFSL_RTOS_FREE_RTOS -DSDK_OS_FREE_RTOS -DCPU_MKV31F512VLL12_cm4 -DCPU_MKV31F512VLL12 -D__MCUXPRESSO -D__USE_CMSIS -DDEBUG -I../board -I../source -I../ -I../amazon-freertos/FreeRTOS/portable -I../amazon-freertos/portable -I../amazon-freertos/include -I../drivers -I../CMSIS -I../utilities -I../startup -O0 -fno-common -g3 -Wall -c -ffunction-sections -fdata-sections -ffreestanding -fno-builtin -mcpu=cortex-m4 -mfpu=fpv4-sp-d16 -mfloat-abi=hard -mthumb -D__REDLIB__ -specs=redlib.specs -MMD -MP -MF"drivers/fsl_ftfx_controller.d" -MT"drivers/fsl_ftfx_controller.o" -MT"drivers/fsl_ftfx_controller.d" -o "drivers/fsl_ftfx_controller.o" "../drivers/fsl_ftfx_controller.c"
 
Building file: ../drivers/fsl_ftm.c
Invoking: MCU C Compiler
Invoking: MCU C Compiler
arm-none-eabi-gcc -D__REDLIB__ -DFSL_RTOS_BM -DSDK_OS_BAREMETAL -DSDK_DEBUGCONSOLE=0 -DCR_INTEGER_PRINTF -DPRINTF_FLOAT_ENABLE=0 -DFSL_RTOS_FREE_RTOS -DSDK_OS_FREE_RTOS -DCPU_MKV31F512VLL12_cm4 -DCPU_MKV31F512VLL12 -D__MCUXPRESSO -D__USE_CMSIS -DDEBUG -I../board -I../source -I../ -I../amazon-freertos/FreeRTOS/portable -I../amazon-freertos/portable -I../amazon-freertos/include -I../drivers -I../CMSIS -I../utilities -I../startup -O0 -fno-common -g3 -Wall -c -ffunction-sections -fdata-sections -ffreestanding -fno-builtin -mcpu=cortex-m4 -mfpu=fpv4-sp-d16 -mfloat-abi=hard -mthumb -D__REDLIB__ -specs=redlib.specs -MMD -MP -MF"drivers/fsl_ftfx_flash.d" -MT"drivers/fsl_ftfx_flash.o" -MT"drivers/fsl_ftfx_flash.d" -o "drivers/fsl_ftfx_flash.o" "../drivers/fsl_ftfx_flash.c"
arm-none-eabi-gcc -D__REDLIB__ -DFSL_RTOS_BM -DSDK_OS_BAREMETAL -DSDK_DEBUGCONSOLE=0 -DCR_INTEGER_PRINTF -DPRINTF_FLOAT_ENABLE=0 -DFSL_RTOS_FREE_RTOS -DSDK_OS_FREE_RTOS -DCPU_MKV31F512VLL12_cm4 -DCPU_MKV31F512VLL12 -D__MCUXPRESSO -D__USE_CMSIS -DDEBUG -I../board -I../source -I../ -I../amazon-freertos/FreeRTOS/portable -I../amazon-freertos/portable -I../amazon-freertos/include -I../drivers -I../CMSIS -I../utilities -I../startup -O0 -fno-common -g3 -Wall -c -ffunction-sections -fdata-sections -ffreestanding -fno-builtin -mcpu=cortex-m4 -mfpu=fpv4-sp-d16 -mfloat-abi=hard -mthumb -D__REDLIB__ -specs=redlib.specs -MMD -MP -MF"drivers/fsl_ftfx_flexnvm.d" -MT"drivers/fsl_ftfx_flexnvm.o" -MT"drivers/fsl_ftfx_flexnvm.d" -o "drivers/fsl_ftfx_flexnvm.o" "../drivers/fsl_ftfx_flexnvm.c"
Building file: ../drivers/fsl_gpio.c
Invoking: MCU C Compiler
arm-none-eabi-gcc -D__REDLIB__ -DFSL_RTOS_BM -DSDK_OS_BAREMETAL -DSDK_DEBUGCONSOLE=0 -DCR_INTEGER_PRINTF -DPRINTF_FLOAT_ENABLE=0 -DFSL_RTOS_FREE_RTOS -DSDK_OS_FREE_RTOS -DCPU_MKV31F512VLL12_cm4 -DCPU_MKV31F512VLL12 -D__MCUXPRESSO -D__USE_CMSIS -DDEBUG -I../board -I../source -I../ -I../amazon-freertos/FreeRTOS/portable -I../amazon-freertos/portable -I../amazon-freertos/include -I../drivers -I../CMSIS -I../utilities -I../startup -O0 -fno-common -g3 -Wall -c -ffunction-sections -fdata-sections -ffreestanding -fno-builtin -mcpu=cortex-m4 -mfpu=fpv4-sp-d16 -mfloat-abi=hard -mthumb -D__REDLIB__ -specs=redlib.specs -MMD -MP -MF"drivers/fsl_ftm.d" -MT"drivers/fsl_ftm.o" -MT"drivers/fsl_ftm.d" -o "drivers/fsl_ftm.o" "../drivers/fsl_ftm.c"
Invoking: MCU C Compiler
arm-none-eabi-gcc -D__REDLIB__ -DFSL_RTOS_BM -DSDK_OS_BAREMETAL -DSDK_DEBUGCONSOLE=0 -DCR_INTEGER_PRINTF -DPRINTF_FLOAT_ENABLE=0 -DFSL_RTOS_FREE_RTOS -DSDK_OS_FREE_RTOS -DCPU_MKV31F512VLL12_cm4 -DCPU_MKV31F512VLL12 -D__MCUXPRESSO -D__USE_CMSIS -DDEBUG -I../board -I../source -I../ -I../amazon-freertos/FreeRTOS/portable -I../amazon-freertos/portable -I../amazon-freertos/include -I../drivers -I../CMSIS -I../utilities -I../startup -O0 -fno-common -g3 -Wall -c -ffunction-sections -fdata-sections -ffreestanding -fno-builtin -mcpu=cortex-m4 -mfpu=fpv4-sp-d16 -mfloat-abi=hard -mthumb -D__REDLIB__ -specs=redlib.specs -MMD -MP -MF"drivers/fsl_gpio.d" -MT"drivers/fsl_gpio.o" -MT"drivers/fsl_gpio.d" -o "drivers/fsl_gpio.o" "../drivers/fsl_gpio.c"
Finished building: ../drivers/fsl_ftfx_cache.c
Finished building: ../drivers/fsl_clock.c
 
 
Finished building: ../drivers/fsl_common.c
Building file: ../drivers/fsl_i2c.c
Building file: ../drivers/fsl_lpuart.c
 
Finished building: ../drivers/fsl_ftfx_flexnvm.c
Invoking: MCU C Compiler
arm-none-eabi-gcc -D__REDLIB__ -DFSL_RTOS_BM -DSDK_OS_BAREMETAL -DSDK_DEBUGCONSOLE=0 -DCR_INTEGER_PRINTF -DPRINTF_FLOAT_ENABLE=0 -DFSL_RTOS_FREE_RTOS -DSDK_OS_FREE_RTOS -DCPU_MKV31F512VLL12_cm4 -DCPU_MKV31F512VLL12 -D__MCUXPRESSO -D__USE_CMSIS -DDEBUG -I../board -I../source -I../ -I../amazon-freertos/FreeRTOS/portable -I../amazon-freertos/portable -I../amazon-freertos/include -I../drivers -I../CMSIS -I../utilities -I../startup -O0 -fno-common -g3 -Wall -c -ffunction-sections -fdata-sections -ffreestanding -fno-builtin -mcpu=cortex-m4 -mfpu=fpv4-sp-d16 -mfloat-abi=hard -mthumb -D__REDLIB__ -specs=redlib.specs -MMD -MP -MF"drivers/fsl_i2c.d" -MT"drivers/fsl_i2c.o" -MT"drivers/fsl_i2c.d" -o "drivers/fsl_i2c.o" "../drivers/fsl_i2c.c"
Invoking: MCU C Compiler
 
Building file: ../drivers/fsl_smc.c
arm-none-eabi-gcc -D__REDLIB__ -DFSL_RTOS_BM -DSDK_OS_BAREMETAL -DSDK_DEBUGCONSOLE=0 -DCR_INTEGER_PRINTF -DPRINTF_FLOAT_ENABLE=0 -DFSL_RTOS_FREE_RTOS -DSDK_OS_FREE_RTOS -DCPU_MKV31F512VLL12_cm4 -DCPU_MKV31F512VLL12 -D__MCUXPRESSO -D__USE_CMSIS -DDEBUG -I../board -I../source -I../ -I../amazon-freertos/FreeRTOS/portable -I../amazon-freertos/portable -I../amazon-freertos/include -I../drivers -I../CMSIS -I../utilities -I../startup -O0 -fno-common -g3 -Wall -c -ffunction-sections -fdata-sections -ffreestanding -fno-builtin -mcpu=cortex-m4 -mfpu=fpv4-sp-d16 -mfloat-abi=hard -mthumb -D__REDLIB__ -specs=redlib.specs -MMD -MP -MF"drivers/fsl_lpuart.d" -MT"drivers/fsl_lpuart.o" -MT"drivers/fsl_lpuart.d" -o "drivers/fsl_lpuart.o" "../drivers/fsl_lpuart.c"
Invoking: MCU C Compiler
Building file: ../drivers/fsl_uart.c
arm-none-eabi-gcc -D__REDLIB__ -DFSL_RTOS_BM -DSDK_OS_BAREMETAL -DSDK_DEBUGCONSOLE=0 -DCR_INTEGER_PRINTF -DPRINTF_FLOAT_ENABLE=0 -DFSL_RTOS_FREE_RTOS -DSDK_OS_FREE_RTOS -DCPU_MKV31F512VLL12_cm4 -DCPU_MKV31F512VLL12 -D__MCUXPRESSO -D__USE_CMSIS -DDEBUG -I../board -I../source -I../ -I../amazon-freertos/FreeRTOS/portable -I../amazon-freertos/portable -I../amazon-freertos/include -I../drivers -I../CMSIS -I../utilities -I../startup -O0 -fno-common -g3 -Wall -c -ffunction-sections -fdata-sections -ffreestanding -fno-builtin -mcpu=cortex-m4 -mfpu=fpv4-sp-d16 -mfloat-abi=hard -mthumb -D__REDLIB__ -specs=redlib.specs -MMD -MP -MF"drivers/fsl_smc.d" -MT"drivers/fsl_smc.o" -MT"drivers/fsl_smc.d" -o "drivers/fsl_smc.o" "../drivers/fsl_smc.c"
Finished building: ../drivers/fsl_ftfx_flash.c
Invoking: MCU C Compiler
Finished building: ../drivers/fsl_ftfx_controller.c
arm-none-eabi-gcc -D__REDLIB__ -DFSL_RTOS_BM -DSDK_OS_BAREMETAL -DSDK_DEBUGCONSOLE=0 -DCR_INTEGER_PRINTF -DPRINTF_FLOAT_ENABLE=0 -DFSL_RTOS_FREE_RTOS -DSDK_OS_FREE_RTOS -DCPU_MKV31F512VLL12_cm4 -DCPU_MKV31F512VLL12 -D__MCUXPRESSO -D__USE_CMSIS -DDEBUG -I../board -I../source -I../ -I../amazon-freertos/FreeRTOS/portable -I../amazon-freertos/portable -I../amazon-freertos/include -I../drivers -I../CMSIS -I../utilities -I../startup -O0 -fno-common -g3 -Wall -c -ffunction-sections -fdata-sections -ffreestanding -fno-builtin -mcpu=cortex-m4 -mfpu=fpv4-sp-d16 -mfloat-abi=hard -mthumb -D__REDLIB__ -specs=redlib.specs -MMD -MP -MF"drivers/fsl_uart.d" -MT"drivers/fsl_uart.o" -MT"drivers/fsl_uart.d" -o "drivers/fsl_uart.o" "../drivers/fsl_uart.c"
 
 
Finished building: ../drivers/fsl_ftm.c
Finished building: ../drivers/fsl_gpio.c
Building file: ../board/board.c
 
 
Building file: ../board/clock_config.c
Invoking: MCU C Compiler
Building file: ../board/peripherals.c
arm-none-eabi-gcc -D__REDLIB__ -DFSL_RTOS_BM -DSDK_OS_BAREMETAL -DSDK_DEBUGCONSOLE=0 -DCR_INTEGER_PRINTF -DPRINTF_FLOAT_ENABLE=0 -DFSL_RTOS_FREE_RTOS -DSDK_OS_FREE_RTOS -DCPU_MKV31F512VLL12_cm4 -DCPU_MKV31F512VLL12 -D__MCUXPRESSO -D__USE_CMSIS -DDEBUG -I../board -I../source -I../ -I../amazon-freertos/FreeRTOS/portable -I../amazon-freertos/portable -I../amazon-freertos/include -I../drivers -I../CMSIS -I../utilities -I../startup -O0 -fno-common -g3 -Wall -c -ffunction-sections -fdata-sections -ffreestanding -fno-builtin -mcpu=cortex-m4 -mfpu=fpv4-sp-d16 -mfloat-abi=hard -mthumb -D__REDLIB__ -specs=redlib.specs -MMD -MP -MF"board/board.d" -MT"board/board.o" -MT"board/board.d" -o "board/board.o" "../board/board.c"
Building file: ../board/pin_mux.c
Invoking: MCU C Compiler
Invoking: MCU C Compiler
arm-none-eabi-gcc -D__REDLIB__ -DFSL_RTOS_BM -DSDK_OS_BAREMETAL -DSDK_DEBUGCONSOLE=0 -DCR_INTEGER_PRINTF -DPRINTF_FLOAT_ENABLE=0 -DFSL_RTOS_FREE_RTOS -DSDK_OS_FREE_RTOS -DCPU_MKV31F512VLL12_cm4 -DCPU_MKV31F512VLL12 -D__MCUXPRESSO -D__USE_CMSIS -DDEBUG -I../board -I../source -I../ -I../amazon-freertos/FreeRTOS/portable -I../amazon-freertos/portable -I../amazon-freertos/include -I../drivers -I../CMSIS -I../utilities -I../startup -O0 -fno-common -g3 -Wall -c -ffunction-sections -fdata-sections -ffreestanding -fno-builtin -mcpu=cortex-m4 -mfpu=fpv4-sp-d16 -mfloat-abi=hard -mthumb -D__REDLIB__ -specs=redlib.specs -MMD -MP -MF"board/peripherals.d" -MT"board/peripherals.o" -MT"board/peripherals.d" -o "board/peripherals.o" "../board/peripherals.c"
arm-none-eabi-gcc -D__REDLIB__ -DFSL_RTOS_BM -DSDK_OS_BAREMETAL -DSDK_DEBUGCONSOLE=0 -DCR_INTEGER_PRINTF -DPRINTF_FLOAT_ENABLE=0 -DFSL_RTOS_FREE_RTOS -DSDK_OS_FREE_RTOS -DCPU_MKV31F512VLL12_cm4 -DCPU_MKV31F512VLL12 -D__MCUXPRESSO -D__USE_CMSIS -DDEBUG -I../board -I../source -I../ -I../amazon-freertos/FreeRTOS/portable -I../amazon-freertos/portable -I../amazon-freertos/include -I../drivers -I../CMSIS -I../utilities -I../startup -O0 -fno-common -g3 -Wall -c -ffunction-sections -fdata-sections -ffreestanding -fno-builtin -mcpu=cortex-m4 -mfpu=fpv4-sp-d16 -mfloat-abi=hard -mthumb -D__REDLIB__ -specs=redlib.specs -MMD -MP -MF"board/clock_config.d" -MT"board/clock_config.o" -MT"board/clock_config.d" -o "board/clock_config.o" "../board/clock_config.c"
Invoking: MCU C Compiler
arm-none-eabi-gcc -D__REDLIB__ -DFSL_RTOS_BM -DSDK_OS_BAREMETAL -DSDK_DEBUGCONSOLE=0 -DCR_INTEGER_PRINTF -DPRINTF_FLOAT_ENABLE=0 -DFSL_RTOS_FREE_RTOS -DSDK_OS_FREE_RTOS -DCPU_MKV31F512VLL12_cm4 -DCPU_MKV31F512VLL12 -D__MCUXPRESSO -D__USE_CMSIS -DDEBUG -I../board -I../source -I../ -I../amazon-freertos/FreeRTOS/portable -I../amazon-freertos/portable -I../amazon-freertos/include -I../drivers -I../CMSIS -I../utilities -I../startup -O0 -fno-common -g3 -Wall -c -ffunction-sections -fdata-sections -ffreestanding -fno-builtin -mcpu=cortex-m4 -mfpu=fpv4-sp-d16 -mfloat-abi=hard -mthumb -D__REDLIB__ -specs=redlib.specs -MMD -MP -MF"board/pin_mux.d" -MT"board/pin_mux.o" -MT"board/pin_mux.d" -o "board/pin_mux.o" "../board/pin_mux.c"
Finished building: ../drivers/fsl_lpuart.c
Finished building: ../drivers/fsl_smc.c
Finished building: ../board/board.c
 
Finished building: ../drivers/fsl_i2c.c
 
Finished building: ../board/peripherals.c
Finished building: ../board/clock_config.c
 
Building file: ../amazon-freertos/portable/fsl_tickless_systick.c
Finished building: ../drivers/fsl_uart.c
 
Building file: ../amazon-freertos/portable/heap_4.c
 
Building file: ../amazon-freertos/FreeRTOS/portable/port.c
 
Invoking: MCU C Compiler
arm-none-eabi-gcc -D__REDLIB__ -DFSL_RTOS_BM -DSDK_OS_BAREMETAL -DSDK_DEBUGCONSOLE=0 -DCR_INTEGER_PRINTF -DPRINTF_FLOAT_ENABLE=0 -DFSL_RTOS_FREE_RTOS -DSDK_OS_FREE_RTOS -DCPU_MKV31F512VLL12_cm4 -DCPU_MKV31F512VLL12 -D__MCUXPRESSO -D__USE_CMSIS -DDEBUG -I../board -I../source -I../ -I../amazon-freertos/FreeRTOS/portable -I../amazon-freertos/portable -I../amazon-freertos/include -I../drivers -I../CMSIS -I../utilities -I../startup -O0 -fno-common -g3 -Wall -c -ffunction-sections -fdata-sections -ffreestanding -fno-builtin -mcpu=cortex-m4 -mfpu=fpv4-sp-d16 -mfloat-abi=hard -mthumb -D__REDLIB__ -specs=redlib.specs -MMD -MP -MF"amazon-freertos/portable/fsl_tickless_systick.d" -MT"amazon-freertos/portable/fsl_tickless_systick.o" -MT"amazon-freertos/portable/fsl_tickless_systick.d" -o "amazon-freertos/portable/fsl_tickless_systick.o" "../amazon-freertos/portable/fsl_tickless_systick.c"
Building file: ../amazon-freertos/FreeRTOS/event_groups.c
 
Building file: ../amazon-freertos/FreeRTOS/list.c
Invoking: MCU C Compiler
Finished building: ../board/pin_mux.c
Building file: ../amazon-freertos/FreeRTOS/queue.c
Invoking: MCU C Compiler
arm-none-eabi-gcc -D__REDLIB__ -DFSL_RTOS_BM -DSDK_OS_BAREMETAL -DSDK_DEBUGCONSOLE=0 -DCR_INTEGER_PRINTF -DPRINTF_FLOAT_ENABLE=0 -DFSL_RTOS_FREE_RTOS -DSDK_OS_FREE_RTOS -DCPU_MKV31F512VLL12_cm4 -DCPU_MKV31F512VLL12 -D__MCUXPRESSO -D__USE_CMSIS -DDEBUG -I../board -I../source -I../ -I../amazon-freertos/FreeRTOS/portable -I../amazon-freertos/portable -I../amazon-freertos/include -I../drivers -I../CMSIS -I../utilities -I../startup -O0 -fno-common -g3 -Wall -c -ffunction-sections -fdata-sections -ffreestanding -fno-builtin -mcpu=cortex-m4 -mfpu=fpv4-sp-d16 -mfloat-abi=hard -mthumb -D__REDLIB__ -specs=redlib.specs -MMD -MP -MF"amazon-freertos/portable/heap_4.d" -MT"amazon-freertos/portable/heap_4.o" -MT"amazon-freertos/portable/heap_4.d" -o "amazon-freertos/portable/heap_4.o" "../amazon-freertos/portable/heap_4.c"
arm-none-eabi-gcc -D__REDLIB__ -DFSL_RTOS_BM -DSDK_OS_BAREMETAL -DSDK_DEBUGCONSOLE=0 -DCR_INTEGER_PRINTF -DPRINTF_FLOAT_ENABLE=0 -DFSL_RTOS_FREE_RTOS -DSDK_OS_FREE_RTOS -DCPU_MKV31F512VLL12_cm4 -DCPU_MKV31F512VLL12 -D__MCUXPRESSO -D__USE_CMSIS -DDEBUG -I../board -I../source -I../ -I../amazon-freertos/FreeRTOS/portable -I../amazon-freertos/portable -I../amazon-freertos/include -I../drivers -I../CMSIS -I../utilities -I../startup -O0 -fno-common -g3 -Wall -c -ffunction-sections -fdata-sections -ffreestanding -fno-builtin -mcpu=cortex-m4 -mfpu=fpv4-sp-d16 -mfloat-abi=hard -mthumb -D__REDLIB__ -specs=redlib.specs -MMD -MP -MF"amazon-freertos/FreeRTOS/portable/port.d" -MT"amazon-freertos/FreeRTOS/portable/port.o" -MT"amazon-freertos/FreeRTOS/portable/port.d" -o "amazon-freertos/FreeRTOS/portable/port.o" "../amazon-freertos/FreeRTOS/portable/port.c"
Building file: ../amazon-freertos/FreeRTOS/stream_buffer.c
Invoking: MCU C Compiler
Invoking: MCU C Compiler
 
arm-none-eabi-gcc -D__REDLIB__ -DFSL_RTOS_BM -DSDK_OS_BAREMETAL -DSDK_DEBUGCONSOLE=0 -DCR_INTEGER_PRINTF -DPRINTF_FLOAT_ENABLE=0 -DFSL_RTOS_FREE_RTOS -DSDK_OS_FREE_RTOS -DCPU_MKV31F512VLL12_cm4 -DCPU_MKV31F512VLL12 -D__MCUXPRESSO -D__USE_CMSIS -DDEBUG -I../board -I../source -I../ -I../amazon-freertos/FreeRTOS/portable -I../amazon-freertos/portable -I../amazon-freertos/include -I../drivers -I../CMSIS -I../utilities -I../startup -O0 -fno-common -g3 -Wall -c -ffunction-sections -fdata-sections -ffreestanding -fno-builtin -mcpu=cortex-m4 -mfpu=fpv4-sp-d16 -mfloat-abi=hard -mthumb -D__REDLIB__ -specs=redlib.specs -MMD -MP -MF"amazon-freertos/FreeRTOS/list.d" -MT"amazon-freertos/FreeRTOS/list.o" -MT"amazon-freertos/FreeRTOS/list.d" -o "amazon-freertos/FreeRTOS/list.o" "../amazon-freertos/FreeRTOS/list.c"
arm-none-eabi-gcc -D__REDLIB__ -DFSL_RTOS_BM -DSDK_OS_BAREMETAL -DSDK_DEBUGCONSOLE=0 -DCR_INTEGER_PRINTF -DPRINTF_FLOAT_ENABLE=0 -DFSL_RTOS_FREE_RTOS -DSDK_OS_FREE_RTOS -DCPU_MKV31F512VLL12_cm4 -DCPU_MKV31F512VLL12 -D__MCUXPRESSO -D__USE_CMSIS -DDEBUG -I../board -I../source -I../ -I../amazon-freertos/FreeRTOS/portable -I../amazon-freertos/portable -I../amazon-freertos/include -I../drivers -I../CMSIS -I../utilities -I../startup -O0 -fno-common -g3 -Wall -c -ffunction-sections -fdata-sections -ffreestanding -fno-builtin -mcpu=cortex-m4 -mfpu=fpv4-sp-d16 -mfloat-abi=hard -mthumb -D__REDLIB__ -specs=redlib.specs -MMD -MP -MF"amazon-freertos/FreeRTOS/event_groups.d" -MT"amazon-freertos/FreeRTOS/event_groups.o" -MT"amazon-freertos/FreeRTOS/event_groups.d" -o "amazon-freertos/FreeRTOS/event_groups.o" "../amazon-freertos/FreeRTOS/event_groups.c"
Invoking: MCU C Compiler
arm-none-eabi-gcc -D__REDLIB__ -DFSL_RTOS_BM -DSDK_OS_BAREMETAL -DSDK_DEBUGCONSOLE=0 -DCR_INTEGER_PRINTF -DPRINTF_FLOAT_ENABLE=0 -DFSL_RTOS_FREE_RTOS -DSDK_OS_FREE_RTOS -DCPU_MKV31F512VLL12_cm4 -DCPU_MKV31F512VLL12 -D__MCUXPRESSO -D__USE_CMSIS -DDEBUG -I../board -I../source -I../ -I../amazon-freertos/FreeRTOS/portable -I../amazon-freertos/portable -I../amazon-freertos/include -I../drivers -I../CMSIS -I../utilities -I../startup -O0 -fno-common -g3 -Wall -c -ffunction-sections -fdata-sections -ffreestanding -fno-builtin -mcpu=cortex-m4 -mfpu=fpv4-sp-d16 -mfloat-abi=hard -mthumb -D__REDLIB__ -specs=redlib.specs -MMD -MP -MF"amazon-freertos/FreeRTOS/queue.d" -MT"amazon-freertos/FreeRTOS/queue.o" -MT"amazon-freertos/FreeRTOS/queue.d" -o "amazon-freertos/FreeRTOS/queue.o" "../amazon-freertos/FreeRTOS/queue.c"
Building file: ../amazon-freertos/FreeRTOS/tasks.c
Invoking: MCU C Compiler
arm-none-eabi-gcc -D__REDLIB__ -DFSL_RTOS_BM -DSDK_OS_BAREMETAL -DSDK_DEBUGCONSOLE=0 -DCR_INTEGER_PRINTF -DPRINTF_FLOAT_ENABLE=0 -DFSL_RTOS_FREE_RTOS -DSDK_OS_FREE_RTOS -DCPU_MKV31F512VLL12_cm4 -DCPU_MKV31F512VLL12 -D__MCUXPRESSO -D__USE_CMSIS -DDEBUG -I../board -I../source -I../ -I../amazon-freertos/FreeRTOS/portable -I../amazon-freertos/portable -I../amazon-freertos/include -I../drivers -I../CMSIS -I../utilities -I../startup -O0 -fno-common -g3 -Wall -c -ffunction-sections -fdata-sections -ffreestanding -fno-builtin -mcpu=cortex-m4 -mfpu=fpv4-sp-d16 -mfloat-abi=hard -mthumb -D__REDLIB__ -specs=redlib.specs -MMD -MP -MF"amazon-freertos/FreeRTOS/stream_buffer.d" -MT"amazon-freertos/FreeRTOS/stream_buffer.o" -MT"amazon-freertos/FreeRTOS/stream_buffer.d" -o "amazon-freertos/FreeRTOS/stream_buffer.o" "../amazon-freertos/FreeRTOS/stream_buffer.c"
Invoking: MCU C Compiler
arm-none-eabi-gcc -D__REDLIB__ -DFSL_RTOS_BM -DSDK_OS_BAREMETAL -DSDK_DEBUGCONSOLE=0 -DCR_INTEGER_PRINTF -DPRINTF_FLOAT_ENABLE=0 -DFSL_RTOS_FREE_RTOS -DSDK_OS_FREE_RTOS -DCPU_MKV31F512VLL12_cm4 -DCPU_MKV31F512VLL12 -D__MCUXPRESSO -D__USE_CMSIS -DDEBUG -I../board -I../source -I../ -I../amazon-freertos/FreeRTOS/portable -I../amazon-freertos/portable -I../amazon-freertos/include -I../drivers -I../CMSIS -I../utilities -I../startup -O0 -fno-common -g3 -Wall -c -ffunction-sections -fdata-sections -ffreestanding -fno-builtin -mcpu=cortex-m4 -mfpu=fpv4-sp-d16 -mfloat-abi=hard -mthumb -D__REDLIB__ -specs=redlib.specs -MMD -MP -MF"amazon-freertos/FreeRTOS/tasks.d" -MT"amazon-freertos/FreeRTOS/tasks.o" -MT"amazon-freertos/FreeRTOS/tasks.d" -o "amazon-freertos/FreeRTOS/tasks.o" "../amazon-freertos/FreeRTOS/tasks.c"
Finished building: ../amazon-freertos/portable/fsl_tickless_systick.c
Finished building: ../amazon-freertos/FreeRTOS/portable/port.c
 
Finished building: ../amazon-freertos/portable/heap_4.c
 
Building file: ../amazon-freertos/FreeRTOS/timers.c
 
Building file: ../CMSIS/system_MKV31F51212.c
Finished building: ../amazon-freertos/FreeRTOS/list.c
Invoking: MCU C Compiler
 
arm-none-eabi-gcc -D__REDLIB__ -DFSL_RTOS_BM -DSDK_OS_BAREMETAL -DSDK_DEBUGCONSOLE=0 -DCR_INTEGER_PRINTF -DPRINTF_FLOAT_ENABLE=0 -DFSL_RTOS_FREE_RTOS -DSDK_OS_FREE_RTOS -DCPU_MKV31F512VLL12_cm4 -DCPU_MKV31F512VLL12 -D__MCUXPRESSO -D__USE_CMSIS -DDEBUG -I../board -I../source -I../ -I../amazon-freertos/FreeRTOS/portable -I../amazon-freertos/portable -I../amazon-freertos/include -I../drivers -I../CMSIS -I../utilities -I../startup -O0 -fno-common -g3 -Wall -c -ffunction-sections -fdata-sections -ffreestanding -fno-builtin -mcpu=cortex-m4 -mfpu=fpv4-sp-d16 -mfloat-abi=hard -mthumb -D__REDLIB__ -specs=redlib.specs -MMD -MP -MF"amazon-freertos/FreeRTOS/timers.d" -MT"amazon-freertos/FreeRTOS/timers.o" -MT"amazon-freertos/FreeRTOS/timers.d" -o "amazon-freertos/FreeRTOS/timers.o" "../amazon-freertos/FreeRTOS/timers.c"
Invoking: MCU C Compiler
Finished building: ../amazon-freertos/FreeRTOS/event_groups.c
arm-none-eabi-gcc -D__REDLIB__ -DFSL_RTOS_BM -DSDK_OS_BAREMETAL -DSDK_DEBUGCONSOLE=0 -DCR_INTEGER_PRINTF -DPRINTF_FLOAT_ENABLE=0 -DFSL_RTOS_FREE_RTOS -DSDK_OS_FREE_RTOS -DCPU_MKV31F512VLL12_cm4 -DCPU_MKV31F512VLL12 -D__MCUXPRESSO -D__USE_CMSIS -DDEBUG -I../board -I../source -I../ -I../amazon-freertos/FreeRTOS/portable -I../amazon-freertos/portable -I../amazon-freertos/include -I../drivers -I../CMSIS -I../utilities -I../startup -O0 -fno-common -g3 -Wall -c -ffunction-sections -fdata-sections -ffreestanding -fno-builtin -mcpu=cortex-m4 -mfpu=fpv4-sp-d16 -mfloat-abi=hard -mthumb -D__REDLIB__ -specs=redlib.specs -MMD -MP -MF"CMSIS/system_MKV31F51212.d" -MT"CMSIS/system_MKV31F51212.o" -MT"CMSIS/system_MKV31F51212.d" -o "CMSIS/system_MKV31F51212.o" "../CMSIS/system_MKV31F51212.c"
 
Finished building: ../amazon-freertos/FreeRTOS/stream_buffer.c
 
Finished building: ../amazon-freertos/FreeRTOS/queue.c
 
Finished building: ../amazon-freertos/FreeRTOS/tasks.c
Finished building: ../amazon-freertos/FreeRTOS/timers.c
 
 
Finished building: ../CMSIS/system_MKV31F51212.c
 
Building target: V15_RTOS_SR70_01.axf
Invoking: MCU Linker
arm-none-eabi-gcc -nostdlib -Xlinker -Map="V15_RTOS_SR70_01.map" -Xlinker --gc-sections -Xlinker -print-memory-usage -Xlinker --sort-section=alignment -mcpu=cortex-m4 -mfpu=fpv4-sp-d16 -mfloat-abi=hard -mthumb -T V15_RTOS_SR70_01_Debug.ld -o "V15_RTOS_SR70_01.axf"  ./utilities/fsl_debug_console.o ./utilities/fsl_io.o ./utilities/fsl_log.o ./utilities/fsl_str.o  ./startup/startup_mkv31f51212.o  ./source/V15_RTOS_SR70_01.o ./source/semihost_hardfault.o  ./drivers/fsl_adc16.o ./drivers/fsl_clock.o ./drivers/fsl_common.o ./drivers/fsl_ftfx_cache.o ./drivers/fsl_ftfx_controller.o ./drivers/fsl_ftfx_flash.o ./drivers/fsl_ftfx_flexnvm.o ./drivers/fsl_ftm.o ./drivers/fsl_gpio.o ./drivers/fsl_i2c.o ./drivers/fsl_lpuart.o ./drivers/fsl_smc.o ./drivers/fsl_uart.o  ./board/board.o ./board/clock_config.o ./board/peripherals.o ./board/pin_mux.o  ./amazon-freertos/portable/fsl_tickless_systick.o ./amazon-freertos/portable/heap_4.o  ./amazon-freertos/FreeRTOS/portable/port.o  ./amazon-freertos/FreeRTOS/event_groups.o ./amazon-freertos/FreeRTOS/list.o ./amazon-freertos/FreeRTOS/queue.o ./amazon-freertos/FreeRTOS/stream_buffer.o ./amazon-freertos/FreeRTOS/tasks.o ./amazon-freertos/FreeRTOS/timers.o  ./CMSIS/system_MKV31F51212.o   
Memory region         Used Size  Region Size  %age Used
   PROGRAM_FLASH:       15896 B       512 KB      3.03%
      SRAM_UPPER:        8596 B        64 KB     13.12%
      SRAM_LOWER:          0 GB        32 KB      0.00%
Finished building target: V15_RTOS_SR70_01.axf
 
make --no-print-directory post-build
Performing post-build steps
arm-none-eabi-size "V15_RTOS_SR70_01.axf"; # arm-none-eabi-objcopy -v -O binary "V15_RTOS_SR70_01.axf" "V15_RTOS_SR70_01.bin" ; # checksum -p MKV31F512xxx12 -d "V15_RTOS_SR70_01.bin";
   text	   data	    bss	    dec	    hex	filename
  15884	     12	   8584	  24480	   5fa0	V15_RTOS_SR70_01.axf
 
10:03:02 **** Build of configuration Debug for project frdmkv31f_freertos_swtimer ****
make -r -j8 all 
Building file: ../utilities/fsl_assert.c
Building file: ../utilities/fsl_debug_console.c
Building file: ../utilities/fsl_io.c
Building file: ../utilities/fsl_log.c
Building file: ../utilities/fsl_str.c
Building file: ../startup/startup_mkv31f51212.c
Building file: ../source/freertos_swtimer.c
Invoking: MCU C Compiler
Invoking: MCU C Compiler
Building file: ../source/semihost_hardfault.c
arm-none-eabi-gcc -std=gnu99 -D__REDLIB__ -DCPU_MKV31F512VLL12_cm4 -DCPU_MKV31F512VLL12 -DSDK_DEBUGCONSOLE=0 -DCR_INTEGER_PRINTF -DFRDM_KV31F -DFREEDOM -DFSL_RTOS_FREE_RTOS -D__MCUXPRESSO -D__USE_CMSIS -DDEBUG -I../board -I../source -I../ -I../drivers -I../CMSIS -I../startup -I../utilities -I../amazon-freertos/FreeRTOS/portable -I../amazon-freertos/portable -I../amazon-freertos/include -I../board/src -O0 -fno-common -g -Wall -c  -ffunction-sections  -fdata-sections  -ffreestanding  -fno-builtin -mcpu=cortex-m4 -mfpu=fpv4-sp-d16 -mfloat-abi=hard -mthumb -D__REDLIB__ -specs=redlib.specs -MMD -MP -MF"utilities/fsl_assert.d" -MT"utilities/fsl_assert.o" -MT"utilities/fsl_assert.d" -o "utilities/fsl_assert.o" "../utilities/fsl_assert.c"
Invoking: MCU C Compiler
arm-none-eabi-gcc -std=gnu99 -D__REDLIB__ -DCPU_MKV31F512VLL12_cm4 -DCPU_MKV31F512VLL12 -DSDK_DEBUGCONSOLE=0 -DCR_INTEGER_PRINTF -DFRDM_KV31F -DFREEDOM -DFSL_RTOS_FREE_RTOS -D__MCUXPRESSO -D__USE_CMSIS -DDEBUG -I../board -I../source -I../ -I../drivers -I../CMSIS -I../startup -I../utilities -I../amazon-freertos/FreeRTOS/portable -I../amazon-freertos/portable -I../amazon-freertos/include -I../board/src -O0 -fno-common -g -Wall -c  -ffunction-sections  -fdata-sections  -ffreestanding  -fno-builtin -mcpu=cortex-m4 -mfpu=fpv4-sp-d16 -mfloat-abi=hard -mthumb -D__REDLIB__ -specs=redlib.specs -MMD -MP -MF"utilities/fsl_debug_console.d" -MT"utilities/fsl_debug_console.o" -MT"utilities/fsl_debug_console.d" -o "utilities/fsl_debug_console.o" "../utilities/fsl_debug_console.c"
Invoking: MCU C Compiler
Invoking: MCU C Compiler
Invoking: MCU C Compiler
Invoking: MCU C Compiler
arm-none-eabi-gcc -std=gnu99 -D__REDLIB__ -DCPU_MKV31F512VLL12_cm4 -DCPU_MKV31F512VLL12 -DSDK_DEBUGCONSOLE=0 -DCR_INTEGER_PRINTF -DFRDM_KV31F -DFREEDOM -DFSL_RTOS_FREE_RTOS -D__MCUXPRESSO -D__USE_CMSIS -DDEBUG -I../board -I../source -I../ -I../drivers -I../CMSIS -I../startup -I../utilities -I../amazon-freertos/FreeRTOS/portable -I../amazon-freertos/portable -I../amazon-freertos/include -I../board/src -O0 -fno-common -g -Wall -c  -ffunction-sections  -fdata-sections  -ffreestanding  -fno-builtin -mcpu=cortex-m4 -mfpu=fpv4-sp-d16 -mfloat-abi=hard -mthumb -D__REDLIB__ -specs=redlib.specs -MMD -MP -MF"utilities/fsl_io.d" -MT"utilities/fsl_io.o" -MT"utilities/fsl_io.d" -o "utilities/fsl_io.o" "../utilities/fsl_io.c"
arm-none-eabi-gcc -std=gnu99 -D__REDLIB__ -DCPU_MKV31F512VLL12_cm4 -DCPU_MKV31F512VLL12 -DSDK_DEBUGCONSOLE=0 -DCR_INTEGER_PRINTF -DFRDM_KV31F -DFREEDOM -DFSL_RTOS_FREE_RTOS -D__MCUXPRESSO -D__USE_CMSIS -DDEBUG -I../board -I../source -I../ -I../drivers -I../CMSIS -I../startup -I../utilities -I../amazon-freertos/FreeRTOS/portable -I../amazon-freertos/portable -I../amazon-freertos/include -I../board/src -O0 -fno-common -g -Wall -c  -ffunction-sections  -fdata-sections  -ffreestanding  -fno-builtin -mcpu=cortex-m4 -mfpu=fpv4-sp-d16 -mfloat-abi=hard -mthumb -D__REDLIB__ -specs=redlib.specs -MMD -MP -MF"utilities/fsl_log.d" -MT"utilities/fsl_log.o" -MT"utilities/fsl_log.d" -o "utilities/fsl_log.o" "../utilities/fsl_log.c"
arm-none-eabi-gcc -std=gnu99 -D__REDLIB__ -DCPU_MKV31F512VLL12_cm4 -DCPU_MKV31F512VLL12 -DSDK_DEBUGCONSOLE=0 -DCR_INTEGER_PRINTF -DFRDM_KV31F -DFREEDOM -DFSL_RTOS_FREE_RTOS -D__MCUXPRESSO -D__USE_CMSIS -DDEBUG -I../board -I../source -I../ -I../drivers -I../CMSIS -I../startup -I../utilities -I../amazon-freertos/FreeRTOS/portable -I../amazon-freertos/portable -I../amazon-freertos/include -I../board/src -O0 -fno-common -g -Wall -c  -ffunction-sections  -fdata-sections  -ffreestanding  -fno-builtin -mcpu=cortex-m4 -mfpu=fpv4-sp-d16 -mfloat-abi=hard -mthumb -D__REDLIB__ -specs=redlib.specs -MMD -MP -MF"startup/startup_mkv31f51212.d" -MT"startup/startup_mkv31f51212.o" -MT"startup/startup_mkv31f51212.d" -o "startup/startup_mkv31f51212.o" "../startup/startup_mkv31f51212.c"
arm-none-eabi-gcc -std=gnu99 -D__REDLIB__ -DCPU_MKV31F512VLL12_cm4 -DCPU_MKV31F512VLL12 -DSDK_DEBUGCONSOLE=0 -DCR_INTEGER_PRINTF -DFRDM_KV31F -DFREEDOM -DFSL_RTOS_FREE_RTOS -D__MCUXPRESSO -D__USE_CMSIS -DDEBUG -I../board -I../source -I../ -I../drivers -I../CMSIS -I../startup -I../utilities -I../amazon-freertos/FreeRTOS/portable -I../amazon-freertos/portable -I../amazon-freertos/include -I../board/src -O0 -fno-common -g -Wall -c  -ffunction-sections  -fdata-sections  -ffreestanding  -fno-builtin -mcpu=cortex-m4 -mfpu=fpv4-sp-d16 -mfloat-abi=hard -mthumb -D__REDLIB__ -specs=redlib.specs -MMD -MP -MF"utilities/fsl_str.d" -MT"utilities/fsl_str.o" -MT"utilities/fsl_str.d" -o "utilities/fsl_str.o" "../utilities/fsl_str.c"
Invoking: MCU C Compiler
arm-none-eabi-gcc -std=gnu99 -D__REDLIB__ -DCPU_MKV31F512VLL12_cm4 -DCPU_MKV31F512VLL12 -DSDK_DEBUGCONSOLE=0 -DCR_INTEGER_PRINTF -DFRDM_KV31F -DFREEDOM -DFSL_RTOS_FREE_RTOS -D__MCUXPRESSO -D__USE_CMSIS -DDEBUG -I../board -I../source -I../ -I../drivers -I../CMSIS -I../startup -I../utilities -I../amazon-freertos/FreeRTOS/portable -I../amazon-freertos/portable -I../amazon-freertos/include -I../board/src -O0 -fno-common -g -Wall -c  -ffunction-sections  -fdata-sections  -ffreestanding  -fno-builtin -mcpu=cortex-m4 -mfpu=fpv4-sp-d16 -mfloat-abi=hard -mthumb -D__REDLIB__ -specs=redlib.specs -MMD -MP -MF"source/freertos_swtimer.d" -MT"source/freertos_swtimer.o" -MT"source/freertos_swtimer.d" -o "source/freertos_swtimer.o" "../source/freertos_swtimer.c"
arm-none-eabi-gcc -std=gnu99 -D__REDLIB__ -DCPU_MKV31F512VLL12_cm4 -DCPU_MKV31F512VLL12 -DSDK_DEBUGCONSOLE=0 -DCR_INTEGER_PRINTF -DFRDM_KV31F -DFREEDOM -DFSL_RTOS_FREE_RTOS -D__MCUXPRESSO -D__USE_CMSIS -DDEBUG -I../board -I../source -I../ -I../drivers -I../CMSIS -I../startup -I../utilities -I../amazon-freertos/FreeRTOS/portable -I../amazon-freertos/portable -I../amazon-freertos/include -I../board/src -O0 -fno-common -g -Wall -c  -ffunction-sections  -fdata-sections  -ffreestanding  -fno-builtin -mcpu=cortex-m4 -mfpu=fpv4-sp-d16 -mfloat-abi=hard -mthumb -D__REDLIB__ -specs=redlib.specs -MMD -MP -MF"source/semihost_hardfault.d" -MT"source/semihost_hardfault.o" -MT"source/semihost_hardfault.d" -o "source/semihost_hardfault.o" "../source/semihost_hardfault.c"
Finished building: ../utilities/fsl_debug_console.c
Finished building: ../utilities/fsl_assert.c
Finished building: ../utilities/fsl_log.c
Finished building: ../utilities/fsl_io.c
 
 
Finished building: ../source/semihost_hardfault.c
 
 
Building file: ../drivers/fsl_clock.c
Building file: ../drivers/fsl_common.c
 
Finished building: ../utilities/fsl_str.c
Building file: ../drivers/fsl_ftfx_cache.c
Invoking: MCU C Compiler
Finished building: ../startup/startup_mkv31f51212.c
Finished building: ../source/freertos_swtimer.c
arm-none-eabi-gcc -std=gnu99 -D__REDLIB__ -DCPU_MKV31F512VLL12_cm4 -DCPU_MKV31F512VLL12 -DSDK_DEBUGCONSOLE=0 -DCR_INTEGER_PRINTF -DFRDM_KV31F -DFREEDOM -DFSL_RTOS_FREE_RTOS -D__MCUXPRESSO -D__USE_CMSIS -DDEBUG -I../board -I../source -I../ -I../drivers -I../CMSIS -I../startup -I../utilities -I../amazon-freertos/FreeRTOS/portable -I../amazon-freertos/portable -I../amazon-freertos/include -I../board/src -O0 -fno-common -g -Wall -c  -ffunction-sections  -fdata-sections  -ffreestanding  -fno-builtin -mcpu=cortex-m4 -mfpu=fpv4-sp-d16 -mfloat-abi=hard -mthumb -D__REDLIB__ -specs=redlib.specs -MMD -MP -MF"drivers/fsl_common.d" -MT"drivers/fsl_common.o" -MT"drivers/fsl_common.d" -o "drivers/fsl_common.o" "../drivers/fsl_common.c"
Invoking: MCU C Compiler
Building file: ../drivers/fsl_ftfx_controller.c
Building file: ../drivers/fsl_ftfx_flash.c
 
arm-none-eabi-gcc -std=gnu99 -D__REDLIB__ -DCPU_MKV31F512VLL12_cm4 -DCPU_MKV31F512VLL12 -DSDK_DEBUGCONSOLE=0 -DCR_INTEGER_PRINTF -DFRDM_KV31F -DFREEDOM -DFSL_RTOS_FREE_RTOS -D__MCUXPRESSO -D__USE_CMSIS -DDEBUG -I../board -I../source -I../ -I../drivers -I../CMSIS -I../startup -I../utilities -I../amazon-freertos/FreeRTOS/portable -I../amazon-freertos/portable -I../amazon-freertos/include -I../board/src -O0 -fno-common -g -Wall -c  -ffunction-sections  -fdata-sections  -ffreestanding  -fno-builtin -mcpu=cortex-m4 -mfpu=fpv4-sp-d16 -mfloat-abi=hard -mthumb -D__REDLIB__ -specs=redlib.specs -MMD -MP -MF"drivers/fsl_clock.d" -MT"drivers/fsl_clock.o" -MT"drivers/fsl_clock.d" -o "drivers/fsl_clock.o" "../drivers/fsl_clock.c"
Invoking: MCU C Compiler
 
 
arm-none-eabi-gcc -std=gnu99 -D__REDLIB__ -DCPU_MKV31F512VLL12_cm4 -DCPU_MKV31F512VLL12 -DSDK_DEBUGCONSOLE=0 -DCR_INTEGER_PRINTF -DFRDM_KV31F -DFREEDOM -DFSL_RTOS_FREE_RTOS -D__MCUXPRESSO -D__USE_CMSIS -DDEBUG -I../board -I../source -I../ -I../drivers -I../CMSIS -I../startup -I../utilities -I../amazon-freertos/FreeRTOS/portable -I../amazon-freertos/portable -I../amazon-freertos/include -I../board/src -O0 -fno-common -g -Wall -c  -ffunction-sections  -fdata-sections  -ffreestanding  -fno-builtin -mcpu=cortex-m4 -mfpu=fpv4-sp-d16 -mfloat-abi=hard -mthumb -D__REDLIB__ -specs=redlib.specs -MMD -MP -MF"drivers/fsl_ftfx_cache.d" -MT"drivers/fsl_ftfx_cache.o" -MT"drivers/fsl_ftfx_cache.d" -o "drivers/fsl_ftfx_cache.o" "../drivers/fsl_ftfx_cache.c"
Building file: ../drivers/fsl_ftfx_flexnvm.c
Invoking: MCU C Compiler
Invoking: MCU C Compiler
arm-none-eabi-gcc -std=gnu99 -D__REDLIB__ -DCPU_MKV31F512VLL12_cm4 -DCPU_MKV31F512VLL12 -DSDK_DEBUGCONSOLE=0 -DCR_INTEGER_PRINTF -DFRDM_KV31F -DFREEDOM -DFSL_RTOS_FREE_RTOS -D__MCUXPRESSO -D__USE_CMSIS -DDEBUG -I../board -I../source -I../ -I../drivers -I../CMSIS -I../startup -I../utilities -I../amazon-freertos/FreeRTOS/portable -I../amazon-freertos/portable -I../amazon-freertos/include -I../board/src -O0 -fno-common -g -Wall -c  -ffunction-sections  -fdata-sections  -ffreestanding  -fno-builtin -mcpu=cortex-m4 -mfpu=fpv4-sp-d16 -mfloat-abi=hard -mthumb -D__REDLIB__ -specs=redlib.specs -MMD -MP -MF"drivers/fsl_ftfx_flash.d" -MT"drivers/fsl_ftfx_flash.o" -MT"drivers/fsl_ftfx_flash.d" -o "drivers/fsl_ftfx_flash.o" "../drivers/fsl_ftfx_flash.c"
Building file: ../drivers/fsl_gpio.c
Building file: ../drivers/fsl_lpuart.c
Invoking: MCU C Compiler
arm-none-eabi-gcc -std=gnu99 -D__REDLIB__ -DCPU_MKV31F512VLL12_cm4 -DCPU_MKV31F512VLL12 -DSDK_DEBUGCONSOLE=0 -DCR_INTEGER_PRINTF -DFRDM_KV31F -DFREEDOM -DFSL_RTOS_FREE_RTOS -D__MCUXPRESSO -D__USE_CMSIS -DDEBUG -I../board -I../source -I../ -I../drivers -I../CMSIS -I../startup -I../utilities -I../amazon-freertos/FreeRTOS/portable -I../amazon-freertos/portable -I../amazon-freertos/include -I../board/src -O0 -fno-common -g -Wall -c  -ffunction-sections  -fdata-sections  -ffreestanding  -fno-builtin -mcpu=cortex-m4 -mfpu=fpv4-sp-d16 -mfloat-abi=hard -mthumb -D__REDLIB__ -specs=redlib.specs -MMD -MP -MF"drivers/fsl_ftfx_controller.d" -MT"drivers/fsl_ftfx_controller.o" -MT"drivers/fsl_ftfx_controller.d" -o "drivers/fsl_ftfx_controller.o" "../drivers/fsl_ftfx_controller.c"
arm-none-eabi-gcc -std=gnu99 -D__REDLIB__ -DCPU_MKV31F512VLL12_cm4 -DCPU_MKV31F512VLL12 -DSDK_DEBUGCONSOLE=0 -DCR_INTEGER_PRINTF -DFRDM_KV31F -DFREEDOM -DFSL_RTOS_FREE_RTOS -D__MCUXPRESSO -D__USE_CMSIS -DDEBUG -I../board -I../source -I../ -I../drivers -I../CMSIS -I../startup -I../utilities -I../amazon-freertos/FreeRTOS/portable -I../amazon-freertos/portable -I../amazon-freertos/include -I../board/src -O0 -fno-common -g -Wall -c  -ffunction-sections  -fdata-sections  -ffreestanding  -fno-builtin -mcpu=cortex-m4 -mfpu=fpv4-sp-d16 -mfloat-abi=hard -mthumb -D__REDLIB__ -specs=redlib.specs -MMD -MP -MF"drivers/fsl_ftfx_flexnvm.d" -MT"drivers/fsl_ftfx_flexnvm.o" -MT"drivers/fsl_ftfx_flexnvm.d" -o "drivers/fsl_ftfx_flexnvm.o" "../drivers/fsl_ftfx_flexnvm.c"
Invoking: MCU C Compiler
arm-none-eabi-gcc -std=gnu99 -D__REDLIB__ -DCPU_MKV31F512VLL12_cm4 -DCPU_MKV31F512VLL12 -DSDK_DEBUGCONSOLE=0 -DCR_INTEGER_PRINTF -DFRDM_KV31F -DFREEDOM -DFSL_RTOS_FREE_RTOS -D__MCUXPRESSO -D__USE_CMSIS -DDEBUG -I../board -I../source -I../ -I../drivers -I../CMSIS -I../startup -I../utilities -I../amazon-freertos/FreeRTOS/portable -I../amazon-freertos/portable -I../amazon-freertos/include -I../board/src -O0 -fno-common -g -Wall -c  -ffunction-sections  -fdata-sections  -ffreestanding  -fno-builtin -mcpu=cortex-m4 -mfpu=fpv4-sp-d16 -mfloat-abi=hard -mthumb -D__REDLIB__ -specs=redlib.specs -MMD -MP -MF"drivers/fsl_gpio.d" -MT"drivers/fsl_gpio.o" -MT"drivers/fsl_gpio.d" -o "drivers/fsl_gpio.o" "../drivers/fsl_gpio.c"
Invoking: MCU C Compiler
arm-none-eabi-gcc -std=gnu99 -D__REDLIB__ -DCPU_MKV31F512VLL12_cm4 -DCPU_MKV31F512VLL12 -DSDK_DEBUGCONSOLE=0 -DCR_INTEGER_PRINTF -DFRDM_KV31F -DFREEDOM -DFSL_RTOS_FREE_RTOS -D__MCUXPRESSO -D__USE_CMSIS -DDEBUG -I../board -I../source -I../ -I../drivers -I../CMSIS -I../startup -I../utilities -I../amazon-freertos/FreeRTOS/portable -I../amazon-freertos/portable -I../amazon-freertos/include -I../board/src -O0 -fno-common -g -Wall -c  -ffunction-sections  -fdata-sections  -ffreestanding  -fno-builtin -mcpu=cortex-m4 -mfpu=fpv4-sp-d16 -mfloat-abi=hard -mthumb -D__REDLIB__ -specs=redlib.specs -MMD -MP -MF"drivers/fsl_lpuart.d" -MT"drivers/fsl_lpuart.o" -MT"drivers/fsl_lpuart.d" -o "drivers/fsl_lpuart.o" "../drivers/fsl_lpuart.c"
Finished building: ../drivers/fsl_common.c
Finished building: ../drivers/fsl_ftfx_cache.c
 
 
Building file: ../drivers/fsl_smc.c
Finished building: ../drivers/fsl_ftfx_flexnvm.c
Building file: ../drivers/fsl_uart.c
Invoking: MCU C Compiler
arm-none-eabi-gcc -std=gnu99 -D__REDLIB__ -DCPU_MKV31F512VLL12_cm4 -DCPU_MKV31F512VLL12 -DSDK_DEBUGCONSOLE=0 -DCR_INTEGER_PRINTF -DFRDM_KV31F -DFREEDOM -DFSL_RTOS_FREE_RTOS -D__MCUXPRESSO -D__USE_CMSIS -DDEBUG -I../board -I../source -I../ -I../drivers -I../CMSIS -I../startup -I../utilities -I../amazon-freertos/FreeRTOS/portable -I../amazon-freertos/portable -I../amazon-freertos/include -I../board/src -O0 -fno-common -g -Wall -c  -ffunction-sections  -fdata-sections  -ffreestanding  -fno-builtin -mcpu=cortex-m4 -mfpu=fpv4-sp-d16 -mfloat-abi=hard -mthumb -D__REDLIB__ -specs=redlib.specs -MMD -MP -MF"drivers/fsl_smc.d" -MT"drivers/fsl_smc.o" -MT"drivers/fsl_smc.d" -o "drivers/fsl_smc.o" "../drivers/fsl_smc.c"
Invoking: MCU C Compiler
 
arm-none-eabi-gcc -std=gnu99 -D__REDLIB__ -DCPU_MKV31F512VLL12_cm4 -DCPU_MKV31F512VLL12 -DSDK_DEBUGCONSOLE=0 -DCR_INTEGER_PRINTF -DFRDM_KV31F -DFREEDOM -DFSL_RTOS_FREE_RTOS -D__MCUXPRESSO -D__USE_CMSIS -DDEBUG -I../board -I../source -I../ -I../drivers -I../CMSIS -I../startup -I../utilities -I../amazon-freertos/FreeRTOS/portable -I../amazon-freertos/portable -I../amazon-freertos/include -I../board/src -O0 -fno-common -g -Wall -c  -ffunction-sections  -fdata-sections  -ffreestanding  -fno-builtin -mcpu=cortex-m4 -mfpu=fpv4-sp-d16 -mfloat-abi=hard -mthumb -D__REDLIB__ -specs=redlib.specs -MMD -MP -MF"drivers/fsl_uart.d" -MT"drivers/fsl_uart.o" -MT"drivers/fsl_uart.d" -o "drivers/fsl_uart.o" "../drivers/fsl_uart.c"
Finished building: ../drivers/fsl_gpio.c
Finished building: ../drivers/fsl_ftfx_controller.c
Finished building: ../drivers/fsl_ftfx_flash.c
Building file: ../board/src/board.c
Finished building: ../drivers/fsl_clock.c
 
 
 
Invoking: MCU C Compiler
 
Building file: ../board/src/clock_config.c
arm-none-eabi-gcc -std=gnu99 -D__REDLIB__ -DCPU_MKV31F512VLL12_cm4 -DCPU_MKV31F512VLL12 -DSDK_DEBUGCONSOLE=0 -DCR_INTEGER_PRINTF -DFRDM_KV31F -DFREEDOM -DFSL_RTOS_FREE_RTOS -D__MCUXPRESSO -D__USE_CMSIS -DDEBUG -I../board -I../source -I../ -I../drivers -I../CMSIS -I../startup -I../utilities -I../amazon-freertos/FreeRTOS/portable -I../amazon-freertos/portable -I../amazon-freertos/include -I../board/src -O0 -fno-common -g -Wall -c  -ffunction-sections  -fdata-sections  -ffreestanding  -fno-builtin -mcpu=cortex-m4 -mfpu=fpv4-sp-d16 -mfloat-abi=hard -mthumb -D__REDLIB__ -specs=redlib.specs -MMD -MP -MF"board/src/board.d" -MT"board/src/board.o" -MT"board/src/board.d" -o "board/src/board.o" "../board/src/board.c"
Building file: ../board/pin_mux.c
Building file: ../board/peripherals.c
Invoking: MCU C Compiler
Building file: ../amazon-freertos/portable/fsl_tickless_systick.c
arm-none-eabi-gcc -std=gnu99 -D__REDLIB__ -DCPU_MKV31F512VLL12_cm4 -DCPU_MKV31F512VLL12 -DSDK_DEBUGCONSOLE=0 -DCR_INTEGER_PRINTF -DFRDM_KV31F -DFREEDOM -DFSL_RTOS_FREE_RTOS -D__MCUXPRESSO -D__USE_CMSIS -DDEBUG -I../board -I../source -I../ -I../drivers -I../CMSIS -I../startup -I../utilities -I../amazon-freertos/FreeRTOS/portable -I../amazon-freertos/portable -I../amazon-freertos/include -I../board/src -O0 -fno-common -g -Wall -c  -ffunction-sections  -fdata-sections  -ffreestanding  -fno-builtin -mcpu=cortex-m4 -mfpu=fpv4-sp-d16 -mfloat-abi=hard -mthumb -D__REDLIB__ -specs=redlib.specs -MMD -MP -MF"board/src/clock_config.d" -MT"board/src/clock_config.o" -MT"board/src/clock_config.d" -o "board/src/clock_config.o" "../board/src/clock_config.c"
Invoking: MCU C Compiler
Invoking: MCU C Compiler
Finished building: ../drivers/fsl_lpuart.c
arm-none-eabi-gcc -std=gnu99 -D__REDLIB__ -DCPU_MKV31F512VLL12_cm4 -DCPU_MKV31F512VLL12 -DSDK_DEBUGCONSOLE=0 -DCR_INTEGER_PRINTF -DFRDM_KV31F -DFREEDOM -DFSL_RTOS_FREE_RTOS -D__MCUXPRESSO -D__USE_CMSIS -DDEBUG -I../board -I../source -I../ -I../drivers -I../CMSIS -I../startup -I../utilities -I../amazon-freertos/FreeRTOS/portable -I../amazon-freertos/portable -I../amazon-freertos/include -I../board/src -O0 -fno-common -g -Wall -c  -ffunction-sections  -fdata-sections  -ffreestanding  -fno-builtin -mcpu=cortex-m4 -mfpu=fpv4-sp-d16 -mfloat-abi=hard -mthumb -D__REDLIB__ -specs=redlib.specs -MMD -MP -MF"board/pin_mux.d" -MT"board/pin_mux.o" -MT"board/pin_mux.d" -o "board/pin_mux.o" "../board/pin_mux.c"
arm-none-eabi-gcc -std=gnu99 -D__REDLIB__ -DCPU_MKV31F512VLL12_cm4 -DCPU_MKV31F512VLL12 -DSDK_DEBUGCONSOLE=0 -DCR_INTEGER_PRINTF -DFRDM_KV31F -DFREEDOM -DFSL_RTOS_FREE_RTOS -D__MCUXPRESSO -D__USE_CMSIS -DDEBUG -I../board -I../source -I../ -I../drivers -I../CMSIS -I../startup -I../utilities -I../amazon-freertos/FreeRTOS/portable -I../amazon-freertos/portable -I../amazon-freertos/include -I../board/src -O0 -fno-common -g -Wall -c  -ffunction-sections  -fdata-sections  -ffreestanding  -fno-builtin -mcpu=cortex-m4 -mfpu=fpv4-sp-d16 -mfloat-abi=hard -mthumb -D__REDLIB__ -specs=redlib.specs -MMD -MP -MF"board/peripherals.d" -MT"board/peripherals.o" -MT"board/peripherals.d" -o "board/peripherals.o" "../board/peripherals.c"
Invoking: MCU C Compiler
arm-none-eabi-gcc -std=gnu99 -D__REDLIB__ -DCPU_MKV31F512VLL12_cm4 -DCPU_MKV31F512VLL12 -DSDK_DEBUGCONSOLE=0 -DCR_INTEGER_PRINTF -DFRDM_KV31F -DFREEDOM -DFSL_RTOS_FREE_RTOS -D__MCUXPRESSO -D__USE_CMSIS -DDEBUG -I../board -I../source -I../ -I../drivers -I../CMSIS -I../startup -I../utilities -I../amazon-freertos/FreeRTOS/portable -I../amazon-freertos/portable -I../amazon-freertos/include -I../board/src -O0 -fno-common -g -Wall -c  -ffunction-sections  -fdata-sections  -ffreestanding  -fno-builtin -mcpu=cortex-m4 -mfpu=fpv4-sp-d16 -mfloat-abi=hard -mthumb -D__REDLIB__ -specs=redlib.specs -MMD -MP -MF"amazon-freertos/portable/fsl_tickless_systick.d" -MT"amazon-freertos/portable/fsl_tickless_systick.o" -MT"amazon-freertos/portable/fsl_tickless_systick.d" -o "amazon-freertos/portable/fsl_tickless_systick.o" "../amazon-freertos/portable/fsl_tickless_systick.c"
 
Building file: ../amazon-freertos/FreeRTOS/portable/heap_4.c
Invoking: MCU C Compiler
arm-none-eabi-gcc -std=gnu99 -D__REDLIB__ -DCPU_MKV31F512VLL12_cm4 -DCPU_MKV31F512VLL12 -DSDK_DEBUGCONSOLE=0 -DCR_INTEGER_PRINTF -DFRDM_KV31F -DFREEDOM -DFSL_RTOS_FREE_RTOS -D__MCUXPRESSO -D__USE_CMSIS -DDEBUG -I../board -I../source -I../ -I../drivers -I../CMSIS -I../startup -I../utilities -I../amazon-freertos/FreeRTOS/portable -I../amazon-freertos/portable -I../amazon-freertos/include -I../board/src -O0 -fno-common -g -Wall -c  -ffunction-sections  -fdata-sections  -ffreestanding  -fno-builtin -mcpu=cortex-m4 -mfpu=fpv4-sp-d16 -mfloat-abi=hard -mthumb -D__REDLIB__ -specs=redlib.specs -MMD -MP -MF"amazon-freertos/FreeRTOS/portable/heap_4.d" -MT"amazon-freertos/FreeRTOS/portable/heap_4.o" -MT"amazon-freertos/FreeRTOS/portable/heap_4.d" -o "amazon-freertos/FreeRTOS/portable/heap_4.o" "../amazon-freertos/FreeRTOS/portable/heap_4.c"
Finished building: ../drivers/fsl_smc.c
Finished building: ../board/src/board.c
 
 
Building file: ../amazon-freertos/FreeRTOS/portable/port.c
Finished building: ../amazon-freertos/portable/fsl_tickless_systick.c
Building file: ../amazon-freertos/FreeRTOS/event_groups.c
Finished building: ../board/peripherals.c
Finished building: ../board/src/clock_config.c
Invoking: MCU C Compiler
Finished building: ../board/pin_mux.c
 
arm-none-eabi-gcc -std=gnu99 -D__REDLIB__ -DCPU_MKV31F512VLL12_cm4 -DCPU_MKV31F512VLL12 -DSDK_DEBUGCONSOLE=0 -DCR_INTEGER_PRINTF -DFRDM_KV31F -DFREEDOM -DFSL_RTOS_FREE_RTOS -D__MCUXPRESSO -D__USE_CMSIS -DDEBUG -I../board -I../source -I../ -I../drivers -I../CMSIS -I../startup -I../utilities -I../amazon-freertos/FreeRTOS/portable -I../amazon-freertos/portable -I../amazon-freertos/include -I../board/src -O0 -fno-common -g -Wall -c  -ffunction-sections  -fdata-sections  -ffreestanding  -fno-builtin -mcpu=cortex-m4 -mfpu=fpv4-sp-d16 -mfloat-abi=hard -mthumb -D__REDLIB__ -specs=redlib.specs -MMD -MP -MF"amazon-freertos/FreeRTOS/portable/port.d" -MT"amazon-freertos/FreeRTOS/portable/port.o" -MT"amazon-freertos/FreeRTOS/portable/port.d" -o "amazon-freertos/FreeRTOS/portable/port.o" "../amazon-freertos/FreeRTOS/portable/port.c"
 
Building file: ../amazon-freertos/FreeRTOS/list.c
 
Invoking: MCU C Compiler
 
Finished building: ../drivers/fsl_uart.c
arm-none-eabi-gcc -std=gnu99 -D__REDLIB__ -DCPU_MKV31F512VLL12_cm4 -DCPU_MKV31F512VLL12 -DSDK_DEBUGCONSOLE=0 -DCR_INTEGER_PRINTF -DFRDM_KV31F -DFREEDOM -DFSL_RTOS_FREE_RTOS -D__MCUXPRESSO -D__USE_CMSIS -DDEBUG -I../board -I../source -I../ -I../drivers -I../CMSIS -I../startup -I../utilities -I../amazon-freertos/FreeRTOS/portable -I../amazon-freertos/portable -I../amazon-freertos/include -I../board/src -O0 -fno-common -g -Wall -c  -ffunction-sections  -fdata-sections  -ffreestanding  -fno-builtin -mcpu=cortex-m4 -mfpu=fpv4-sp-d16 -mfloat-abi=hard -mthumb -D__REDLIB__ -specs=redlib.specs -MMD -MP -MF"amazon-freertos/FreeRTOS/event_groups.d" -MT"amazon-freertos/FreeRTOS/event_groups.o" -MT"amazon-freertos/FreeRTOS/event_groups.d" -o "amazon-freertos/FreeRTOS/event_groups.o" "../amazon-freertos/FreeRTOS/event_groups.c"
Building file: ../amazon-freertos/FreeRTOS/queue.c
Invoking: MCU C Compiler
Building file: ../amazon-freertos/FreeRTOS/stream_buffer.c
arm-none-eabi-gcc -std=gnu99 -D__REDLIB__ -DCPU_MKV31F512VLL12_cm4 -DCPU_MKV31F512VLL12 -DSDK_DEBUGCONSOLE=0 -DCR_INTEGER_PRINTF -DFRDM_KV31F -DFREEDOM -DFSL_RTOS_FREE_RTOS -D__MCUXPRESSO -D__USE_CMSIS -DDEBUG -I../board -I../source -I../ -I../drivers -I../CMSIS -I../startup -I../utilities -I../amazon-freertos/FreeRTOS/portable -I../amazon-freertos/portable -I../amazon-freertos/include -I../board/src -O0 -fno-common -g -Wall -c  -ffunction-sections  -fdata-sections  -ffreestanding  -fno-builtin -mcpu=cortex-m4 -mfpu=fpv4-sp-d16 -mfloat-abi=hard -mthumb -D__REDLIB__ -specs=redlib.specs -MMD -MP -MF"amazon-freertos/FreeRTOS/list.d" -MT"amazon-freertos/FreeRTOS/list.o" -MT"amazon-freertos/FreeRTOS/list.d" -o "amazon-freertos/FreeRTOS/list.o" "../amazon-freertos/FreeRTOS/list.c"
 
Finished building: ../amazon-freertos/FreeRTOS/portable/heap_4.c
Building file: ../amazon-freertos/FreeRTOS/tasks.c
Invoking: MCU C Compiler
Invoking: MCU C Compiler
arm-none-eabi-gcc -std=gnu99 -D__REDLIB__ -DCPU_MKV31F512VLL12_cm4 -DCPU_MKV31F512VLL12 -DSDK_DEBUGCONSOLE=0 -DCR_INTEGER_PRINTF -DFRDM_KV31F -DFREEDOM -DFSL_RTOS_FREE_RTOS -D__MCUXPRESSO -D__USE_CMSIS -DDEBUG -I../board -I../source -I../ -I../drivers -I../CMSIS -I../startup -I../utilities -I../amazon-freertos/FreeRTOS/portable -I../amazon-freertos/portable -I../amazon-freertos/include -I../board/src -O0 -fno-common -g -Wall -c  -ffunction-sections  -fdata-sections  -ffreestanding  -fno-builtin -mcpu=cortex-m4 -mfpu=fpv4-sp-d16 -mfloat-abi=hard -mthumb -D__REDLIB__ -specs=redlib.specs -MMD -MP -MF"amazon-freertos/FreeRTOS/queue.d" -MT"amazon-freertos/FreeRTOS/queue.o" -MT"amazon-freertos/FreeRTOS/queue.d" -o "amazon-freertos/FreeRTOS/queue.o" "../amazon-freertos/FreeRTOS/queue.c"
 
Building file: ../amazon-freertos/FreeRTOS/timers.c
Invoking: MCU C Compiler
arm-none-eabi-gcc -std=gnu99 -D__REDLIB__ -DCPU_MKV31F512VLL12_cm4 -DCPU_MKV31F512VLL12 -DSDK_DEBUGCONSOLE=0 -DCR_INTEGER_PRINTF -DFRDM_KV31F -DFREEDOM -DFSL_RTOS_FREE_RTOS -D__MCUXPRESSO -D__USE_CMSIS -DDEBUG -I../board -I../source -I../ -I../drivers -I../CMSIS -I../startup -I../utilities -I../amazon-freertos/FreeRTOS/portable -I../amazon-freertos/portable -I../amazon-freertos/include -I../board/src -O0 -fno-common -g -Wall -c  -ffunction-sections  -fdata-sections  -ffreestanding  -fno-builtin -mcpu=cortex-m4 -mfpu=fpv4-sp-d16 -mfloat-abi=hard -mthumb -D__REDLIB__ -specs=redlib.specs -MMD -MP -MF"amazon-freertos/FreeRTOS/stream_buffer.d" -MT"amazon-freertos/FreeRTOS/stream_buffer.o" -MT"amazon-freertos/FreeRTOS/stream_buffer.d" -o "amazon-freertos/FreeRTOS/stream_buffer.o" "../amazon-freertos/FreeRTOS/stream_buffer.c"
arm-none-eabi-gcc -std=gnu99 -D__REDLIB__ -DCPU_MKV31F512VLL12_cm4 -DCPU_MKV31F512VLL12 -DSDK_DEBUGCONSOLE=0 -DCR_INTEGER_PRINTF -DFRDM_KV31F -DFREEDOM -DFSL_RTOS_FREE_RTOS -D__MCUXPRESSO -D__USE_CMSIS -DDEBUG -I../board -I../source -I../ -I../drivers -I../CMSIS -I../startup -I../utilities -I../amazon-freertos/FreeRTOS/portable -I../amazon-freertos/portable -I../amazon-freertos/include -I../board/src -O0 -fno-common -g -Wall -c  -ffunction-sections  -fdata-sections  -ffreestanding  -fno-builtin -mcpu=cortex-m4 -mfpu=fpv4-sp-d16 -mfloat-abi=hard -mthumb -D__REDLIB__ -specs=redlib.specs -MMD -MP -MF"amazon-freertos/FreeRTOS/tasks.d" -MT"amazon-freertos/FreeRTOS/tasks.o" -MT"amazon-freertos/FreeRTOS/tasks.d" -o "amazon-freertos/FreeRTOS/tasks.o" "../amazon-freertos/FreeRTOS/tasks.c"
Building file: ../CMSIS/system_MKV31F51212.c
Invoking: MCU C Compiler
arm-none-eabi-gcc -std=gnu99 -D__REDLIB__ -DCPU_MKV31F512VLL12_cm4 -DCPU_MKV31F512VLL12 -DSDK_DEBUGCONSOLE=0 -DCR_INTEGER_PRINTF -DFRDM_KV31F -DFREEDOM -DFSL_RTOS_FREE_RTOS -D__MCUXPRESSO -D__USE_CMSIS -DDEBUG -I../board -I../source -I../ -I../drivers -I../CMSIS -I../startup -I../utilities -I../amazon-freertos/FreeRTOS/portable -I../amazon-freertos/portable -I../amazon-freertos/include -I../board/src -O0 -fno-common -g -Wall -c  -ffunction-sections  -fdata-sections  -ffreestanding  -fno-builtin -mcpu=cortex-m4 -mfpu=fpv4-sp-d16 -mfloat-abi=hard -mthumb -D__REDLIB__ -specs=redlib.specs -MMD -MP -MF"amazon-freertos/FreeRTOS/timers.d" -MT"amazon-freertos/FreeRTOS/timers.o" -MT"amazon-freertos/FreeRTOS/timers.d" -o "amazon-freertos/FreeRTOS/timers.o" "../amazon-freertos/FreeRTOS/timers.c"
Invoking: MCU C Compiler
arm-none-eabi-gcc -std=gnu99 -D__REDLIB__ -DCPU_MKV31F512VLL12_cm4 -DCPU_MKV31F512VLL12 -DSDK_DEBUGCONSOLE=0 -DCR_INTEGER_PRINTF -DFRDM_KV31F -DFREEDOM -DFSL_RTOS_FREE_RTOS -D__MCUXPRESSO -D__USE_CMSIS -DDEBUG -I../board -I../source -I../ -I../drivers -I../CMSIS -I../startup -I../utilities -I../amazon-freertos/FreeRTOS/portable -I../amazon-freertos/portable -I../amazon-freertos/include -I../board/src -O0 -fno-common -g -Wall -c  -ffunction-sections  -fdata-sections  -ffreestanding  -fno-builtin -mcpu=cortex-m4 -mfpu=fpv4-sp-d16 -mfloat-abi=hard -mthumb -D__REDLIB__ -specs=redlib.specs -MMD -MP -MF"CMSIS/system_MKV31F51212.d" -MT"CMSIS/system_MKV31F51212.o" -MT"CMSIS/system_MKV31F51212.d" -o "CMSIS/system_MKV31F51212.o" "../CMSIS/system_MKV31F51212.c"
Finished building: ../amazon-freertos/FreeRTOS/portable/port.c
Finished building: ../amazon-freertos/FreeRTOS/list.c
 
Finished building: ../amazon-freertos/FreeRTOS/event_groups.c
 
 
Finished building: ../amazon-freertos/FreeRTOS/stream_buffer.c
 
Finished building: ../amazon-freertos/FreeRTOS/timers.c
Finished building: ../amazon-freertos/FreeRTOS/queue.c
 
Finished building: ../amazon-freertos/FreeRTOS/tasks.c
Finished building: ../CMSIS/system_MKV31F51212.c
 
 
 
Building target: frdmkv31f_freertos_swtimer.axf
Invoking: MCU Linker
arm-none-eabi-gcc -nostdlib -Xlinker -Map="frdmkv31f_freertos_swtimer.map" -Xlinker --gc-sections -Xlinker -print-memory-usage -Xlinker --sort-section=alignment -mcpu=cortex-m4 -mfpu=fpv4-sp-d16 -mfloat-abi=hard -mthumb -T frdmkv31f_freertos_swtimer_Debug.ld -o "frdmkv31f_freertos_swtimer.axf"  ./utilities/fsl_assert.o ./utilities/fsl_debug_console.o ./utilities/fsl_io.o ./utilities/fsl_log.o ./utilities/fsl_str.o  ./startup/startup_mkv31f51212.o  ./source/freertos_swtimer.o ./source/semihost_hardfault.o  ./drivers/fsl_clock.o ./drivers/fsl_common.o ./drivers/fsl_ftfx_cache.o ./drivers/fsl_ftfx_controller.o ./drivers/fsl_ftfx_flash.o ./drivers/fsl_ftfx_flexnvm.o ./drivers/fsl_gpio.o ./drivers/fsl_lpuart.o ./drivers/fsl_smc.o ./drivers/fsl_uart.o  ./board/src/board.o ./board/src/clock_config.o  ./board/peripherals.o ./board/pin_mux.o  ./amazon-freertos/portable/fsl_tickless_systick.o  ./amazon-freertos/FreeRTOS/portable/heap_4.o ./amazon-freertos/FreeRTOS/portable/port.o  ./amazon-freertos/FreeRTOS/event_groups.o ./amazon-freertos/FreeRTOS/list.o ./amazon-freertos/FreeRTOS/queue.o ./amazon-freertos/FreeRTOS/stream_buffer.o ./amazon-freertos/FreeRTOS/tasks.o ./amazon-freertos/FreeRTOS/timers.o  ./CMSIS/system_MKV31F51212.o   
Memory region         Used Size  Region Size  %age Used
   PROGRAM_FLASH:       25768 B       512 KB      4.91%
      SRAM_UPPER:       19096 B        64 KB     29.14%
      SRAM_LOWER:          0 GB        32 KB      0.00%
Finished building target: frdmkv31f_freertos_swtimer.axf
 
make --no-print-directory post-build
Performing post-build steps
arm-none-eabi-size "frdmkv31f_freertos_swtimer.axf"; # arm-none-eabi-objcopy -v -O binary "frdmkv31f_freertos_swtimer.axf" "frdmkv31f_freertos_swtimer.bin" ; # checksum -p MKV31F512xxx12 -d "frdmkv31f_freertos_swtimer.bin";
   text	   data	    bss	    dec	    hex	filename
  25752	     16	  19080	  44848	   af30	frdmkv31f_freertos_swtimer.axf
 
10:08:41 **** Build of configuration Debug for project V15_RTOS_SR70_1 ****
make -r -j8 all 
Building target: V15_RTOS_SR70_1.axf
Invoking: MCU Linker
arm-none-eabi-gcc -nostdlib -Xlinker -Map="V15_RTOS_SR70_1.map" -Xlinker --gc-sections -Xlinker -print-memory-usage -Xlinker --sort-section=alignment -mcpu=cortex-m4 -mfpu=fpv4-sp-d16 -mfloat-abi=hard -mthumb -T frdmkv31f_freertos_swtimer_Debug.ld -o "V15_RTOS_SR70_1.axf"  ./utilities/fsl_assert.o ./utilities/fsl_debug_console.o ./utilities/fsl_io.o ./utilities/fsl_log.o ./utilities/fsl_str.o  ./startup/startup_mkv31f51212.o  ./source/freertos_swtimer.o ./source/semihost_hardfault.o  ./drivers/fsl_clock.o ./drivers/fsl_common.o ./drivers/fsl_ftfx_cache.o ./drivers/fsl_ftfx_controller.o ./drivers/fsl_ftfx_flash.o ./drivers/fsl_ftfx_flexnvm.o ./drivers/fsl_gpio.o ./drivers/fsl_lpuart.o ./drivers/fsl_smc.o ./drivers/fsl_uart.o  ./board/src/board.o ./board/src/clock_config.o  ./board/peripherals.o ./board/pin_mux.o  ./amazon-freertos/portable/fsl_tickless_systick.o  ./amazon-freertos/FreeRTOS/portable/heap_4.o ./amazon-freertos/FreeRTOS/portable/port.o  ./amazon-freertos/FreeRTOS/event_groups.o ./amazon-freertos/FreeRTOS/list.o ./amazon-freertos/FreeRTOS/queue.o ./amazon-freertos/FreeRTOS/stream_buffer.o ./amazon-freertos/FreeRTOS/tasks.o ./amazon-freertos/FreeRTOS/timers.o  ./CMSIS/system_MKV31F51212.o   
Memory region         Used Size  Region Size  %age Used
   PROGRAM_FLASH:       25768 B       512 KB      4.91%
      SRAM_UPPER:       19096 B        64 KB     29.14%
      SRAM_LOWER:          0 GB        32 KB      0.00%
Finished building target: V15_RTOS_SR70_1.axf
 
make --no-print-directory post-build
Performing post-build steps
arm-none-eabi-size "V15_RTOS_SR70_1.axf"; # arm-none-eabi-objcopy -v -O binary "V15_RTOS_SR70_1.axf" "V15_RTOS_SR70_1.bin" ; # checksum -p MKV31F512xxx12 -d "V15_RTOS_SR70_1.bin";
   text	   data	    bss	    dec	    hex	filename
  25752	     16	  19080	  44848	   af30	V15_RTOS_SR70_1.axf
 
10:12:15 **** Incremental Build of configuration Debug for project V15_RTOS_SR70_1 ****
make -r -j8 all 
Building file: ../source/SR70/DC_Motor.c
Building file: ../source/SR70/RobotInterface.c
Building file: ../source/SR70_MC.c
Invoking: MCU C Compiler
Invoking: MCU C Compiler
arm-none-eabi-gcc -std=gnu99 -D__REDLIB__ -DCPU_MKV31F512VLL12_cm4 -DCPU_MKV31F512VLL12 -DSDK_DEBUGCONSOLE=0 -DCR_INTEGER_PRINTF -DFRDM_KV31F -DFREEDOM -DFSL_RTOS_FREE_RTOS -D__MCUXPRESSO -D__USE_CMSIS -DDEBUG -I../board -I../source -I../ -I../drivers -I../CMSIS -I../startup -I../utilities -I../amazon-freertos/FreeRTOS/portable -I../amazon-freertos/portable -I../amazon-freertos/include -I../board/src -O0 -fno-common -g -Wall -c  -ffunction-sections  -fdata-sections  -ffreestanding  -fno-builtin -mcpu=cortex-m4 -mfpu=fpv4-sp-d16 -mfloat-abi=hard -mthumb -D__REDLIB__ -specs=redlib.specs -MMD -MP -MF"source/SR70/DC_Motor.d" -MT"source/SR70/DC_Motor.o" -MT"source/SR70/DC_Motor.d" -o "source/SR70/DC_Motor.o" "../source/SR70/DC_Motor.c"
arm-none-eabi-gcc -std=gnu99 -D__REDLIB__ -DCPU_MKV31F512VLL12_cm4 -DCPU_MKV31F512VLL12 -DSDK_DEBUGCONSOLE=0 -DCR_INTEGER_PRINTF -DFRDM_KV31F -DFREEDOM -DFSL_RTOS_FREE_RTOS -D__MCUXPRESSO -D__USE_CMSIS -DDEBUG -I../board -I../source -I../ -I../drivers -I../CMSIS -I../startup -I../utilities -I../amazon-freertos/FreeRTOS/portable -I../amazon-freertos/portable -I../amazon-freertos/include -I../board/src -O0 -fno-common -g -Wall -c  -ffunction-sections  -fdata-sections  -ffreestanding  -fno-builtin -mcpu=cortex-m4 -mfpu=fpv4-sp-d16 -mfloat-abi=hard -mthumb -D__REDLIB__ -specs=redlib.specs -MMD -MP -MF"source/SR70/RobotInterface.d" -MT"source/SR70/RobotInterface.o" -MT"source/SR70/RobotInterface.d" -o "source/SR70/RobotInterface.o" "../source/SR70/RobotInterface.c"
Invoking: MCU C Compiler
arm-none-eabi-gcc -std=gnu99 -D__REDLIB__ -DCPU_MKV31F512VLL12_cm4 -DCPU_MKV31F512VLL12 -DSDK_DEBUGCONSOLE=0 -DCR_INTEGER_PRINTF -DFRDM_KV31F -DFREEDOM -DFSL_RTOS_FREE_RTOS -D__MCUXPRESSO -D__USE_CMSIS -DDEBUG -I../board -I../source -I../ -I../drivers -I../CMSIS -I../startup -I../utilities -I../amazon-freertos/FreeRTOS/portable -I../amazon-freertos/portable -I../amazon-freertos/include -I../board/src -O0 -fno-common -g -Wall -c  -ffunction-sections  -fdata-sections  -ffreestanding  -fno-builtin -mcpu=cortex-m4 -mfpu=fpv4-sp-d16 -mfloat-abi=hard -mthumb -D__REDLIB__ -specs=redlib.specs -MMD -MP -MF"source/SR70_MC.d" -MT"source/SR70_MC.o" -MT"source/SR70_MC.d" -o "source/SR70_MC.o" "../source/SR70_MC.c"
In file included from ../source/SR70/RobotInterface.c:8:0:
../source/SR70/RobotInterface.h:13:10: fatal error: fsl_adc16.h: No such file or directory
 #include "fsl_adc16.h"
          ^~~~~~~~~~~~~
compilation terminated.
make: *** [source/SR70/RobotInterface.o] Error 1
make: *** Waiting for unfinished jobs....
Finished building: ../source/SR70/DC_Motor.c
../source/SR70_MC.c:26:10: fatal error: RobotInterface.h: No such file or directory
 #include "RobotInterface.h"
          ^~~~~~~~~~~~~~~~~~
 
compilation terminated.
make: *** [source/SR70_MC.o] Error 1
10:12:56 **** Incremental Build of configuration Debug for project V15_RTOS_SR70_1 ****
make -r -j8 all 
Building file: ../source/SR70/RobotInterface.c
Building file: ../source/SR70_MC.c
Building file: ../drivers/fsl_adc16.c
Building file: ../drivers/fsl_ftm.c
Invoking: MCU C Compiler
Invoking: MCU C Compiler
arm-none-eabi-gcc -std=gnu99 -D__REDLIB__ -DCPU_MKV31F512VLL12_cm4 -DCPU_MKV31F512VLL12 -DSDK_DEBUGCONSOLE=0 -DCR_INTEGER_PRINTF -DFRDM_KV31F -DFREEDOM -DFSL_RTOS_FREE_RTOS -D__MCUXPRESSO -D__USE_CMSIS -DDEBUG -I../board -I../source -I../ -I../drivers -I../CMSIS -I../startup -I../utilities -I../amazon-freertos/FreeRTOS/portable -I../amazon-freertos/portable -I../amazon-freertos/include -I../board/src -O0 -fno-common -g -Wall -c  -ffunction-sections  -fdata-sections  -ffreestanding  -fno-builtin -mcpu=cortex-m4 -mfpu=fpv4-sp-d16 -mfloat-abi=hard -mthumb -D__REDLIB__ -specs=redlib.specs -MMD -MP -MF"source/SR70/RobotInterface.d" -MT"source/SR70/RobotInterface.o" -MT"source/SR70/RobotInterface.d" -o "source/SR70/RobotInterface.o" "../source/SR70/RobotInterface.c"
Invoking: MCU C Compiler
arm-none-eabi-gcc -std=gnu99 -D__REDLIB__ -DCPU_MKV31F512VLL12_cm4 -DCPU_MKV31F512VLL12 -DSDK_DEBUGCONSOLE=0 -DCR_INTEGER_PRINTF -DFRDM_KV31F -DFREEDOM -DFSL_RTOS_FREE_RTOS -D__MCUXPRESSO -D__USE_CMSIS -DDEBUG -I../board -I../source -I../ -I../drivers -I../CMSIS -I../startup -I../utilities -I../amazon-freertos/FreeRTOS/portable -I../amazon-freertos/portable -I../amazon-freertos/include -I../board/src -O0 -fno-common -g -Wall -c  -ffunction-sections  -fdata-sections  -ffreestanding  -fno-builtin -mcpu=cortex-m4 -mfpu=fpv4-sp-d16 -mfloat-abi=hard -mthumb -D__REDLIB__ -specs=redlib.specs -MMD -MP -MF"source/SR70_MC.d" -MT"source/SR70_MC.o" -MT"source/SR70_MC.d" -o "source/SR70_MC.o" "../source/SR70_MC.c"
Invoking: MCU C Compiler
arm-none-eabi-gcc -std=gnu99 -D__REDLIB__ -DCPU_MKV31F512VLL12_cm4 -DCPU_MKV31F512VLL12 -DSDK_DEBUGCONSOLE=0 -DCR_INTEGER_PRINTF -DFRDM_KV31F -DFREEDOM -DFSL_RTOS_FREE_RTOS -D__MCUXPRESSO -D__USE_CMSIS -DDEBUG -I../board -I../source -I../ -I../drivers -I../CMSIS -I../startup -I../utilities -I../amazon-freertos/FreeRTOS/portable -I../amazon-freertos/portable -I../amazon-freertos/include -I../board/src -O0 -fno-common -g -Wall -c  -ffunction-sections  -fdata-sections  -ffreestanding  -fno-builtin -mcpu=cortex-m4 -mfpu=fpv4-sp-d16 -mfloat-abi=hard -mthumb -D__REDLIB__ -specs=redlib.specs -MMD -MP -MF"drivers/fsl_adc16.d" -MT"drivers/fsl_adc16.o" -MT"drivers/fsl_adc16.d" -o "drivers/fsl_adc16.o" "../drivers/fsl_adc16.c"
arm-none-eabi-gcc -std=gnu99 -D__REDLIB__ -DCPU_MKV31F512VLL12_cm4 -DCPU_MKV31F512VLL12 -DSDK_DEBUGCONSOLE=0 -DCR_INTEGER_PRINTF -DFRDM_KV31F -DFREEDOM -DFSL_RTOS_FREE_RTOS -D__MCUXPRESSO -D__USE_CMSIS -DDEBUG -I../board -I../source -I../ -I../drivers -I../CMSIS -I../startup -I../utilities -I../amazon-freertos/FreeRTOS/portable -I../amazon-freertos/portable -I../amazon-freertos/include -I../board/src -O0 -fno-common -g -Wall -c  -ffunction-sections  -fdata-sections  -ffreestanding  -fno-builtin -mcpu=cortex-m4 -mfpu=fpv4-sp-d16 -mfloat-abi=hard -mthumb -D__REDLIB__ -specs=redlib.specs -MMD -MP -MF"drivers/fsl_ftm.d" -MT"drivers/fsl_ftm.o" -MT"drivers/fsl_ftm.d" -o "drivers/fsl_ftm.o" "../drivers/fsl_ftm.c"
In file included from ../source/SR70/RobotInterface.c:8:0:
../source/SR70/RobotInterface.h:21:10: fatal error: PWM_driver.h: No such file or directory
 #include <PWM_driver.h> // includes FTM (PWM) definitions
          ^~~~~~~~~~~~~~
compilation terminated.
../source/SR70_MC.c:26:10: fatal error: RobotInterface.h: No such file or directory
 #include "RobotInterface.h"
          ^~~~~~~~~~~~~~~~~~
compilation terminated.
make: *** [source/SR70/RobotInterface.o] Error 1
make: *** Waiting for unfinished jobs....
make: *** [source/SR70_MC.o] Error 1
Finished building: ../drivers/fsl_adc16.c
 
Finished building: ../drivers/fsl_ftm.c
 
10:13:36 **** Incremental Build of configuration Debug for project V15_RTOS_SR70_1 ****
make -r -j8 all 
Building file: ../source/SR70/RobotInterface.c
Building file: ../source/SR70_MC.c
Invoking: MCU C Compiler
arm-none-eabi-gcc -std=gnu99 -D__REDLIB__ -DCPU_MKV31F512VLL12_cm4 -DCPU_MKV31F512VLL12 -DSDK_DEBUGCONSOLE=0 -DCR_INTEGER_PRINTF -DFRDM_KV31F -DFREEDOM -DFSL_RTOS_FREE_RTOS -D__MCUXPRESSO -D__USE_CMSIS -DDEBUG -I../board -I../source -I../ -I../drivers -I../CMSIS -I../startup -I../utilities -I../amazon-freertos/FreeRTOS/portable -I../amazon-freertos/portable -I../amazon-freertos/include -I../board/src -O0 -fno-common -g -Wall -c  -ffunction-sections  -fdata-sections  -ffreestanding  -fno-builtin -mcpu=cortex-m4 -mfpu=fpv4-sp-d16 -mfloat-abi=hard -mthumb -D__REDLIB__ -specs=redlib.specs -MMD -MP -MF"source/SR70/RobotInterface.d" -MT"source/SR70/RobotInterface.o" -MT"source/SR70/RobotInterface.d" -o "source/SR70/RobotInterface.o" "../source/SR70/RobotInterface.c"
Invoking: MCU C Compiler
arm-none-eabi-gcc -std=gnu99 -D__REDLIB__ -DCPU_MKV31F512VLL12_cm4 -DCPU_MKV31F512VLL12 -DSDK_DEBUGCONSOLE=0 -DCR_INTEGER_PRINTF -DFRDM_KV31F -DFREEDOM -DFSL_RTOS_FREE_RTOS -D__MCUXPRESSO -D__USE_CMSIS -DDEBUG -I../board -I../source -I../ -I../drivers -I../CMSIS -I../startup -I../utilities -I../amazon-freertos/FreeRTOS/portable -I../amazon-freertos/portable -I../amazon-freertos/include -I../board/src -O0 -fno-common -g -Wall -c  -ffunction-sections  -fdata-sections  -ffreestanding  -fno-builtin -mcpu=cortex-m4 -mfpu=fpv4-sp-d16 -mfloat-abi=hard -mthumb -D__REDLIB__ -specs=redlib.specs -MMD -MP -MF"source/SR70_MC.d" -MT"source/SR70_MC.o" -MT"source/SR70_MC.d" -o "source/SR70_MC.o" "../source/SR70_MC.c"
In file included from ../source/SR70/RobotInterface.c:8:0:
../source/SR70/RobotInterface.h:21:10: fatal error: PWM_driver.h: No such file or directory
 #include <PWM_driver.h> // includes FTM (PWM) definitions
          ^~~~~~~~~~~~~~
compilation terminated.
../source/SR70_MC.c:26:10: fatal error: /SR70/RobotInterface.h: No such file or directory
 #include "/SR70/RobotInterface.h"
          ^~~~~~~~~~~~~~~~~~~~~~~~
compilation terminated.
make: *** [source/SR70/RobotInterface.o] Error 1
make: *** Waiting for unfinished jobs....
make: *** [source/SR70_MC.o] Error 1
10:14:27 **** Incremental Build of configuration Debug for project V15_RTOS_SR70_1 ****
make -r -j8 all 
Building file: ../source/DC_Motor.c
Building file: ../source/RobotInterface.c
Building file: ../source/SR70_MC.c
Building file: ../source/fsl_adc16.c
Building file: ../source/fsl_ftm.c
Invoking: MCU C Compiler
Invoking: MCU C Compiler
arm-none-eabi-gcc -std=gnu99 -D__REDLIB__ -DCPU_MKV31F512VLL12_cm4 -DCPU_MKV31F512VLL12 -DSDK_DEBUGCONSOLE=0 -DCR_INTEGER_PRINTF -DFRDM_KV31F -DFREEDOM -DFSL_RTOS_FREE_RTOS -D__MCUXPRESSO -D__USE_CMSIS -DDEBUG -I../board -I../source -I../ -I../drivers -I../CMSIS -I../startup -I../utilities -I../amazon-freertos/FreeRTOS/portable -I../amazon-freertos/portable -I../amazon-freertos/include -I../board/src -O0 -fno-common -g -Wall -c  -ffunction-sections  -fdata-sections  -ffreestanding  -fno-builtin -mcpu=cortex-m4 -mfpu=fpv4-sp-d16 -mfloat-abi=hard -mthumb -D__REDLIB__ -specs=redlib.specs -MMD -MP -MF"source/DC_Motor.d" -MT"source/DC_Motor.o" -MT"source/DC_Motor.d" -o "source/DC_Motor.o" "../source/DC_Motor.c"
Invoking: MCU C Compiler
arm-none-eabi-gcc -std=gnu99 -D__REDLIB__ -DCPU_MKV31F512VLL12_cm4 -DCPU_MKV31F512VLL12 -DSDK_DEBUGCONSOLE=0 -DCR_INTEGER_PRINTF -DFRDM_KV31F -DFREEDOM -DFSL_RTOS_FREE_RTOS -D__MCUXPRESSO -D__USE_CMSIS -DDEBUG -I../board -I../source -I../ -I../drivers -I../CMSIS -I../startup -I../utilities -I../amazon-freertos/FreeRTOS/portable -I../amazon-freertos/portable -I../amazon-freertos/include -I../board/src -O0 -fno-common -g -Wall -c  -ffunction-sections  -fdata-sections  -ffreestanding  -fno-builtin -mcpu=cortex-m4 -mfpu=fpv4-sp-d16 -mfloat-abi=hard -mthumb -D__REDLIB__ -specs=redlib.specs -MMD -MP -MF"source/RobotInterface.d" -MT"source/RobotInterface.o" -MT"source/RobotInterface.d" -o "source/RobotInterface.o" "../source/RobotInterface.c"
Invoking: MCU C Compiler
Invoking: MCU C Compiler
arm-none-eabi-gcc -std=gnu99 -D__REDLIB__ -DCPU_MKV31F512VLL12_cm4 -DCPU_MKV31F512VLL12 -DSDK_DEBUGCONSOLE=0 -DCR_INTEGER_PRINTF -DFRDM_KV31F -DFREEDOM -DFSL_RTOS_FREE_RTOS -D__MCUXPRESSO -D__USE_CMSIS -DDEBUG -I../board -I../source -I../ -I../drivers -I../CMSIS -I../startup -I../utilities -I../amazon-freertos/FreeRTOS/portable -I../amazon-freertos/portable -I../amazon-freertos/include -I../board/src -O0 -fno-common -g -Wall -c  -ffunction-sections  -fdata-sections  -ffreestanding  -fno-builtin -mcpu=cortex-m4 -mfpu=fpv4-sp-d16 -mfloat-abi=hard -mthumb -D__REDLIB__ -specs=redlib.specs -MMD -MP -MF"source/SR70_MC.d" -MT"source/SR70_MC.o" -MT"source/SR70_MC.d" -o "source/SR70_MC.o" "../source/SR70_MC.c"
arm-none-eabi-gcc -std=gnu99 -D__REDLIB__ -DCPU_MKV31F512VLL12_cm4 -DCPU_MKV31F512VLL12 -DSDK_DEBUGCONSOLE=0 -DCR_INTEGER_PRINTF -DFRDM_KV31F -DFREEDOM -DFSL_RTOS_FREE_RTOS -D__MCUXPRESSO -D__USE_CMSIS -DDEBUG -I../board -I../source -I../ -I../drivers -I../CMSIS -I../startup -I../utilities -I../amazon-freertos/FreeRTOS/portable -I../amazon-freertos/portable -I../amazon-freertos/include -I../board/src -O0 -fno-common -g -Wall -c  -ffunction-sections  -fdata-sections  -ffreestanding  -fno-builtin -mcpu=cortex-m4 -mfpu=fpv4-sp-d16 -mfloat-abi=hard -mthumb -D__REDLIB__ -specs=redlib.specs -MMD -MP -MF"source/fsl_ftm.d" -MT"source/fsl_ftm.o" -MT"source/fsl_ftm.d" -o "source/fsl_ftm.o" "../source/fsl_ftm.c"
arm-none-eabi-gcc -std=gnu99 -D__REDLIB__ -DCPU_MKV31F512VLL12_cm4 -DCPU_MKV31F512VLL12 -DSDK_DEBUGCONSOLE=0 -DCR_INTEGER_PRINTF -DFRDM_KV31F -DFREEDOM -DFSL_RTOS_FREE_RTOS -D__MCUXPRESSO -D__USE_CMSIS -DDEBUG -I../board -I../source -I../ -I../drivers -I../CMSIS -I../startup -I../utilities -I../amazon-freertos/FreeRTOS/portable -I../amazon-freertos/portable -I../amazon-freertos/include -I../board/src -O0 -fno-common -g -Wall -c  -ffunction-sections  -fdata-sections  -ffreestanding  -fno-builtin -mcpu=cortex-m4 -mfpu=fpv4-sp-d16 -mfloat-abi=hard -mthumb -D__REDLIB__ -specs=redlib.specs -MMD -MP -MF"source/fsl_adc16.d" -MT"source/fsl_adc16.o" -MT"source/fsl_adc16.d" -o "source/fsl_adc16.o" "../source/fsl_adc16.c"
Finished building: ../source/DC_Motor.c
../source/SR70_MC.c:26:10: fatal error: /SR70/RobotInterface.h: No such file or directory
 #include "/SR70/RobotInterface.h"
          ^~~~~~~~~~~~~~~~~~~~~~~~
compilation terminated.
 
make: *** [source/SR70_MC.o] Error 1
make: *** Waiting for unfinished jobs....
Finished building: ../source/fsl_adc16.c
Finished building: ../source/fsl_ftm.c
 
 
Finished building: ../source/RobotInterface.c
 
10:14:41 **** Clean-only build of configuration Debug for project V15_RTOS_SR70_1 ****
make -r -j8 clean 
[...]
     m_robot->m_movPar.command[i] == MOTOR_CCW_MOTION;
../source/RobotInterface.c:812:34: warning: statement with no effect [-Wunused-value]
     m_robot->m_movPar.command[i] == MOTOR_IDLE;
../source/RobotInterface.c:818:34: warning: statement with no effect [-Wunused-value]
   { m_robot->m_movPar.command[i] == MOTOR_IDLE;
Finished building: ../source/RobotInterface.c
 
Building target: V15_RTOS_SR70_1.axf
Invoking: MCU Linker
arm-none-eabi-gcc -nostdlib -Xlinker -Map="V15_RTOS_SR70_1.map" -Xlinker --gc-sections -Xlinker -print-memory-usage -Xlinker --sort-section=alignment -mcpu=cortex-m4 -mfpu=fpv4-sp-d16 -mfloat-abi=hard -mthumb -T frdmkv31f_freertos_swtimer_Debug.ld -o "V15_RTOS_SR70_1.axf"  ./utilities/fsl_assert.o ./utilities/fsl_debug_console.o ./utilities/fsl_io.o ./utilities/fsl_log.o ./utilities/fsl_str.o  ./startup/startup_mkv31f51212.o  ./source/DC_Motor.o ./source/RobotInterface.o ./source/SR70_MC.o ./source/semihost_hardfault.o  ./drivers/fsl_adc16.o ./drivers/fsl_clock.o ./drivers/fsl_common.o ./drivers/fsl_ftfx_cache.o ./drivers/fsl_ftfx_controller.o ./drivers/fsl_ftfx_flash.o ./drivers/fsl_ftfx_flexnvm.o ./drivers/fsl_ftm.o ./drivers/fsl_gpio.o ./drivers/fsl_lpuart.o ./drivers/fsl_smc.o ./drivers/fsl_uart.o  ./board/src/board.o ./board/src/clock_config.o  ./board/peripherals.o ./board/pin_mux.o  ./amazon-freertos/portable/fsl_tickless_systick.o  ./amazon-freertos/FreeRTOS/portable/heap_4.o ./amazon-freertos/FreeRTOS/portable/port.o  ./amazon-freertos/FreeRTOS/event_groups.o ./amazon-freertos/FreeRTOS/list.o ./amazon-freertos/FreeRTOS/queue.o ./amazon-freertos/FreeRTOS/stream_buffer.o ./amazon-freertos/FreeRTOS/tasks.o ./amazon-freertos/FreeRTOS/timers.o  ./CMSIS/system_MKV31F51212.o   
Memory region         Used Size  Region Size  %age Used
   PROGRAM_FLASH:       30548 B       512 KB      5.83%
      SRAM_UPPER:       20240 B        64 KB     30.88%
      SRAM_LOWER:          0 GB        32 KB      0.00%
Finished building target: V15_RTOS_SR70_1.axf
 
make --no-print-directory post-build
Performing post-build steps
arm-none-eabi-size "V15_RTOS_SR70_1.axf"; # arm-none-eabi-objcopy -v -O binary "V15_RTOS_SR70_1.axf" "V15_RTOS_SR70_1.bin" ; # checksum -p MKV31F512xxx12 -d "V15_RTOS_SR70_1.bin";
   text	   data	    bss	    dec	    hex	filename
  30532	     16	  20224	  50772	   c654	V15_RTOS_SR70_1.axf
 
16:28:58 **** Incremental Build of configuration Debug for project V15_RTOS_SR70_1 ****
make -r -j8 all 
Building file: ../source/RobotInterface.c
Building file: ../source/SR70_MC.c
Invoking: MCU C Compiler
Invoking: MCU C Compiler
arm-none-eabi-gcc -std=gnu99 -D__REDLIB__ -DCPU_MKV31F512VLL12_cm4 -DCPU_MKV31F512VLL12 -DSDK_DEBUGCONSOLE=0 -DCR_INTEGER_PRINTF -DFRDM_KV31F -DFREEDOM -DFSL_RTOS_FREE_RTOS -D__MCUXPRESSO -D__USE_CMSIS -DDEBUG -I../board -I../source -I../ -I../drivers -I../CMSIS -I../startup -I../utilities -I../amazon-freertos/FreeRTOS/portable -I../amazon-freertos/portable -I../amazon-freertos/include -I../board/src -O0 -fno-common -g -Wall -c  -ffunction-sections  -fdata-sections  -ffreestanding  -fno-builtin -mcpu=cortex-m4 -mfpu=fpv4-sp-d16 -mfloat-abi=hard -mthumb -D__REDLIB__ -specs=redlib.specs -MMD -MP -MF"source/RobotInterface.d" -MT"source/RobotInterface.o" -MT"source/RobotInterface.d" -o "source/RobotInterface.o" "../source/RobotInterface.c"
arm-none-eabi-gcc -std=gnu99 -D__REDLIB__ -DCPU_MKV31F512VLL12_cm4 -DCPU_MKV31F512VLL12 -DSDK_DEBUGCONSOLE=0 -DCR_INTEGER_PRINTF -DFRDM_KV31F -DFREEDOM -DFSL_RTOS_FREE_RTOS -D__MCUXPRESSO -D__USE_CMSIS -DDEBUG -I../board -I../source -I../ -I../drivers -I../CMSIS -I../startup -I../utilities -I../amazon-freertos/FreeRTOS/portable -I../amazon-freertos/portable -I../amazon-freertos/include -I../board/src -O0 -fno-common -g -Wall -c  -ffunction-sections  -fdata-sections  -ffreestanding  -fno-builtin -mcpu=cortex-m4 -mfpu=fpv4-sp-d16 -mfloat-abi=hard -mthumb -D__REDLIB__ -specs=redlib.specs -MMD -MP -MF"source/SR70_MC.d" -MT"source/SR70_MC.o" -MT"source/SR70_MC.d" -o "source/SR70_MC.o" "../source/SR70_MC.c"
../source/RobotInterface.c: In function 'UpdateCommand':
../source/RobotInterface.c:587:12: warning: variable 'm_state' set but not used [-Wunused-but-set-variable]
  STR_STATE m_state = m_robot->m_state;
            ^~~~~~~
../source/RobotInterface.c: In function 'MotionExecution':
../source/RobotInterface.c:799:34: warning: statement with no effect [-Wunused-value]
     m_robot->m_movPar.command[i] == MOTOR_CW_MOTION;
../source/RobotInterface.c:806:34: warning: statement with no effect [-Wunused-value]
     m_robot->m_movPar.command[i] == MOTOR_CCW_MOTION;
../source/RobotInterface.c:812:34: warning: statement with no effect [-Wunused-value]
     m_robot->m_movPar.command[i] == MOTOR_IDLE;
../source/RobotInterface.c:818:34: warning: statement with no effect [-Wunused-value]
   { m_robot->m_movPar.command[i] == MOTOR_IDLE;
Finished building: ../source/SR70_MC.c
 
Finished building: ../source/RobotInterface.c
 
Building target: V15_RTOS_SR70_1.axf
Invoking: MCU Linker
arm-none-eabi-gcc -nostdlib -Xlinker -Map="V15_RTOS_SR70_1.map" -Xlinker --gc-sections -Xlinker -print-memory-usage -Xlinker --sort-section=alignment -mcpu=cortex-m4 -mfpu=fpv4-sp-d16 -mfloat-abi=hard -mthumb -T frdmkv31f_freertos_swtimer_Debug.ld -o "V15_RTOS_SR70_1.axf"  ./utilities/fsl_assert.o ./utilities/fsl_debug_console.o ./utilities/fsl_io.o ./utilities/fsl_log.o ./utilities/fsl_str.o  ./startup/startup_mkv31f51212.o  ./source/DC_Motor.o ./source/RobotInterface.o ./source/SR70_MC.o ./source/semihost_hardfault.o  ./drivers/fsl_adc16.o ./drivers/fsl_clock.o ./drivers/fsl_common.o ./drivers/fsl_ftfx_cache.o ./drivers/fsl_ftfx_controller.o ./drivers/fsl_ftfx_flash.o ./drivers/fsl_ftfx_flexnvm.o ./drivers/fsl_ftm.o ./drivers/fsl_gpio.o ./drivers/fsl_lpuart.o ./drivers/fsl_smc.o ./drivers/fsl_uart.o  ./board/src/board.o ./board/src/clock_config.o  ./board/peripherals.o ./board/pin_mux.o  ./amazon-freertos/portable/fsl_tickless_systick.o  ./amazon-freertos/FreeRTOS/portable/heap_4.o ./amazon-freertos/FreeRTOS/portable/port.o  ./amazon-freertos/FreeRTOS/event_groups.o ./amazon-freertos/FreeRTOS/list.o ./amazon-freertos/FreeRTOS/queue.o ./amazon-freertos/FreeRTOS/stream_buffer.o ./amazon-freertos/FreeRTOS/tasks.o ./amazon-freertos/FreeRTOS/timers.o  ./CMSIS/system_MKV31F51212.o   
Memory region         Used Size  Region Size  %age Used
   PROGRAM_FLASH:       30548 B       512 KB      5.83%
      SRAM_UPPER:       20240 B        64 KB     30.88%
      SRAM_LOWER:          0 GB        32 KB      0.00%
Finished building target: V15_RTOS_SR70_1.axf
 
make --no-print-directory post-build
Performing post-build steps
arm-none-eabi-size "V15_RTOS_SR70_1.axf"; # arm-none-eabi-objcopy -v -O binary "V15_RTOS_SR70_1.axf" "V15_RTOS_SR70_1.bin" ; # checksum -p MKV31F512xxx12 -d "V15_RTOS_SR70_1.bin";
   text	   data	    bss	    dec	    hex	filename
  30532	     16	  20224	  50772	   c654	V15_RTOS_SR70_1.axf
 
16:29:18 **** Incremental Build of configuration Debug for project V15_RTOS_SR70_1 ****
make -r -j8 all 
Building file: ../source/RobotInterface.c
Invoking: MCU C Compiler
arm-none-eabi-gcc -std=gnu99 -D__REDLIB__ -DCPU_MKV31F512VLL12_cm4 -DCPU_MKV31F512VLL12 -DSDK_DEBUGCONSOLE=0 -DCR_INTEGER_PRINTF -DFRDM_KV31F -DFREEDOM -DFSL_RTOS_FREE_RTOS -D__MCUXPRESSO -D__USE_CMSIS -DDEBUG -I../board -I../source -I../ -I../drivers -I../CMSIS -I../startup -I../utilities -I../amazon-freertos/FreeRTOS/portable -I../amazon-freertos/portable -I../amazon-freertos/include -I../board/src -O0 -fno-common -g -Wall -c  -ffunction-sections  -fdata-sections  -ffreestanding  -fno-builtin -mcpu=cortex-m4 -mfpu=fpv4-sp-d16 -mfloat-abi=hard -mthumb -D__REDLIB__ -specs=redlib.specs -MMD -MP -MF"source/RobotInterface.d" -MT"source/RobotInterface.o" -MT"source/RobotInterface.d" -o "source/RobotInterface.o" "../source/RobotInterface.c"
../source/RobotInterface.c: In function 'UpdateCommand':
../source/RobotInterface.c:587:12: warning: variable 'm_state' set but not used [-Wunused-but-set-variable]
  STR_STATE m_state = m_robot->m_state;
            ^~~~~~~
../source/RobotInterface.c: In function 'MotionExecution':
../source/RobotInterface.c:799:34: warning: statement with no effect [-Wunused-value]
     m_robot->m_movPar.command[i] == MOTOR_CW_MOTION;
../source/RobotInterface.c:806:34: warning: statement with no effect [-Wunused-value]
     m_robot->m_movPar.command[i] == MOTOR_CCW_MOTION;
../source/RobotInterface.c:812:34: warning: statement with no effect [-Wunused-value]
     m_robot->m_movPar.command[i] == MOTOR_IDLE;
../source/RobotInterface.c:818:34: warning: statement with no effect [-Wunused-value]
   { m_robot->m_movPar.command[i] == MOTOR_IDLE;
Finished building: ../source/RobotInterface.c
 
Building target: V15_RTOS_SR70_1.axf
Invoking: MCU Linker
arm-none-eabi-gcc -nostdlib -Xlinker -Map="V15_RTOS_SR70_1.map" -Xlinker --gc-sections -Xlinker -print-memory-usage -Xlinker --sort-section=alignment -mcpu=cortex-m4 -mfpu=fpv4-sp-d16 -mfloat-abi=hard -mthumb -T frdmkv31f_freertos_swtimer_Debug.ld -o "V15_RTOS_SR70_1.axf"  ./utilities/fsl_assert.o ./utilities/fsl_debug_console.o ./utilities/fsl_io.o ./utilities/fsl_log.o ./utilities/fsl_str.o  ./startup/startup_mkv31f51212.o  ./source/DC_Motor.o ./source/RobotInterface.o ./source/SR70_MC.o ./source/semihost_hardfault.o  ./drivers/fsl_adc16.o ./drivers/fsl_clock.o ./drivers/fsl_common.o ./drivers/fsl_ftfx_cache.o ./drivers/fsl_ftfx_controller.o ./drivers/fsl_ftfx_flash.o ./drivers/fsl_ftfx_flexnvm.o ./drivers/fsl_ftm.o ./drivers/fsl_gpio.o ./drivers/fsl_lpuart.o ./drivers/fsl_smc.o ./drivers/fsl_uart.o  ./board/src/board.o ./board/src/clock_config.o  ./board/peripherals.o ./board/pin_mux.o  ./amazon-freertos/portable/fsl_tickless_systick.o  ./amazon-freertos/FreeRTOS/portable/heap_4.o ./amazon-freertos/FreeRTOS/portable/port.o  ./amazon-freertos/FreeRTOS/event_groups.o ./amazon-freertos/FreeRTOS/list.o ./amazon-freertos/FreeRTOS/queue.o ./amazon-freertos/FreeRTOS/stream_buffer.o ./amazon-freertos/FreeRTOS/tasks.o ./amazon-freertos/FreeRTOS/timers.o  ./CMSIS/system_MKV31F51212.o   
Memory region         Used Size  Region Size  %age Used
   PROGRAM_FLASH:       30548 B       512 KB      5.83%
      SRAM_UPPER:       20240 B        64 KB     30.88%
      SRAM_LOWER:          0 GB        32 KB      0.00%
Finished building target: V15_RTOS_SR70_1.axf
 
make --no-print-directory post-build
Performing post-build steps
arm-none-eabi-size "V15_RTOS_SR70_1.axf"; # arm-none-eabi-objcopy -v -O binary "V15_RTOS_SR70_1.axf" "V15_RTOS_SR70_1.bin" ; # checksum -p MKV31F512xxx12 -d "V15_RTOS_SR70_1.bin";
   text	   data	    bss	    dec	    hex	filename
  30532	     16	  20224	  50772	   c654	V15_RTOS_SR70_1.axf
 
16:36:48 **** Incremental Build of configuration Debug for project V15_RTOS_SR70_1 ****
make -r -j8 all 
Building file: ../source/RobotInterface.c
Building file: ../source/SR70_MC.c
Invoking: MCU C Compiler
Invoking: MCU C Compiler
arm-none-eabi-gcc -std=gnu99 -D__REDLIB__ -DCPU_MKV31F512VLL12_cm4 -DCPU_MKV31F512VLL12 -DSDK_DEBUGCONSOLE=0 -DCR_INTEGER_PRINTF -DFRDM_KV31F -DFREEDOM -DFSL_RTOS_FREE_RTOS -D__MCUXPRESSO -D__USE_CMSIS -DDEBUG -I../board -I../source -I../ -I../drivers -I../CMSIS -I../startup -I../utilities -I../amazon-freertos/FreeRTOS/portable -I../amazon-freertos/portable -I../amazon-freertos/include -I../board/src -O0 -fno-common -g -Wall -c  -ffunction-sections  -fdata-sections  -ffreestanding  -fno-builtin -mcpu=cortex-m4 -mfpu=fpv4-sp-d16 -mfloat-abi=hard -mthumb -D__REDLIB__ -specs=redlib.specs -MMD -MP -MF"source/RobotInterface.d" -MT"source/RobotInterface.o" -MT"source/RobotInterface.d" -o "source/RobotInterface.o" "../source/RobotInterface.c"
arm-none-eabi-gcc -std=gnu99 -D__REDLIB__ -DCPU_MKV31F512VLL12_cm4 -DCPU_MKV31F512VLL12 -DSDK_DEBUGCONSOLE=0 -DCR_INTEGER_PRINTF -DFRDM_KV31F -DFREEDOM -DFSL_RTOS_FREE_RTOS -D__MCUXPRESSO -D__USE_CMSIS -DDEBUG -I../board -I../source -I../ -I../drivers -I../CMSIS -I../startup -I../utilities -I../amazon-freertos/FreeRTOS/portable -I../amazon-freertos/portable -I../amazon-freertos/include -I../board/src -O0 -fno-common -g -Wall -c  -ffunction-sections  -fdata-sections  -ffreestanding  -fno-builtin -mcpu=cortex-m4 -mfpu=fpv4-sp-d16 -mfloat-abi=hard -mthumb -D__REDLIB__ -specs=redlib.specs -MMD -MP -MF"source/SR70_MC.d" -MT"source/SR70_MC.o" -MT"source/SR70_MC.d" -o "source/SR70_MC.o" "../source/SR70_MC.c"
../source/RobotInterface.c: In function 'UpdateCommand':
../source/RobotInterface.c:587:12: warning: variable 'm_state' set but not used [-Wunused-but-set-variable]
  STR_STATE m_state = m_robot->m_state;
            ^~~~~~~
../source/RobotInterface.c: In function 'MotionExecution':
../source/RobotInterface.c:799:34: warning: statement with no effect [-Wunused-value]
     m_robot->m_movPar.command[i] == MOTOR_CW_MOTION;
../source/RobotInterface.c:806:34: warning: statement with no effect [-Wunused-value]
     m_robot->m_movPar.command[i] == MOTOR_CCW_MOTION;
../source/RobotInterface.c:812:34: warning: statement with no effect [-Wunused-value]
     m_robot->m_movPar.command[i] == MOTOR_IDLE;
../source/RobotInterface.c:818:34: warning: statement with no effect [-Wunused-value]
   { m_robot->m_movPar.command[i] == MOTOR_IDLE;
../source/RobotInterface.c: In function 'MotorRun':
../source/RobotInterface.c:900:9: error: 'index' undeclared (first use in this function)
  switch(index){
         ^~~~~
../source/RobotInterface.c:900:9: note: each undeclared identifier is reported only once for each function it appears in
../source/RobotInterface.c:920:81: error: 'm' undeclared (first use in this function)
          FTM_UpdateChnlEdgeLevelSelect(BOARD_FTM_BASEADDR1, BOARD_FTM_CHANNEL1, m->pwmLevel);
                                                                                 ^
make: *** [source/RobotInterface.o] Error 1
make: *** Waiting for unfinished jobs....
Finished building: ../source/SR70_MC.c
 
16:36:59 **** Incremental Build of configuration Debug for project V15_RTOS_SR70_1 ****
make -r -j8 all 
Building file: ../source/RobotInterface.c
Invoking: MCU C Compiler
arm-none-eabi-gcc -std=gnu99 -D__REDLIB__ -DCPU_MKV31F512VLL12_cm4 -DCPU_MKV31F512VLL12 -DSDK_DEBUGCONSOLE=0 -DCR_INTEGER_PRINTF -DFRDM_KV31F -DFREEDOM -DFSL_RTOS_FREE_RTOS -D__MCUXPRESSO -D__USE_CMSIS -DDEBUG -I../board -I../source -I../ -I../drivers -I../CMSIS -I../startup -I../utilities -I../amazon-freertos/FreeRTOS/portable -I../amazon-freertos/portable -I../amazon-freertos/include -I../board/src -O0 -fno-common -g -Wall -c  -ffunction-sections  -fdata-sections  -ffreestanding  -fno-builtin -mcpu=cortex-m4 -mfpu=fpv4-sp-d16 -mfloat-abi=hard -mthumb -D__REDLIB__ -specs=redlib.specs -MMD -MP -MF"source/RobotInterface.d" -MT"source/RobotInterface.o" -MT"source/RobotInterface.d" -o "source/RobotInterface.o" "../source/RobotInterface.c"
../source/RobotInterface.c: In function 'UpdateCommand':
../source/RobotInterface.c:587:12: warning: variable 'm_state' set but not used [-Wunused-but-set-variable]
  STR_STATE m_state = m_robot->m_state;
            ^~~~~~~
../source/RobotInterface.c: In function 'MotionExecution':
../source/RobotInterface.c:799:34: warning: statement with no effect [-Wunused-value]
     m_robot->m_movPar.command[i] == MOTOR_CW_MOTION;
../source/RobotInterface.c:806:34: warning: statement with no effect [-Wunused-value]
     m_robot->m_movPar.command[i] == MOTOR_CCW_MOTION;
../source/RobotInterface.c:812:34: warning: statement with no effect [-Wunused-value]
     m_robot->m_movPar.command[i] == MOTOR_IDLE;
../source/RobotInterface.c:818:34: warning: statement with no effect [-Wunused-value]
   { m_robot->m_movPar.command[i] == MOTOR_IDLE;
../source/RobotInterface.c: In function 'MotorRun':
../source/RobotInterface.c:920:81: error: 'm' undeclared (first use in this function)
          FTM_UpdateChnlEdgeLevelSelect(BOARD_FTM_BASEADDR1, BOARD_FTM_CHANNEL1, m->pwmLevel);
                                                                                 ^
../source/RobotInterface.c:920:81: note: each undeclared identifier is reported only once for each function it appears in
make: *** [source/RobotInterface.o] Error 1
16:37:20 **** Incremental Build of configuration Debug for project V15_RTOS_SR70_1 ****
make -r -j8 all 
Building file: ../source/RobotInterface.c
Invoking: MCU C Compiler
arm-none-eabi-gcc -std=gnu99 -D__REDLIB__ -DCPU_MKV31F512VLL12_cm4 -DCPU_MKV31F512VLL12 -DSDK_DEBUGCONSOLE=0 -DCR_INTEGER_PRINTF -DFRDM_KV31F -DFREEDOM -DFSL_RTOS_FREE_RTOS -D__MCUXPRESSO -D__USE_CMSIS -DDEBUG -I../board -I../source -I../ -I../drivers -I../CMSIS -I../startup -I../utilities -I../amazon-freertos/FreeRTOS/portable -I../amazon-freertos/portable -I../amazon-freertos/include -I../board/src -O0 -fno-common -g -Wall -c  -ffunction-sections  -fdata-sections  -ffreestanding  -fno-builtin -mcpu=cortex-m4 -mfpu=fpv4-sp-d16 -mfloat-abi=hard -mthumb -D__REDLIB__ -specs=redlib.specs -MMD -MP -MF"source/RobotInterface.d" -MT"source/RobotInterface.o" -MT"source/RobotInterface.d" -o "source/RobotInterface.o" "../source/RobotInterface.c"
../source/RobotInterface.c: In function 'UpdateCommand':
../source/RobotInterface.c:587:12: warning: variable 'm_state' set but not used [-Wunused-but-set-variable]
  STR_STATE m_state = m_robot->m_state;
            ^~~~~~~
../source/RobotInterface.c: In function 'MotionExecution':
../source/RobotInterface.c:799:34: warning: statement with no effect [-Wunused-value]
     m_robot->m_movPar.command[i] == MOTOR_CW_MOTION;
../source/RobotInterface.c:806:34: warning: statement with no effect [-Wunused-value]
     m_robot->m_movPar.command[i] == MOTOR_CCW_MOTION;
../source/RobotInterface.c:812:34: warning: statement with no effect [-Wunused-value]
     m_robot->m_movPar.command[i] == MOTOR_IDLE;
../source/RobotInterface.c:818:34: warning: statement with no effect [-Wunused-value]
   { m_robot->m_movPar.command[i] == MOTOR_IDLE;
Finished building: ../source/RobotInterface.c
 
Building target: V15_RTOS_SR70_1.axf
Invoking: MCU Linker
arm-none-eabi-gcc -nostdlib -Xlinker -Map="V15_RTOS_SR70_1.map" -Xlinker --gc-sections -Xlinker -print-memory-usage -Xlinker --sort-section=alignment -mcpu=cortex-m4 -mfpu=fpv4-sp-d16 -mfloat-abi=hard -mthumb -T frdmkv31f_freertos_swtimer_Debug.ld -o "V15_RTOS_SR70_1.axf"  ./utilities/fsl_assert.o ./utilities/fsl_debug_console.o ./utilities/fsl_io.o ./utilities/fsl_log.o ./utilities/fsl_str.o  ./startup/startup_mkv31f51212.o  ./source/DC_Motor.o ./source/RobotInterface.o ./source/SR70_MC.o ./source/semihost_hardfault.o  ./drivers/fsl_adc16.o ./drivers/fsl_clock.o ./drivers/fsl_common.o ./drivers/fsl_ftfx_cache.o ./drivers/fsl_ftfx_controller.o ./drivers/fsl_ftfx_flash.o ./drivers/fsl_ftfx_flexnvm.o ./drivers/fsl_ftm.o ./drivers/fsl_gpio.o ./drivers/fsl_lpuart.o ./drivers/fsl_smc.o ./drivers/fsl_uart.o  ./board/src/board.o ./board/src/clock_config.o  ./board/peripherals.o ./board/pin_mux.o  ./amazon-freertos/portable/fsl_tickless_systick.o  ./amazon-freertos/FreeRTOS/portable/heap_4.o ./amazon-freertos/FreeRTOS/portable/port.o  ./amazon-freertos/FreeRTOS/event_groups.o ./amazon-freertos/FreeRTOS/list.o ./amazon-freertos/FreeRTOS/queue.o ./amazon-freertos/FreeRTOS/stream_buffer.o ./amazon-freertos/FreeRTOS/tasks.o ./amazon-freertos/FreeRTOS/timers.o  ./CMSIS/system_MKV31F51212.o   
Memory region         Used Size  Region Size  %age Used
   PROGRAM_FLASH:       30548 B       512 KB      5.83%
      SRAM_UPPER:       20240 B        64 KB     30.88%
      SRAM_LOWER:          0 GB        32 KB      0.00%
Finished building target: V15_RTOS_SR70_1.axf
 
make --no-print-directory post-build
Performing post-build steps
arm-none-eabi-size "V15_RTOS_SR70_1.axf"; # arm-none-eabi-objcopy -v -O binary "V15_RTOS_SR70_1.axf" "V15_RTOS_SR70_1.bin" ; # checksum -p MKV31F512xxx12 -d "V15_RTOS_SR70_1.bin";
   text	   data	    bss	    dec	    hex	filename
  30532	     16	  20224	  50772	   c654	V15_RTOS_SR70_1.axf
 
