Archive member included to satisfy reference by file (symbol)

c:/nxp/mcuxpressoide_10.2.1_795/ide/tools/bin/../lib/gcc/arm-none-eabi/7.2.1/../../../../arm-none-eabi/lib/thumb/v7e-m/fpv4-sp/hard\libcr_semihost_nf.a(_cr__main.o)
                              ./startup/startup_mkv31f51212.o (__main)
c:/nxp/mcuxpressoide_10.2.1_795/ide/tools/bin/../lib/gcc/arm-none-eabi/7.2.1/../../../../arm-none-eabi/lib/thumb/v7e-m/fpv4-sp/hard\libcr_semihost_nf.a(_cr_assert.o)
                              ./utilities/fsl_debug_console.o (__assertion_failed)
c:/nxp/mcuxpressoide_10.2.1_795/ide/tools/bin/../lib/gcc/arm-none-eabi/7.2.1/../../../../arm-none-eabi/lib/thumb/v7e-m/fpv4-sp/hard\libcr_semihost_nf.a(__ciob.o)
                              c:/nxp/mcuxpressoide_10.2.1_795/ide/tools/bin/../lib/gcc/arm-none-eabi/7.2.1/../../../../arm-none-eabi/lib/thumb/v7e-m/fpv4-sp/hard\libcr_semihost_nf.a(_cr_assert.o) (__Ciob)
c:/nxp/mcuxpressoide_10.2.1_795/ide/tools/bin/../lib/gcc/arm-none-eabi/7.2.1/../../../../arm-none-eabi/lib/thumb/v7e-m/fpv4-sp/hard\libcr_semihost_nf.a(__sys_appexit.o)
                              c:/nxp/mcuxpressoide_10.2.1_795/ide/tools/bin/../lib/gcc/arm-none-eabi/7.2.1/../../../../arm-none-eabi/lib/thumb/v7e-m/fpv4-sp/hard\libcr_semihost_nf.a(_cr_assert.o) (__sys_appexit)
c:/nxp/mcuxpressoide_10.2.1_795/ide/tools/bin/../lib/gcc/arm-none-eabi/7.2.1/../../../../arm-none-eabi/lib/thumb/v7e-m/fpv4-sp/hard\libcr_c.a(memcpy.o)
                              ./drivers/fsl_ftfx_cache.o (memcpy)
c:/nxp/mcuxpressoide_10.2.1_795/ide/tools/bin/../lib/gcc/arm-none-eabi/7.2.1/../../../../arm-none-eabi/lib/thumb/v7e-m/fpv4-sp/hard\libcr_c.a(memset.o)
                              ./drivers/fsl_ftfx_cache.o (memset)
c:/nxp/mcuxpressoide_10.2.1_795/ide/tools/bin/../lib/gcc/arm-none-eabi/7.2.1/../../../../arm-none-eabi/lib/thumb/v7e-m/fpv4-sp/hard\libcr_c.a(_deferredlazyseek.o)
                              c:/nxp/mcuxpressoide_10.2.1_795/ide/tools/bin/../lib/gcc/arm-none-eabi/7.2.1/../../../../arm-none-eabi/lib/thumb/v7e-m/fpv4-sp/hard\libcr_semihost_nf.a(_cr_assert.o) (__flsbuf)
c:/nxp/mcuxpressoide_10.2.1_795/ide/tools/bin/../lib/gcc/arm-none-eabi/7.2.1/../../../../arm-none-eabi/lib/thumb/v7e-m/fpv4-sp/hard\libcr_c.a(_fflush.o)
                              c:/nxp/mcuxpressoide_10.2.1_795/ide/tools/bin/../lib/gcc/arm-none-eabi/7.2.1/../../../../arm-none-eabi/lib/thumb/v7e-m/fpv4-sp/hard\libcr_c.a(_deferredlazyseek.o) (_fflush)
c:/nxp/mcuxpressoide_10.2.1_795/ide/tools/bin/../lib/gcc/arm-none-eabi/7.2.1/../../../../arm-none-eabi/lib/thumb/v7e-m/fpv4-sp/hard\libcr_c.a(_writebuf.o)
                              c:/nxp/mcuxpressoide_10.2.1_795/ide/tools/bin/../lib/gcc/arm-none-eabi/7.2.1/../../../../arm-none-eabi/lib/thumb/v7e-m/fpv4-sp/hard\libcr_c.a(_deferredlazyseek.o) (_Cwritebuf)
c:/nxp/mcuxpressoide_10.2.1_795/ide/tools/bin/../lib/gcc/arm-none-eabi/7.2.1/../../../../arm-none-eabi/lib/thumb/v7e-m/fpv4-sp/hard\libcr_c.a(alloc.o)
                              ./drivers/fsl_common.o (malloc)
c:/nxp/mcuxpressoide_10.2.1_795/ide/tools/bin/../lib/gcc/arm-none-eabi/7.2.1/../../../../arm-none-eabi/lib/thumb/v7e-m/fpv4-sp/hard\libcr_c.a(fputs.o)
                              c:/nxp/mcuxpressoide_10.2.1_795/ide/tools/bin/../lib/gcc/arm-none-eabi/7.2.1/../../../../arm-none-eabi/lib/thumb/v7e-m/fpv4-sp/hard\libcr_semihost_nf.a(_cr_assert.o) (fputs)
c:/nxp/mcuxpressoide_10.2.1_795/ide/tools/bin/../lib/gcc/arm-none-eabi/7.2.1/../../../../arm-none-eabi/lib/thumb/v7e-m/fpv4-sp/hard\libcr_c.a(fseek.o)
                              c:/nxp/mcuxpressoide_10.2.1_795/ide/tools/bin/../lib/gcc/arm-none-eabi/7.2.1/../../../../arm-none-eabi/lib/thumb/v7e-m/fpv4-sp/hard\libcr_c.a(_deferredlazyseek.o) (fseek)
c:/nxp/mcuxpressoide_10.2.1_795/ide/tools/bin/../lib/gcc/arm-none-eabi/7.2.1/../../../../arm-none-eabi/lib/thumb/v7e-m/fpv4-sp/hard\libcr_c.a(ftell.o)
                              c:/nxp/mcuxpressoide_10.2.1_795/ide/tools/bin/../lib/gcc/arm-none-eabi/7.2.1/../../../../arm-none-eabi/lib/thumb/v7e-m/fpv4-sp/hard\libcr_c.a(fseek.o) (ftell)
c:/nxp/mcuxpressoide_10.2.1_795/ide/tools/bin/../lib/gcc/arm-none-eabi/7.2.1/../../../../arm-none-eabi/lib/thumb/v7e-m/fpv4-sp/hard\libcr_c.a(initio.o)
                              c:/nxp/mcuxpressoide_10.2.1_795/ide/tools/bin/../lib/gcc/arm-none-eabi/7.2.1/../../../../arm-none-eabi/lib/thumb/v7e-m/fpv4-sp/hard\libcr_semihost_nf.a(_cr__main.o) (_initio)
c:/nxp/mcuxpressoide_10.2.1_795/ide/tools/bin/../lib/gcc/arm-none-eabi/7.2.1/../../../../arm-none-eabi/lib/thumb/v7e-m/fpv4-sp/hard\libcr_c.a(printf.o)
                              ./utilities/fsl_assert.o (_printf)
c:/nxp/mcuxpressoide_10.2.1_795/ide/tools/bin/../lib/gcc/arm-none-eabi/7.2.1/../../../../arm-none-eabi/lib/thumb/v7e-m/fpv4-sp/hard\libcr_c.a(setvbuf.o)
                              c:/nxp/mcuxpressoide_10.2.1_795/ide/tools/bin/../lib/gcc/arm-none-eabi/7.2.1/../../../../arm-none-eabi/lib/thumb/v7e-m/fpv4-sp/hard\libcr_c.a(initio.o) (setvbuf)
[...]
Memory Configuration

Name             Origin             Length             Attributes
PROGRAM_FLASH    0x00000000         0x00080000         xr
SRAM_UPPER       0x20000000         0x00010000         xrw
SRAM_LOWER       0x1fff8000         0x00008000         xrw
*default*        0x00000000         0xffffffff

Linker script and memory map

LOAD ./utilities/fsl_assert.o
LOAD ./utilities/fsl_debug_console.o
LOAD ./utilities/fsl_io.o
LOAD ./utilities/fsl_log.o
LOAD ./utilities/fsl_str.o
LOAD ./startup/startup_mkv31f51212.o
LOAD ./source/DC_Motor.o
LOAD ./source/RobotInterface.o
LOAD ./source/SR70_MC.o
LOAD ./source/semihost_hardfault.o
LOAD ./drivers/fsl_adc16.o
LOAD ./drivers/fsl_clock.o
LOAD ./drivers/fsl_common.o
LOAD ./drivers/fsl_ftfx_cache.o
LOAD ./drivers/fsl_ftfx_controller.o
LOAD ./drivers/fsl_ftfx_flash.o
LOAD ./drivers/fsl_ftfx_flexnvm.o
LOAD ./drivers/fsl_ftm.o
LOAD ./drivers/fsl_gpio.o
LOAD ./drivers/fsl_lpuart.o
LOAD ./drivers/fsl_smc.o
LOAD ./drivers/fsl_uart.o
LOAD ./board/src/board.o
LOAD ./board/src/clock_config.o
LOAD ./board/peripherals.o
LOAD ./board/pin_mux.o
LOAD ./amazon-freertos/portable/fsl_tickless_systick.o
LOAD ./amazon-freertos/FreeRTOS/portable/heap_4.o
LOAD ./amazon-freertos/FreeRTOS/portable/port.o
LOAD ./amazon-freertos/FreeRTOS/event_groups.o
LOAD ./amazon-freertos/FreeRTOS/list.o
LOAD ./amazon-freertos/FreeRTOS/queue.o
LOAD ./amazon-freertos/FreeRTOS/stream_buffer.o
LOAD ./amazon-freertos/FreeRTOS/tasks.o
LOAD ./amazon-freertos/FreeRTOS/timers.o
LOAD ./CMSIS/system_MKV31F51212.o
START GROUP
LOAD c:/nxp/mcuxpressoide_10.2.1_795/ide/tools/bin/../lib/gcc/arm-none-eabi/7.2.1/../../../../arm-none-eabi/lib/thumb/v7e-m/fpv4-sp/hard\libcr_semihost_nf.a
LOAD c:/nxp/mcuxpressoide_10.2.1_795/ide/tools/bin/../lib/gcc/arm-none-eabi/7.2.1/../../../../arm-none-eabi/lib/thumb/v7e-m/fpv4-sp/hard\libcr_c.a
LOAD c:/nxp/mcuxpressoide_10.2.1_795/ide/tools/bin/../lib/gcc/arm-none-eabi/7.2.1/thumb/v7e-m/fpv4-sp/hard\libcr_eabihelpers.a
END GROUP
                0x00000000                __base_PROGRAM_FLASH = 0x0
                0x00000000                __base_Flash = 0x0
                0x00080000                __top_PROGRAM_FLASH = 0x80000
                0x00080000                __top_Flash = 0x80000
                0x20000000                __base_SRAM_UPPER = 0x20000000
                0x20000000                __base_RAM = 0x20000000
                0x20010000                __top_SRAM_UPPER = 0x20010000
                0x20010000                __top_RAM = 0x20010000
                0x1fff8000                __base_SRAM_LOWER = 0x1fff8000
                0x1fff8000                __base_RAM2 = 0x1fff8000
                0x20000000                __top_SRAM_LOWER = 0x20000000
                0x20000000                __top_RAM2 = 0x20000000

.text           0x00000000     0x7744
 FILL mask 0xff
                0x00000000                __vectors_start__ = ABSOLUTE (.)
 *(SORT_BY_ALIGNMENT(.isr_vector))
 .isr_vector    0x00000000      0x168 ./startup/startup_mkv31f51212.o
                0x00000000                g_pfnVectors
                0x00000000                __Vectors
                0x00000168                . = ALIGN (0x4)
                0x00000168                __section_table_start = .
                0x00000168                __data_section_table = .
                0x00000168        0x4 LONG 0x7744 LOADADDR (.data)
                0x0000016c        0x4 LONG 0x20000000 ADDR (.data)
                0x00000170        0x4 LONG 0x10 SIZEOF (.data)
                0x00000174        0x4 LONG 0x7744 LOADADDR (.data_RAM2)
                0x00000178        0x4 LONG 0x1fff8000 ADDR (.data_RAM2)
                0x0000017c        0x4 LONG 0x0 SIZEOF (.data_RAM2)
                0x00000180                __data_section_table_end = .
                0x00000180                __bss_section_table = .
                0x00000180        0x4 LONG 0x20000010 ADDR (.bss)
                0x00000184        0x4 LONG 0x2f00 SIZEOF (.bss)
                0x00000188        0x4 LONG 0x1fff8000 ADDR (.bss_RAM2)
                0x0000018c        0x4 LONG 0x0 SIZEOF (.bss_RAM2)
                0x00000190                __bss_section_table_end = .
                0x00000190                __section_table_end = .
 *(SORT_BY_ALIGNMENT(.after_vectors*))
 .after_vectors.reset
                0x00000190       0x4c ./startup/startup_mkv31f51212.o
                0x00000190                ResetISR
 .after_vectors.init_data
                0x000001dc       0x1e ./startup/startup_mkv31f51212.o
                0x000001dc                data_init
 .after_vectors.init_bss
                0x000001fa       0x12 ./startup/startup_mkv31f51212.o
                0x000001fa                bss_init
 .after_vectors
                0x0000020c       0x14 ./startup/startup_mkv31f51212.o
                0x0000020c                NMI_Handler
                0x00000210                MemManage_Handler
                0x00000212                BusFault_Handler
                0x00000214                UsageFault_Handler
                0x00000218                DebugMon_Handler
                0x0000021e                LPTMR0_DriverIRQHandler
                0x0000021e                DMA_Error_DriverIRQHandler
                0x0000021e                SPI1_DriverIRQHandler
                0x0000021e                FTM1_DriverIRQHandler
                0x0000021e                FTM2_DriverIRQHandler
                0x0000021e                PIT2_DriverIRQHandler
                0x0000021e                Reserved82_DriverIRQHandler
                0x0000021e                FTF_DriverIRQHandler
                0x0000021e                DMA6_DriverIRQHandler
                0x0000021e                LLWU_DriverIRQHandler
                0x0000021e                MCM_DriverIRQHandler
                0x0000021e                MCG_DriverIRQHandler
                0x0000021e                Reserved63_DriverIRQHandler
                0x0000021e                DAC1_DriverIRQHandler
                0x0000021e                Reserved69_DriverIRQHandler
                0x0000021e                DMA12_DriverIRQHandler
                0x0000021e                CMP1_DriverIRQHandler
                0x0000021e                FTM0_DriverIRQHandler
                0x0000021e                IntDefaultHandler
                0x0000021e                PORTC_DriverIRQHandler
                0x0000021e                DMA11_DriverIRQHandler
                0x0000021e                DAC0_DriverIRQHandler
                0x0000021e                DMA10_DriverIRQHandler
                0x0000021e                UART2_ERR_DriverIRQHandler
                0x0000021e                LVD_LVW_DriverIRQHandler
                0x0000021e                Reserved84_DriverIRQHandler
                0x0000021e                PIT0_DriverIRQHandler
                0x0000021e                RNG_DriverIRQHandler
                0x0000021e                DMA5_DriverIRQHandler
                0x0000021e                PORTB_DriverIRQHandler
                0x0000021e                DMA3_DriverIRQHandler
                0x0000021e                Reserved53_DriverIRQHandler
                0x0000021e                Reserved45_DriverIRQHandler
                0x0000021e                DMA8_DriverIRQHandler
                0x0000021e                DMA9_DriverIRQHandler
                0x0000021e                UART0_ERR_DriverIRQHandler
                0x0000021e                Reserved71_DriverIRQHandler
                0x0000021e                ADC1_DriverIRQHandler
                0x0000021e                PORTA_DriverIRQHandler
                0x0000021e                DMA14_DriverIRQHandler
                0x0000021e                PIT3_DriverIRQHandler
                0x0000021e                PIT1_DriverIRQHandler
                0x0000021e                WDOG_EWM_DriverIRQHandler
                0x0000021e                PDB0_DriverIRQHandler
                0x0000021e                Reserved83_DriverIRQHandler
                0x0000021e                Reserved61_DriverIRQHandler
                0x0000021e                Read_Collision_DriverIRQHandler
                0x0000021e                Reserved54_DriverIRQHandler
                0x0000021e                SWI_DriverIRQHandler
                0x0000021e                Reserved62_DriverIRQHandler
                0x0000021e                DMA0_DriverIRQHandler
                0x0000021e                DMA1_DriverIRQHandler
                0x0000021e                Reserved44_DriverIRQHandler
                0x0000021e                I2C1_DriverIRQHandler
                0x0000021e                DMA13_DriverIRQHandler
                0x0000021e                DMA15_DriverIRQHandler
                0x0000021e                Reserved85_DriverIRQHandler
                0x0000021e                Reserved81_DriverIRQHandler
                0x0000021e                SPI0_DriverIRQHandler
                0x0000021e                ADC0_DriverIRQHandler
                0x0000021e                CMP0_DriverIRQHandler
                0x0000021e                FTM3_DriverIRQHandler
                0x0000021e                DMA4_DriverIRQHandler
                0x0000021e                UART1_ERR_DriverIRQHandler
                0x0000021e                DMA2_DriverIRQHandler
                0x0000021e                PORTD_DriverIRQHandler
                0x0000021e                Reserved70_DriverIRQHandler
                0x0000021e                Reserved86_DriverIRQHandler
                0x0000021e                PORTE_DriverIRQHandler
                0x0000021e                I2C0_DriverIRQHandler
                0x0000021e                DMA7_DriverIRQHandler
                0x00000400                . = 0x400
 *fill*         0x00000220      0x1e0 ff
                0x00000400                PROVIDE (__FLASH_CONFIG_START__, .)
 *(SORT_BY_ALIGNMENT(.FlashConfig))
 .FlashConfig   0x00000400       0x10 ./startup/startup_mkv31f51212.o
                0x00000400                Flash_Config
                0x00000410                PROVIDE (__FLASH_CONFIG_END__, .)
                0x00000001                ASSERT (! ((__FLASH_CONFIG_START__ == __FLASH_CONFIG_END__)), Linker Flash Config Support Enabled, but no .FlashConfig section provided within application)
 *(SORT_BY_ALIGNMENT(.text*))
 .text.SVC_Handler
                0x00000410       0x28 ./amazon-freertos/FreeRTOS/portable/port.o
                0x00000410                SVC_Handler
 *fill*         0x00000438        0x8 ff
 .text.PendSV_Handler
                0x00000440       0x68 ./amazon-freertos/FreeRTOS/portable/port.o
                0x00000440                PendSV_Handler
 .text.ADC2Mot  0x000004a8       0x9c ./source/RobotInterface.o
                0x000004a8                ADC2Mot
 .text.DbgConsole_Init
                0x00000544       0x38 ./utilities/fsl_debug_console.o
                0x00000544                DbgConsole_Init
 .text.IO_Init  0x0000057c       0xbc ./utilities/fsl_io.o
                0x0000057c                IO_Init
 .text.ADC16_GetChannelConversionValue
                0x00000638       0x2c ./source/RobotInterface.o
 .text.ADC_read
                0x00000664       0x78 ./source/RobotInterface.o
                0x00000664                ADC_read
 .text.ReadSideBtns
                0x000006dc       0x34 ./source/RobotInterface.o
                0x000006dc                ReadSideBtns
 .text.ProcessCommand
                0x00000710      0x370 ./source/RobotInterface.o
                0x00000710                ProcessCommand
 .text.brake    0x00000a80      0x128 ./source/RobotInterface.o
                0x00000a80                brake
 .text.main     0x00000ba8       0x88 ./source/SR70_MC.o
                0x00000ba8                main
 .text.SwTimerCallback
                0x00000c30       0x1c ./source/SR70_MC.o
 .text.SystemUpdateTask
                0x00000c4c       0x20 ./source/SR70_MC.o
 .text.ProcessingTask
                0x00000c6c       0x2c ./source/SR70_MC.o
 .text.ADC16_SetChannelConfig
                0x00000c98       0x68 ./drivers/fsl_adc16.o
                0x00000c98                ADC16_SetChannelConfig
 .text.ADC16_GetChannelStatusFlags
                0x00000d00       0x40 ./drivers/fsl_adc16.o
                0x00000d00                ADC16_GetChannelStatusFlags
 .text.CLOCK_SetEr32kClock
                0x00000d40       0x30 ./drivers/fsl_clock.o
 .text.CLOCK_SetPllFllSelClock
                0x00000d70       0x3c ./drivers/fsl_clock.o
 .text.CLOCK_GetMcgExtClkFreq
                0x00000dac       0x78 ./drivers/fsl_clock.o
 .text.CLOCK_GetFllExtRefClkFreq
                0x00000e24       0xd0 ./drivers/fsl_clock.o
 .text.CLOCK_GetInternalRefClkSelectFreq
                0x00000ef4       0x44 ./drivers/fsl_clock.o
 .text.CLOCK_GetFllRefClkFreq
                0x00000f38       0x2c ./drivers/fsl_clock.o
 .text.CLOCK_GetOscRangeFromFreq
                0x00000f64       0x3c ./drivers/fsl_clock.o
 .text.CLOCK_GetCoreSysClkFreq
                0x00000fa0       0x28 ./drivers/fsl_clock.o
                0x00000fa0                CLOCK_GetCoreSysClkFreq
 .text.CLOCK_SetSimConfig
                0x00000fc8       0x38 ./drivers/fsl_clock.o
                0x00000fc8                CLOCK_SetSimConfig
 .text.CLOCK_GetOutClkFreq
                0x00001000       0x64 ./drivers/fsl_clock.o
                0x00001000                CLOCK_GetOutClkFreq
 .text.CLOCK_GetFllFreq
                0x00001064       0x7c ./drivers/fsl_clock.o
                0x00001064                CLOCK_GetFllFreq
 .text.CLOCK_GetPll0Freq
                0x000010e0       0x68 ./drivers/fsl_clock.o
                0x000010e0                CLOCK_GetPll0Freq
 .text.CLOCK_SetExternalRefClkConfig
                0x00001148       0x6c ./drivers/fsl_clock.o
                0x00001148                CLOCK_SetExternalRefClkConfig
 .text.CLOCK_SetInternalRefClkConfig
                0x000011b4      0x104 ./drivers/fsl_clock.o
                0x000011b4                CLOCK_SetInternalRefClkConfig
 .text.CLOCK_EnablePll0
                0x000012b8       0x84 ./drivers/fsl_clock.o
                0x000012b8                CLOCK_EnablePll0
 .text.CLOCK_InitOsc0
                0x0000133c       0x8c ./drivers/fsl_clock.o
                0x0000133c                CLOCK_InitOsc0
 .text.CLOCK_SetPbeMode
                0x000013c8       0xa8 ./drivers/fsl_clock.o
                0x000013c8                CLOCK_SetPbeMode
 .text.CLOCK_BootToPeeMode
                0x00001470       0x64 ./drivers/fsl_clock.o
                0x00001470                CLOCK_BootToPeeMode
 .text.FTM_UpdatePwmDutycycle
                0x000014d4      0x10c ./drivers/fsl_ftm.o
                0x000014d4                FTM_UpdatePwmDutycycle
 .text.LPUART_GetInstance
                0x000015e0       0x44 ./drivers/fsl_lpuart.o
                0x000015e0                LPUART_GetInstance
 .text.LPUART_Init
                0x00001624      0x290 ./drivers/fsl_lpuart.o
                0x00001624                LPUART_Init
 .text.LPUART_GetDefaultConfig
                0x000018b4       0x70 ./drivers/fsl_lpuart.o
                0x000018b4                LPUART_GetDefaultConfig
 .text.LPUART0_DriverIRQHandler
                0x00001924       0x28 ./drivers/fsl_lpuart.o
                0x00001924                LPUART0_DriverIRQHandler
 .text.UART_GetInstance
                0x0000194c       0x54 ./drivers/fsl_uart.o
                0x0000194c                UART_GetInstance
 .text.UART_Init
                0x000019a0      0x280 ./drivers/fsl_uart.o
                0x000019a0                UART_Init
 .text.UART_GetDefaultConfig
                0x00001c20       0x58 ./drivers/fsl_uart.o
                0x00001c20                UART_GetDefaultConfig
 .text.UART0_DriverIRQHandler
                0x00001c78       0x28 ./drivers/fsl_uart.o
                0x00001c78                UART0_DriverIRQHandler
 .text.UART1_DriverIRQHandler
                0x00001ca0       0x28 ./drivers/fsl_uart.o
                0x00001ca0                UART1_DriverIRQHandler
 .text.UART2_DriverIRQHandler
                0x00001cc8       0x28 ./drivers/fsl_uart.o
                0x00001cc8                UART2_DriverIRQHandler
 .text.BOARD_InitDebugConsole
                0x00001cf0       0x28 ./board/src/board.o
                0x00001cf0                BOARD_InitDebugConsole
 .text.CLOCK_SetSimSafeDivs
                0x00001d18       0x24 ./board/src/clock_config.o
 .text.CLOCK_SetXtal0Freq
                0x00001d3c       0x20 ./board/src/clock_config.o
 .text.CLOCK_CONFIG_SetFllExtRefDiv
                0x00001d5c       0x3c ./board/src/clock_config.o
 .text.BOARD_BootClockRUN
                0x00001d98       0x60 ./board/src/clock_config.o
                0x00001d98                BOARD_BootClockRUN
 .text.BOARD_InitPins
                0x00001df8       0x48 ./board/pin_mux.o
                0x00001df8                BOARD_InitPins
 .text.vPortSetupTimerInterrupt
                0x00001e40       0x48 ./amazon-freertos/portable/fsl_tickless_systick.o
                0x00001e40                vPortSetupTimerInterrupt
 .text.pvPortMalloc
                0x00001e88      0x184 ./amazon-freertos/FreeRTOS/portable/heap_4.o
                0x00001e88                pvPortMalloc
 .text.vPortFree
                0x0000200c       0xb0 ./amazon-freertos/FreeRTOS/portable/heap_4.o
                0x0000200c                vPortFree
 .text.prvHeapInit
                0x000020bc       0xc4 ./amazon-freertos/FreeRTOS/portable/heap_4.o
 .text.prvInsertBlockIntoFreeList
                0x00002180       0xb4 ./amazon-freertos/FreeRTOS/portable/heap_4.o
 .text.pxPortInitialiseStack
                0x00002234       0x68 ./amazon-freertos/FreeRTOS/portable/port.o
                0x00002234                pxPortInitialiseStack
 .text.prvTaskExitError
                0x0000229c       0x54 ./amazon-freertos/FreeRTOS/portable/port.o
 .text.prvPortStartFirstTask
                0x000022f0       0x28 ./amazon-freertos/FreeRTOS/portable/port.o
 .text.xPortStartScheduler
                0x00002318      0x13c ./amazon-freertos/FreeRTOS/portable/port.o
                0x00002318                xPortStartScheduler
 .text.vPortEnterCritical
                0x00002454       0x5c ./amazon-freertos/FreeRTOS/portable/port.o
                0x00002454                vPortEnterCritical
 .text.vPortExitCritical
                0x000024b0       0x50 ./amazon-freertos/FreeRTOS/portable/port.o
                0x000024b0                vPortExitCritical
 .text.SysTick_Handler
                0x00002500       0x40 ./amazon-freertos/FreeRTOS/portable/port.o
                0x00002500                SysTick_Handler
 .text.vPortEnableVFP
                0x00002540       0x14 ./amazon-freertos/FreeRTOS/portable/port.o
 .text.vPortValidateInterruptPriority
                0x00002554       0x7c ./amazon-freertos/FreeRTOS/portable/port.o
                0x00002554                vPortValidateInterruptPriority
 .text.xQueueGenericReset
                0x000025d0       0xd0 ./amazon-freertos/FreeRTOS/queue.o
                0x000025d0                xQueueGenericReset
 .text.xQueueGenericSend
                0x000026a0      0x1f4 ./amazon-freertos/FreeRTOS/queue.o
                0x000026a0                xQueueGenericSend
 .text.xQueueReceive
                0x00002894      0x1b8 ./amazon-freertos/FreeRTOS/queue.o
                0x00002894                xQueueReceive
 .text.vQueueAddToRegistry
                0x00002a4c       0x50 ./amazon-freertos/FreeRTOS/queue.o
                0x00002a4c                vQueueAddToRegistry
 .text.prvAddNewTaskToReadyList
                0x00002a9c       0xdc ./amazon-freertos/FreeRTOS/tasks.o
 .text.vTaskDelayUntil
                0x00002b78       0xf4 ./amazon-freertos/FreeRTOS/tasks.o
                0x00002b78                vTaskDelayUntil
 .text.vTaskStartScheduler
                0x00002c6c       0x98 ./amazon-freertos/FreeRTOS/tasks.o
                0x00002c6c                vTaskStartScheduler
 .text.vTaskSuspendAll
                0x00002d04       0x1c ./amazon-freertos/FreeRTOS/tasks.o
                0x00002d04                vTaskSuspendAll
 .text.xTaskResumeAll
                0x00002d20      0x138 ./amazon-freertos/FreeRTOS/tasks.o
                0x00002d20                xTaskResumeAll
 .text.xTaskGetTickCount
                0x00002e58       0x20 ./amazon-freertos/FreeRTOS/tasks.o
                0x00002e58                xTaskGetTickCount
 .text.xTaskIncrementTick
                0x00002e78      0x158 ./amazon-freertos/FreeRTOS/tasks.o
                0x00002e78                xTaskIncrementTick
 .text.vTaskSwitchContext
                0x00002fd0       0xb4 ./amazon-freertos/FreeRTOS/tasks.o
                0x00002fd0                vTaskSwitchContext
 .text.vTaskPlaceOnEventList
                0x00003084       0x48 ./amazon-freertos/FreeRTOS/tasks.o
                0x00003084                vTaskPlaceOnEventList
 .text.vTaskPlaceOnEventListRestricted
                0x000030cc       0x54 ./amazon-freertos/FreeRTOS/tasks.o
                0x000030cc                vTaskPlaceOnEventListRestricted
 .text.xTaskRemoveFromEventList
                0x00003120       0xc4 ./amazon-freertos/FreeRTOS/tasks.o
                0x00003120                xTaskRemoveFromEventList
 .text.vTaskInternalSetTimeOutState
                0x000031e4       0x2c ./amazon-freertos/FreeRTOS/tasks.o
                0x000031e4                vTaskInternalSetTimeOutState
 .text.xTaskCheckForTimeOut
                0x00003210       0xc0 ./amazon-freertos/FreeRTOS/tasks.o
                0x00003210                xTaskCheckForTimeOut
 .text.vTaskMissedYield
                0x000032d0       0x18 ./amazon-freertos/FreeRTOS/tasks.o
                0x000032d0                vTaskMissedYield
 .text.prvIdleTask
                0x000032e8       0x30 ./amazon-freertos/FreeRTOS/tasks.o
 .text.prvInitialiseTaskLists
                0x00003318       0x80 ./amazon-freertos/FreeRTOS/tasks.o
 .text.prvCheckTasksWaitingTermination
                0x00003398       0x58 ./amazon-freertos/FreeRTOS/tasks.o
 .text.prvResetNextTaskUnblockTime
                0x000033f0       0x4c ./amazon-freertos/FreeRTOS/tasks.o
 .text.xTaskGetSchedulerState
                0x0000343c       0x3c ./amazon-freertos/FreeRTOS/tasks.o
                0x0000343c                xTaskGetSchedulerState
 .text.xTaskPriorityDisinherit
                0x00003478      0x108 ./amazon-freertos/FreeRTOS/tasks.o
                0x00003478                xTaskPriorityDisinherit
 .text.prvAddCurrentTaskToDelayedList
                0x00003580       0xcc ./amazon-freertos/FreeRTOS/tasks.o
 .text.xTimerCreateTimerTask
                0x0000364c       0x64 ./amazon-freertos/FreeRTOS/timers.o
                0x0000364c                xTimerCreateTimerTask
 .text.xTimerGenericCommand
                0x000036b0       0x98 ./amazon-freertos/FreeRTOS/timers.o
                0x000036b0                xTimerGenericCommand
 .text.prvProcessExpiredTimer
                0x00003748       0x80 ./amazon-freertos/FreeRTOS/timers.o
 .text.prvProcessTimerOrBlockTask
                0x000037c8       0x9c ./amazon-freertos/FreeRTOS/timers.o
 .text.prvGetNextExpireTime
                0x00003864       0x48 ./amazon-freertos/FreeRTOS/timers.o
 .text.prvSampleTimeNow
                0x000038ac       0x40 ./amazon-freertos/FreeRTOS/timers.o
 .text.prvInsertTimerInActiveList
                0x000038ec       0x84 ./amazon-freertos/FreeRTOS/timers.o
 .text.prvProcessReceivedCommands
                0x00003970      0x154 ./amazon-freertos/FreeRTOS/timers.o
 .text.prvSwitchTimerLists
                0x00003ac4       0xc0 ./amazon-freertos/FreeRTOS/timers.o
 .text.prvCheckForValidListAndQueue
                0x00003b84       0x6c ./amazon-freertos/FreeRTOS/timers.o
 .text.SystemInit
                0x00003bf0       0x3c ./CMSIS/system_MKV31F51212.o
                0x00003bf0                SystemInit
 .text.SystemCoreClockUpdate
                0x00003c2c      0x25c ./CMSIS/system_MKV31F51212.o
                0x00003c2c                SystemCoreClockUpdate
 .text.__assertion_failed
                0x00003e88       0x4c c:/nxp/mcuxpressoide_10.2.1_795/ide/tools/bin/../lib/gcc/arm-none-eabi/7.2.1/../../../../arm-none-eabi/lib/thumb/v7e-m/fpv4-sp/hard\libcr_semihost_nf.a(_cr_assert.o)
                0x00003e88                __assertion_failed
 .text.__sys_appexit
                0x00003ed4        0xc c:/nxp/mcuxpressoide_10.2.1_795/ide/tools/bin/../lib/gcc/arm-none-eabi/7.2.1/../../../../arm-none-eabi/lib/thumb/v7e-m/fpv4-sp/hard\libcr_semihost_nf.a(__sys_appexit.o)
                0x00003ed4                __sys_appexit
                0x00003ed4                __exit
 .text._Cwritebuf
                0x00003ee0       0x6c c:/nxp/mcuxpressoide_10.2.1_795/ide/tools/bin/../lib/gcc/arm-none-eabi/7.2.1/../../../../arm-none-eabi/lib/thumb/v7e-m/fpv4-sp/hard\libcr_c.a(_writebuf.o)
                0x00003ee0                _Cwritebuf
 .text.malloc   0x00003f4c       0xc8 c:/nxp/mcuxpressoide_10.2.1_795/ide/tools/bin/../lib/gcc/arm-none-eabi/7.2.1/../../../../arm-none-eabi/lib/thumb/v7e-m/fpv4-sp/hard\libcr_c.a(alloc.o)
                0x00003f4c                malloc
 .text._Csys_alloc
                0x00004014       0x20 c:/nxp/mcuxpressoide_10.2.1_795/ide/tools/bin/../lib/gcc/arm-none-eabi/7.2.1/../../../../arm-none-eabi/lib/thumb/v7e-m/fpv4-sp/hard\libcr_c.a(alloc.o)
                0x00004014                _Csys_alloc
 .text.fseek    0x00004034      0x100 c:/nxp/mcuxpressoide_10.2.1_795/ide/tools/bin/../lib/gcc/arm-none-eabi/7.2.1/../../../../arm-none-eabi/lib/thumb/v7e-m/fpv4-sp/hard\libcr_c.a(fseek.o)
                0x00004034                fseek
 .text.ftell    0x00004134       0x44 c:/nxp/mcuxpressoide_10.2.1_795/ide/tools/bin/../lib/gcc/arm-none-eabi/7.2.1/../../../../arm-none-eabi/lib/thumb/v7e-m/fpv4-sp/hard\libcr_c.a(ftell.o)
                0x00004134                ftell
 .text._initio  0x00004178       0x78 c:/nxp/mcuxpressoide_10.2.1_795/ide/tools/bin/../lib/gcc/arm-none-eabi/7.2.1/../../../../arm-none-eabi/lib/thumb/v7e-m/fpv4-sp/hard\libcr_c.a(initio.o)
                0x00004178                _initio
 .text.__vfprintf
                0x000041f0      0xb98 c:/nxp/mcuxpressoide_10.2.1_795/ide/tools/bin/../lib/gcc/arm-none-eabi/7.2.1/../../../../arm-none-eabi/lib/thumb/v7e-m/fpv4-sp/hard\libcr_c.a(printf.o)
                0x000041f0                __vfprintf
 .text._vsnprintf
                0x00004d88       0x5c c:/nxp/mcuxpressoide_10.2.1_795/ide/tools/bin/../lib/gcc/arm-none-eabi/7.2.1/../../../../arm-none-eabi/lib/thumb/v7e-m/fpv4-sp/hard\libcr_c.a(printf.o)
                0x00004d88                _vsnprintf
 .text._printf  0x00004de4       0x54 c:/nxp/mcuxpressoide_10.2.1_795/ide/tools/bin/../lib/gcc/arm-none-eabi/7.2.1/../../../../arm-none-eabi/lib/thumb/v7e-m/fpv4-sp/hard\libcr_c.a(printf.o)
                0x00004de4                _printf
 .text.setvbuf  0x00004e38       0x40 c:/nxp/mcuxpressoide_10.2.1_795/ide/tools/bin/../lib/gcc/arm-none-eabi/7.2.1/../../../../arm-none-eabi/lib/thumb/v7e-m/fpv4-sp/hard\libcr_c.a(setvbuf.o)
                0x00004e38                setvbuf
 .text._sbrk    0x00004e78       0x3c c:/nxp/mcuxpressoide_10.2.1_795/ide/tools/bin/../lib/gcc/arm-none-eabi/7.2.1/../../../../arm-none-eabi/lib/thumb/v7e-m/fpv4-sp/hard\libcr_c.a(_cr_sbrk.o)
                0x00004e78                _sbrk
 .text.fflush   0x00004eb4       0x44 c:/nxp/mcuxpressoide_10.2.1_795/ide/tools/bin/../lib/gcc/arm-none-eabi/7.2.1/../../../../arm-none-eabi/lib/thumb/v7e-m/fpv4-sp/hard\libcr_c.a(fflush.o)
                0x00004eb4                fflush
 .text.__check_heap_overflow
                0x00004ef8       0x18 c:/nxp/mcuxpressoide_10.2.1_795/ide/tools/bin/../lib/gcc/arm-none-eabi/7.2.1/../../../../arm-none-eabi/lib/thumb/v7e-m/fpv4-sp/hard\libcr_c.a(_cr_check_heap.o)
                0x00004ef8                __check_heap_overflow
 .text.__aeabi_dmul
                0x00004f10      0x11c c:/nxp/mcuxpressoide_10.2.1_795/ide/tools/bin/../lib/gcc/arm-none-eabi/7.2.1/thumb/v7e-m/fpv4-sp/hard\libcr_eabihelpers.a(double.o)
                0x00004f10                __aeabi_dmul
 .text.__aeabi_ddiv
                0x0000502c      0x138 c:/nxp/mcuxpressoide_10.2.1_795/ide/tools/bin/../lib/gcc/arm-none-eabi/7.2.1/thumb/v7e-m/fpv4-sp/hard\libcr_eabihelpers.a(double.o)
                0x0000502c                __aeabi_ddiv
 .text.UART_EnableTx
                0x00005164       0x40 ./utilities/fsl_io.o
 .text.UART_EnableRx
                0x000051a4       0x40 ./utilities/fsl_io.o
 .text.LPUART_EnableTx
                0x000051e4       0x38 ./utilities/fsl_io.o
 .text.LPUART_EnableRx
                0x0000521c       0x38 ./utilities/fsl_io.o
 .text.LOG_Init
                0x00005254       0x30 ./utilities/fsl_log.o
                0x00005254                LOG_Init
 .text.DMA0_IRQHandler
                0x00005284        0x8 ./startup/startup_mkv31f51212.o
                0x00005284                DMA0_IRQHandler
 .text.DMA1_IRQHandler
                0x0000528c        0x8 ./startup/startup_mkv31f51212.o
                0x0000528c                DMA1_IRQHandler
 .text.DMA2_IRQHandler
                0x00005294        0x8 ./startup/startup_mkv31f51212.o
                0x00005294                DMA2_IRQHandler
 .text.DMA3_IRQHandler
                0x0000529c        0x8 ./startup/startup_mkv31f51212.o
                0x0000529c                DMA3_IRQHandler
 .text.DMA4_IRQHandler
                0x000052a4        0x8 ./startup/startup_mkv31f51212.o
                0x000052a4                DMA4_IRQHandler
 .text.DMA5_IRQHandler
                0x000052ac        0x8 ./startup/startup_mkv31f51212.o
                0x000052ac                DMA5_IRQHandler
 .text.DMA6_IRQHandler
                0x000052b4        0x8 ./startup/startup_mkv31f51212.o
                0x000052b4                DMA6_IRQHandler
 .text.DMA7_IRQHandler
                0x000052bc        0x8 ./startup/startup_mkv31f51212.o
                0x000052bc                DMA7_IRQHandler
 .text.DMA8_IRQHandler
                0x000052c4        0x8 ./startup/startup_mkv31f51212.o
                0x000052c4                DMA8_IRQHandler
 .text.DMA9_IRQHandler
                0x000052cc        0x8 ./startup/startup_mkv31f51212.o
                0x000052cc                DMA9_IRQHandler
 .text.DMA10_IRQHandler
                0x000052d4        0x8 ./startup/startup_mkv31f51212.o
                0x000052d4                DMA10_IRQHandler
 .text.DMA11_IRQHandler
                0x000052dc        0x8 ./startup/startup_mkv31f51212.o
                0x000052dc                DMA11_IRQHandler
 .text.DMA12_IRQHandler
                0x000052e4        0x8 ./startup/startup_mkv31f51212.o
                0x000052e4                DMA12_IRQHandler
 .text.DMA13_IRQHandler
                0x000052ec        0x8 ./startup/startup_mkv31f51212.o
                0x000052ec                DMA13_IRQHandler
 .text.DMA14_IRQHandler
                0x000052f4        0x8 ./startup/startup_mkv31f51212.o
                0x000052f4                DMA14_IRQHandler
 .text.DMA15_IRQHandler
                0x000052fc        0x8 ./startup/startup_mkv31f51212.o
                0x000052fc                DMA15_IRQHandler
 .text.DMA_Error_IRQHandler
                0x00005304        0x8 ./startup/startup_mkv31f51212.o
                0x00005304                DMA_Error_IRQHandler
 .text.MCM_IRQHandler
                0x0000530c        0x8 ./startup/startup_mkv31f51212.o
                0x0000530c                MCM_IRQHandler
 .text.FTF_IRQHandler
                0x00005314        0x8 ./startup/startup_mkv31f51212.o
                0x00005314                FTF_IRQHandler
 .text.Read_Collision_IRQHandler
                0x0000531c        0x8 ./startup/startup_mkv31f51212.o
                0x0000531c                Read_Collision_IRQHandler
 .text.LVD_LVW_IRQHandler
                0x00005324        0x8 ./startup/startup_mkv31f51212.o
                0x00005324                LVD_LVW_IRQHandler
 .text.LLWU_IRQHandler
                0x0000532c        0x8 ./startup/startup_mkv31f51212.o
                0x0000532c                LLWU_IRQHandler
 .text.WDOG_EWM_IRQHandler
                0x00005334        0x8 ./startup/startup_mkv31f51212.o
                0x00005334                WDOG_EWM_IRQHandler
 .text.RNG_IRQHandler
                0x0000533c        0x8 ./startup/startup_mkv31f51212.o
                0x0000533c                RNG_IRQHandler
 .text.I2C0_IRQHandler
                0x00005344        0x8 ./startup/startup_mkv31f51212.o
                0x00005344                I2C0_IRQHandler
 .text.I2C1_IRQHandler
                0x0000534c        0x8 ./startup/startup_mkv31f51212.o
                0x0000534c                I2C1_IRQHandler
 .text.SPI0_IRQHandler
                0x00005354        0x8 ./startup/startup_mkv31f51212.o
                0x00005354                SPI0_IRQHandler
 .text.SPI1_IRQHandler
                0x0000535c        0x8 ./startup/startup_mkv31f51212.o
                0x0000535c                SPI1_IRQHandler
 .text.Reserved44_IRQHandler
                0x00005364        0x8 ./startup/startup_mkv31f51212.o
                0x00005364                Reserved44_IRQHandler
 .text.Reserved45_IRQHandler
                0x0000536c        0x8 ./startup/startup_mkv31f51212.o
                0x0000536c                Reserved45_IRQHandler
 .text.LPUART0_IRQHandler
                0x00005374        0x8 ./startup/startup_mkv31f51212.o
                0x00005374                LPUART0_IRQHandler
 .text.UART0_RX_TX_IRQHandler
                0x0000537c        0x8 ./startup/startup_mkv31f51212.o
                0x0000537c                UART0_RX_TX_IRQHandler
 .text.UART0_ERR_IRQHandler
                0x00005384        0x8 ./startup/startup_mkv31f51212.o
                0x00005384                UART0_ERR_IRQHandler
 .text.UART1_RX_TX_IRQHandler
                0x0000538c        0x8 ./startup/startup_mkv31f51212.o
                0x0000538c                UART1_RX_TX_IRQHandler
 .text.UART1_ERR_IRQHandler
                0x00005394        0x8 ./startup/startup_mkv31f51212.o
                0x00005394                UART1_ERR_IRQHandler
 .text.UART2_RX_TX_IRQHandler
                0x0000539c        0x8 ./startup/startup_mkv31f51212.o
                0x0000539c                UART2_RX_TX_IRQHandler
 .text.UART2_ERR_IRQHandler
                0x000053a4        0x8 ./startup/startup_mkv31f51212.o
                0x000053a4                UART2_ERR_IRQHandler
 .text.Reserved53_IRQHandler
                0x000053ac        0x8 ./startup/startup_mkv31f51212.o
                0x000053ac                Reserved53_IRQHandler
 .text.Reserved54_IRQHandler
                0x000053b4        0x8 ./startup/startup_mkv31f51212.o
                0x000053b4                Reserved54_IRQHandler
 .text.ADC0_IRQHandler
                0x000053bc        0x8 ./startup/startup_mkv31f51212.o
                0x000053bc                ADC0_IRQHandler
 .text.CMP0_IRQHandler
                0x000053c4        0x8 ./startup/startup_mkv31f51212.o
                0x000053c4                CMP0_IRQHandler
 .text.CMP1_IRQHandler
                0x000053cc        0x8 ./startup/startup_mkv31f51212.o
                0x000053cc                CMP1_IRQHandler
 .text.FTM0_IRQHandler
                0x000053d4        0x8 ./startup/startup_mkv31f51212.o
                0x000053d4                FTM0_IRQHandler
 .text.FTM1_IRQHandler
                0x000053dc        0x8 ./startup/startup_mkv31f51212.o
                0x000053dc                FTM1_IRQHandler
 .text.FTM2_IRQHandler
                0x000053e4        0x8 ./startup/startup_mkv31f51212.o
                0x000053e4                FTM2_IRQHandler
 .text.Reserved61_IRQHandler
                0x000053ec        0x8 ./startup/startup_mkv31f51212.o
                0x000053ec                Reserved61_IRQHandler
 .text.Reserved62_IRQHandler
                0x000053f4        0x8 ./startup/startup_mkv31f51212.o
                0x000053f4                Reserved62_IRQHandler
 .text.Reserved63_IRQHandler
                0x000053fc        0x8 ./startup/startup_mkv31f51212.o
                0x000053fc                Reserved63_IRQHandler
 .text.PIT0_IRQHandler
                0x00005404        0x8 ./startup/startup_mkv31f51212.o
                0x00005404                PIT0_IRQHandler
 .text.PIT1_IRQHandler
                0x0000540c        0x8 ./startup/startup_mkv31f51212.o
                0x0000540c                PIT1_IRQHandler
 .text.PIT2_IRQHandler
                0x00005414        0x8 ./startup/startup_mkv31f51212.o
                0x00005414                PIT2_IRQHandler
 .text.PIT3_IRQHandler
                0x0000541c        0x8 ./startup/startup_mkv31f51212.o
                0x0000541c                PIT3_IRQHandler
 .text.PDB0_IRQHandler
                0x00005424        0x8 ./startup/startup_mkv31f51212.o
                0x00005424                PDB0_IRQHandler
 .text.Reserved69_IRQHandler
                0x0000542c        0x8 ./startup/startup_mkv31f51212.o
                0x0000542c                Reserved69_IRQHandler
 .text.Reserved70_IRQHandler
                0x00005434        0x8 ./startup/startup_mkv31f51212.o
                0x00005434                Reserved70_IRQHandler
 .text.Reserved71_IRQHandler
                0x0000543c        0x8 ./startup/startup_mkv31f51212.o
                0x0000543c                Reserved71_IRQHandler
 .text.DAC0_IRQHandler
                0x00005444        0x8 ./startup/startup_mkv31f51212.o
                0x00005444                DAC0_IRQHandler
 .text.MCG_IRQHandler
                0x0000544c        0x8 ./startup/startup_mkv31f51212.o
                0x0000544c                MCG_IRQHandler
 .text.LPTMR0_IRQHandler
                0x00005454        0x8 ./startup/startup_mkv31f51212.o
                0x00005454                LPTMR0_IRQHandler
 .text.PORTA_IRQHandler
                0x0000545c        0x8 ./startup/startup_mkv31f51212.o
                0x0000545c                PORTA_IRQHandler
 .text.PORTB_IRQHandler
                0x00005464        0x8 ./startup/startup_mkv31f51212.o
                0x00005464                PORTB_IRQHandler
 .text.PORTC_IRQHandler
                0x0000546c        0x8 ./startup/startup_mkv31f51212.o
                0x0000546c                PORTC_IRQHandler
 .text.PORTD_IRQHandler
                0x00005474        0x8 ./startup/startup_mkv31f51212.o
                0x00005474                PORTD_IRQHandler
 .text.PORTE_IRQHandler
                0x0000547c        0x8 ./startup/startup_mkv31f51212.o
                0x0000547c                PORTE_IRQHandler
 .text.SWI_IRQHandler
                0x00005484        0x8 ./startup/startup_mkv31f51212.o
                0x00005484                SWI_IRQHandler
 .text.Reserved81_IRQHandler
                0x0000548c        0x8 ./startup/startup_mkv31f51212.o
                0x0000548c                Reserved81_IRQHandler
 .text.Reserved82_IRQHandler
                0x00005494        0x8 ./startup/startup_mkv31f51212.o
                0x00005494                Reserved82_IRQHandler
 .text.Reserved83_IRQHandler
                0x0000549c        0x8 ./startup/startup_mkv31f51212.o
                0x0000549c                Reserved83_IRQHandler
 .text.Reserved84_IRQHandler
                0x000054a4        0x8 ./startup/startup_mkv31f51212.o
                0x000054a4                Reserved84_IRQHandler
 .text.Reserved85_IRQHandler
                0x000054ac        0x8 ./startup/startup_mkv31f51212.o
                0x000054ac                Reserved85_IRQHandler
 .text.Reserved86_IRQHandler
                0x000054b4        0x8 ./startup/startup_mkv31f51212.o
                0x000054b4                Reserved86_IRQHandler
 .text.FTM3_IRQHandler
                0x000054bc        0x8 ./startup/startup_mkv31f51212.o
                0x000054bc                FTM3_IRQHandler
 .text.DAC1_IRQHandler
                0x000054c4        0x8 ./startup/startup_mkv31f51212.o
                0x000054c4                DAC1_IRQHandler
 .text.ADC1_IRQHandler
                0x000054cc        0x8 ./startup/startup_mkv31f51212.o
                0x000054cc                ADC1_IRQHandler
 .text.GPIO_PinRead
                0x000054d4       0x24 ./source/RobotInterface.o
 .text.GPIO_ReadPinInput
                0x000054f8       0x1c ./source/RobotInterface.o
 .text.FTM_SetSoftwareTrigger
                0x00005514       0x38 ./source/RobotInterface.o
 .text.UpdateRead
                0x0000554c       0x1c ./source/RobotInterface.o
                0x0000554c                UpdateRead
 .text.WatchdogThread
                0x00005568       0x5e ./source/RobotInterface.o
                0x00005568                WatchdogThread
 .text.UpdateStatus
                0x000055c6       0x14 ./source/RobotInterface.o
                0x000055c6                UpdateStatus
 .text.UpdateCommand
                0x000055da       0x74 ./source/RobotInterface.o
                0x000055da                UpdateCommand
 .text.MotionExecution
                0x0000564e      0x124 ./source/RobotInterface.o
                0x0000564e                MotionExecution
 .text.MotorCmd
                0x00005772      0x12a ./source/RobotInterface.o
                0x00005772                MotorCmd
 .text.HardFault_Handler
                0x0000589c       0x2c ./source/semihost_hardfault.o
                0x0000589c                HardFault_Handler
 .text.OSC_SetExtRefClkConfig
                0x000058c8       0x40 ./drivers/fsl_clock.o
 .text.OSC_SetCapLoad
                0x00005908       0x34 ./drivers/fsl_clock.o
 .text.CLOCK_GetPll0RefFreq
                0x0000593c        0xe ./drivers/fsl_clock.o
 .text.FTM_UpdateChnlEdgeLevelSelect
                0x0000594a       0x4e ./drivers/fsl_ftm.o
                0x0000594a                FTM_UpdateChnlEdgeLevelSelect
 .text.CLOCK_EnableClock
                0x00005998       0x34 ./drivers/fsl_lpuart.o
 .text.CLOCK_EnableClock
                0x000059cc       0x34 ./drivers/fsl_uart.o
 .text.UART0_RX_TX_DriverIRQHandler
                0x00005a00       0x10 ./drivers/fsl_uart.o
                0x00005a00                UART0_RX_TX_DriverIRQHandler
 .text.UART1_RX_TX_DriverIRQHandler
                0x00005a10       0x10 ./drivers/fsl_uart.o
                0x00005a10                UART1_RX_TX_DriverIRQHandler
 .text.UART2_RX_TX_DriverIRQHandler
                0x00005a20       0x10 ./drivers/fsl_uart.o
                0x00005a20                UART2_RX_TX_DriverIRQHandler
 .text.CLOCK_EnableClock
                0x00005a30       0x34 ./board/pin_mux.o
 .text.PORT_SetPinMux
                0x00005a64       0x3a ./board/pin_mux.o
 .text.vListInitialise
                0x00005a9e       0x40 ./amazon-freertos/FreeRTOS/list.o
                0x00005a9e                vListInitialise
 .text.vListInitialiseItem
                0x00005ade       0x1a ./amazon-freertos/FreeRTOS/list.o
                0x00005ade                vListInitialiseItem
 .text.vListInsertEnd
                0x00005af8       0x48 ./amazon-freertos/FreeRTOS/list.o
                0x00005af8                vListInsertEnd
 .text.vListInsert
                0x00005b40       0x72 ./amazon-freertos/FreeRTOS/list.o
                0x00005b40                vListInsert
 .text.uxListRemove
                0x00005bb2       0x54 ./amazon-freertos/FreeRTOS/list.o
                0x00005bb2                uxListRemove
 .text.xQueueGenericCreate
                0x00005c06       0x72 ./amazon-freertos/FreeRTOS/queue.o
                0x00005c06                xQueueGenericCreate
 .text.prvInitialiseNewQueue
                0x00005c78       0x46 ./amazon-freertos/FreeRTOS/queue.o
 .text.xQueueGenericSendFromISR
                0x00005cbe      0x128 ./amazon-freertos/FreeRTOS/queue.o
                0x00005cbe                xQueueGenericSendFromISR
 .text.prvCopyDataToQueue
                0x00005de6       0xd4 ./amazon-freertos/FreeRTOS/queue.o
 .text.prvCopyDataFromQueue
                0x00005eba       0x4c ./amazon-freertos/FreeRTOS/queue.o
 .text.prvUnlockQueue
                0x00005f06       0xa4 ./amazon-freertos/FreeRTOS/queue.o
 .text.prvIsQueueEmpty
                0x00005faa       0x2c ./amazon-freertos/FreeRTOS/queue.o
 .text.prvIsQueueFull
                0x00005fd6       0x30 ./amazon-freertos/FreeRTOS/queue.o
 .text.vQueueWaitForMessageRestricted
                0x00006006       0x68 ./amazon-freertos/FreeRTOS/queue.o
                0x00006006                vQueueWaitForMessageRestricted
 .text.xTaskCreate
                0x0000606e       0x82 ./amazon-freertos/FreeRTOS/tasks.o
                0x0000606e                xTaskCreate
 .text.prvInitialiseNewTask
                0x000060f0      0x132 ./amazon-freertos/FreeRTOS/tasks.o
 .text.prvDeleteTCB
                0x00006222       0x20 ./amazon-freertos/FreeRTOS/tasks.o
 .text.xTimerCreate
                0x00006242       0x3a ./amazon-freertos/FreeRTOS/timers.o
                0x00006242                xTimerCreate
 .text.prvInitialiseNewTimer
                0x0000627c       0x62 ./amazon-freertos/FreeRTOS/timers.o
 .text.prvTimerTask
                0x000062de       0x24 ./amazon-freertos/FreeRTOS/timers.o
 .text.SystemInitHook
                0x00006302        0xe ./CMSIS/system_MKV31F51212.o
                0x00006302                SystemInitHook
 .text.__main   0x00006310        0xe c:/nxp/mcuxpressoide_10.2.1_795/ide/tools/bin/../lib/gcc/arm-none-eabi/7.2.1/../../../../arm-none-eabi/lib/thumb/v7e-m/fpv4-sp/hard\libcr_semihost_nf.a(_cr__main.o)
                0x00006310                __CR_SEMIHOST
                0x00006310                __main
 .text.memcpy   0x0000631e        0x4 c:/nxp/mcuxpressoide_10.2.1_795/ide/tools/bin/../lib/gcc/arm-none-eabi/7.2.1/../../../../arm-none-eabi/lib/thumb/v7e-m/fpv4-sp/hard\libcr_c.a(memcpy.o)
                0x0000631e                memcpy
 .text.memset   0x00006322        0x4 c:/nxp/mcuxpressoide_10.2.1_795/ide/tools/bin/../lib/gcc/arm-none-eabi/7.2.1/../../../../arm-none-eabi/lib/thumb/v7e-m/fpv4-sp/hard\libcr_c.a(memset.o)
                0x00006322                memset
 .text._deferredlazyseek
                0x00006326       0x40 c:/nxp/mcuxpressoide_10.2.1_795/ide/tools/bin/../lib/gcc/arm-none-eabi/7.2.1/../../../../arm-none-eabi/lib/thumb/v7e-m/fpv4-sp/hard\libcr_c.a(_deferredlazyseek.o)
                0x00006326                _deferredlazyseek
 .text.__flsbuf
                0x00006366      0x140 c:/nxp/mcuxpressoide_10.2.1_795/ide/tools/bin/../lib/gcc/arm-none-eabi/7.2.1/../../../../arm-none-eabi/lib/thumb/v7e-m/fpv4-sp/hard\libcr_c.a(_deferredlazyseek.o)
                0x00006366                __flsbuf
 .text._fflush  0x000064a6       0x52 c:/nxp/mcuxpressoide_10.2.1_795/ide/tools/bin/../lib/gcc/arm-none-eabi/7.2.1/../../../../arm-none-eabi/lib/thumb/v7e-m/fpv4-sp/hard\libcr_c.a(_fflush.o)
                0x000064a6                _fflush
 .text.free     0x000064f8       0x30 c:/nxp/mcuxpressoide_10.2.1_795/ide/tools/bin/../lib/gcc/arm-none-eabi/7.2.1/../../../../arm-none-eabi/lib/thumb/v7e-m/fpv4-sp/hard\libcr_c.a(alloc.o)
                0x000064f8                free
 .text.fputs    0x00006528       0x2c c:/nxp/mcuxpressoide_10.2.1_795/ide/tools/bin/../lib/gcc/arm-none-eabi/7.2.1/../../../../arm-none-eabi/lib/thumb/v7e-m/fpv4-sp/hard\libcr_c.a(fputs.o)
                0x00006528                fputs
 .text.no_fp_display
                0x00006554        0x4 c:/nxp/mcuxpressoide_10.2.1_795/ide/tools/bin/../lib/gcc/arm-none-eabi/7.2.1/../../../../arm-none-eabi/lib/thumb/v7e-m/fpv4-sp/hard\libcr_c.a(printf.o)
 .text.strlen   0x00006558       0x4a c:/nxp/mcuxpressoide_10.2.1_795/ide/tools/bin/../lib/gcc/arm-none-eabi/7.2.1/../../../../arm-none-eabi/lib/thumb/v7e-m/fpv4-sp/hard\libcr_c.a(strlen.o)
                0x00006558                strlen
 .text._fdopen  0x000065a2       0x68 c:/nxp/mcuxpressoide_10.2.1_795/ide/tools/bin/../lib/gcc/arm-none-eabi/7.2.1/../../../../arm-none-eabi/lib/thumb/v7e-m/fpv4-sp/hard\libcr_c.a(_fdopen.o)
                0x000065a2                _fdopen
 .text.fclose   0x0000660a       0x58 c:/nxp/mcuxpressoide_10.2.1_795/ide/tools/bin/../lib/gcc/arm-none-eabi/7.2.1/../../../../arm-none-eabi/lib/thumb/v7e-m/fpv4-sp/hard\libcr_c.a(fclose.o)
                0x0000660a                fclose
 .text.remove   0x00006662       0x14 c:/nxp/mcuxpressoide_10.2.1_795/ide/tools/bin/../lib/gcc/arm-none-eabi/7.2.1/../../../../arm-none-eabi/lib/thumb/v7e-m/fpv4-sp/hard\libcr_c.a(remove.o)
                0x00006662                remove
 .text._do_fflush
                0x00006676       0x40 c:/nxp/mcuxpressoide_10.2.1_795/ide/tools/bin/../lib/gcc/arm-none-eabi/7.2.1/../../../../arm-none-eabi/lib/thumb/v7e-m/fpv4-sp/hard\libcr_c.a(_do_fflush.o)
                0x00006676                _do_fflush
 .text.__aeabi_d2uiz
                0x000066b6       0x30 c:/nxp/mcuxpressoide_10.2.1_795/ide/tools/bin/../lib/gcc/arm-none-eabi/7.2.1/thumb/v7e-m/fpv4-sp/hard\libcr_eabihelpers.a(double.o)
                0x000066b6                __aeabi_d2uiz
 .text.__bhs_ui2d
                0x000066e6       0x46 c:/nxp/mcuxpressoide_10.2.1_795/ide/tools/bin/../lib/gcc/arm-none-eabi/7.2.1/thumb/v7e-m/fpv4-sp/hard\libcr_eabihelpers.a(double.o)
                0x000066e6                __bhs_ui2d
 .text.__aeabi_i2d
                0x0000672c       0x12 c:/nxp/mcuxpressoide_10.2.1_795/ide/tools/bin/../lib/gcc/arm-none-eabi/7.2.1/thumb/v7e-m/fpv4-sp/hard\libcr_eabihelpers.a(double.o)
                0x0000672c                __aeabi_i2d
 .text.__aeabi_memcpy
                0x0000673e       0x34 c:/nxp/mcuxpressoide_10.2.1_795/ide/tools/bin/../lib/gcc/arm-none-eabi/7.2.1/thumb/v7e-m/fpv4-sp/hard\libcr_eabihelpers.a(memcpy.o)
                0x0000673e                __aeabi_memcpy
                0x00006748                __aeabi_memcpy8
                0x00006748                __aeabi_memcpy4
 .text.__aeabi_memset_lowlevel
                0x00006772       0x32 c:/nxp/mcuxpressoide_10.2.1_795/ide/tools/bin/../lib/gcc/arm-none-eabi/7.2.1/thumb/v7e-m/fpv4-sp/hard\libcr_eabihelpers.a(memcpy.o)
                0x00006772                __aeabi_lowlevel_memset
 .text.__sys_close
                0x000067a4        0xc c:/nxp/mcuxpressoide_10.2.1_795/ide/tools/bin/../lib/gcc/arm-none-eabi/7.2.1/../../../../arm-none-eabi/lib/thumb/v7e-m/fpv4-sp/hard\libcr_semihost_nf.a(__sys_close.o)
                0x000067a4                __sys_close
 .text.__sys_flen
                0x000067b0        0xc c:/nxp/mcuxpressoide_10.2.1_795/ide/tools/bin/../lib/gcc/arm-none-eabi/7.2.1/../../../../arm-none-eabi/lib/thumb/v7e-m/fpv4-sp/hard\libcr_semihost_nf.a(__sys_flen.o)
                0x000067b0                __sys_flen
 .text.__sys_istty
                0x000067bc        0xc c:/nxp/mcuxpressoide_10.2.1_795/ide/tools/bin/../lib/gcc/arm-none-eabi/7.2.1/../../../../arm-none-eabi/lib/thumb/v7e-m/fpv4-sp/hard\libcr_semihost_nf.a(__sys_istty.o)
                0x000067bc                __sys_istty
 .text.__sys_remove
                0x000067c8        0xc c:/nxp/mcuxpressoide_10.2.1_795/ide/tools/bin/../lib/gcc/arm-none-eabi/7.2.1/../../../../arm-none-eabi/lib/thumb/v7e-m/fpv4-sp/hard\libcr_semihost_nf.a(__sys_remove.o)
                0x000067c8                __sys_remove
 .text.__sys_seek
                0x000067d4        0xc c:/nxp/mcuxpressoide_10.2.1_795/ide/tools/bin/../lib/gcc/arm-none-eabi/7.2.1/../../../../arm-none-eabi/lib/thumb/v7e-m/fpv4-sp/hard\libcr_semihost_nf.a(__sys_seek.o)
                0x000067d4                __sys_seek
 .text.__sys_tmpnam
                0x000067e0        0xc c:/nxp/mcuxpressoide_10.2.1_795/ide/tools/bin/../lib/gcc/arm-none-eabi/7.2.1/../../../../arm-none-eabi/lib/thumb/v7e-m/fpv4-sp/hard\libcr_semihost_nf.a(__sys_tmpnam.o)
                0x000067e0                __sys_tmpnam
 .text.__sys_write
                0x000067ec        0xc c:/nxp/mcuxpressoide_10.2.1_795/ide/tools/bin/../lib/gcc/arm-none-eabi/7.2.1/../../../../arm-none-eabi/lib/thumb/v7e-m/fpv4-sp/hard\libcr_semihost_nf.a(__sys_write.o)
                0x000067ec                __sys_write
 *(SORT_BY_ALIGNMENT(.rodata) SORT_BY_ALIGNMENT(.rodata.*) SORT_BY_ALIGNMENT(.constdata) SORT_BY_ALIGNMENT(.constdata.*))
 .rodata        0x000067f8       0x50 ./utilities/fsl_debug_console.o
 .rodata        0x00006848       0x27 ./utilities/fsl_io.o
 *fill*         0x0000686f        0x1 ff
 .rodata        0x00006870       0xdf ./source/RobotInterface.o
 *fill*         0x0000694f        0x1 ff
 .rodata        0x00006950       0x78 ./source/SR70_MC.o
 .rodata        0x000069c8      0x13a ./drivers/fsl_adc16.o
 *fill*         0x00006b02        0x2 ff
 .rodata        0x00006b04      0x175 ./drivers/fsl_clock.o
 *fill*         0x00006c79        0x3 ff
 .rodata.fllFactorTable.7348
                0x00006c7c       0x10 ./drivers/fsl_clock.o
 .rodata        0x00006c8c      0x4da ./drivers/fsl_lpuart.o
 *fill*         0x00007166        0x2 ff
 .rodata.s_uartBases
                0x00007168        0xc ./drivers/fsl_uart.o
 .rodata.s_uartClock
                0x00007174        0xc ./drivers/fsl_uart.o
 .rodata        0x00007180      0x513 ./drivers/fsl_uart.o
 *fill*         0x00007693        0x1 ff
 .rodata.mcgConfig_BOARD_BootClockRUN
                0x00007694        0xb ./board/src/clock_config.o
                0x00007694                mcgConfig_BOARD_BootClockRUN
 *fill*         0x0000769f        0x1 ff
 .rodata.simConfig_BOARD_BootClockRUN
                0x000076a0        0x8 ./board/src/clock_config.o
                0x000076a0                simConfig_BOARD_BootClockRUN
 .rodata.oscConfig_BOARD_BootClockRUN
                0x000076a8        0x8 ./board/src/clock_config.o
                0x000076a8                oscConfig_BOARD_BootClockRUN
 .rodata        0x000076b0       0x18 ./amazon-freertos/FreeRTOS/tasks.o
                0x000076b8                FreeRTOSDebugConfig
 .rodata        0x000076c8        0xd ./amazon-freertos/FreeRTOS/timers.o
 *fill*         0x000076d5        0x3 ff
 .rodata.__num_Ciob_streams
                0x000076d8        0x4 c:/nxp/mcuxpressoide_10.2.1_795/ide/tools/bin/../lib/gcc/arm-none-eabi/7.2.1/../../../../arm-none-eabi/lib/thumb/v7e-m/fpv4-sp/hard\libcr_semihost_nf.a(__ciob.o)
                0x000076d8                __num_Ciob_streams
 .rodata.__assertion_failed.str1.1
                0x000076dc       0x15 c:/nxp/mcuxpressoide_10.2.1_795/ide/tools/bin/../lib/gcc/arm-none-eabi/7.2.1/../../../../arm-none-eabi/lib/thumb/v7e-m/fpv4-sp/hard\libcr_semihost_nf.a(_cr_assert.o)
 .rodata._Csys_alloc.str1.1
                0x000076f1       0x18 c:/nxp/mcuxpressoide_10.2.1_795/ide/tools/bin/../lib/gcc/arm-none-eabi/7.2.1/../../../../arm-none-eabi/lib/thumb/v7e-m/fpv4-sp/hard\libcr_c.a(alloc.o)
 .rodata._initio.str1.1
                0x00007709        0x4 c:/nxp/mcuxpressoide_10.2.1_795/ide/tools/bin/../lib/gcc/arm-none-eabi/7.2.1/../../../../arm-none-eabi/lib/thumb/v7e-m/fpv4-sp/hard\libcr_c.a(initio.o)
 .rodata.__vfprintf.str1.1
                0x0000770d       0x35 c:/nxp/mcuxpressoide_10.2.1_795/ide/tools/bin/../lib/gcc/arm-none-eabi/7.2.1/../../../../arm-none-eabi/lib/thumb/v7e-m/fpv4-sp/hard\libcr_c.a(printf.o)
                                 0x38 (size before relaxing)
                0x00007744                . = ALIGN (0x4)
 *fill*         0x00007742        0x2 ff

.glue_7         0x00007744        0x0
 .glue_7        0x00007744        0x0 linker stubs

.glue_7t        0x00007744        0x0
 .glue_7t       0x00007744        0x0 linker stubs

.vfp11_veneer   0x00007744        0x0
 .vfp11_veneer  0x00007744        0x0 linker stubs

.v4_bx          0x00007744        0x0
 .v4_bx         0x00007744        0x0 linker stubs

.iplt           0x00007744        0x0
 .iplt          0x00007744        0x0 ./utilities/fsl_debug_console.o

.rel.dyn        0x00007744        0x0
 .rel.iplt      0x00007744        0x0 ./utilities/fsl_debug_console.o

.ARM.extab
 *(SORT_BY_ALIGNMENT(.ARM.extab*) SORT_BY_ALIGNMENT(.gnu.linkonce.armextab.*))
                0x00007744                __exidx_start = .

.ARM.exidx
 *(SORT_BY_ALIGNMENT(.ARM.exidx*) SORT_BY_ALIGNMENT(.gnu.linkonce.armexidx.*))
                0x00007744                __exidx_end = .
                0x00007744                _etext = .

.data_RAM2      0x1fff8000        0x0 load address 0x00007744
 FILL mask 0xff
                [!provide]                PROVIDE (__start_data_RAM2, .)
 *(SORT_BY_ALIGNMENT(.ramfunc.$RAM2))
 *(SORT_BY_ALIGNMENT(.ramfunc.$SRAM_LOWER))
 *(SORT_BY_ALIGNMENT(.data.$RAM2*))
 *(SORT_BY_ALIGNMENT(.data.$SRAM_LOWER*))
                0x1fff8000                . = ALIGN (0x4)
                [!provide]                PROVIDE (__end_data_RAM2, .)

.uninit_RESERVED
                0x20000000        0x0
 *(SORT_BY_ALIGNMENT(.bss.$RESERVED*))
                0x20000000                . = ALIGN (0x4)
                0x20000000                _end_uninit_RESERVED = .

.data           0x20000000       0x10 load address 0x00007744
 FILL mask 0xff
                0x20000000                _data = .
 *(SORT_BY_ALIGNMENT(vtable))
 *(SORT_BY_ALIGNMENT(.ramfunc*))
 *(SORT_BY_ALIGNMENT(.data*))
 .data.s_slowIrcFreq
                0x20000000        0x4 ./drivers/fsl_clock.o
 .data.s_fastIrcFreq
                0x20000004        0x4 ./drivers/fsl_clock.o
 .data.uxCriticalNesting
                0x20000008        0x4 ./amazon-freertos/FreeRTOS/portable/port.o
 .data.SystemCoreClock
                0x2000000c        0x4 ./CMSIS/system_MKV31F51212.o
                0x2000000c                SystemCoreClock
                0x20000010                . = ALIGN (0x4)
                0x20000010                _edata = .

.igot.plt       0x20000010        0x0 load address 0x00007754
 .igot.plt      0x20000010        0x0 ./utilities/fsl_debug_console.o

.bss_RAM2       0x1fff8000        0x0
                [!provide]                PROVIDE (__start_bss_RAM2, .)
 *(SORT_BY_ALIGNMENT(.bss.$RAM2*))
 *(SORT_BY_ALIGNMENT(.bss.$SRAM_LOWER*))
                0x1fff8000                . = ALIGN ((. != 0x0)?0x4:0x1)
                [!provide]                PROVIDE (__end_bss_RAM2, .)

.bss            0x20000010     0x2f00
                0x20000010                _bss = .
 *(SORT_BY_ALIGNMENT(.bss*))
 .bss.SR70      0x20000010      0x478 ./source/SR70_MC.o
                0x20000010                SR70
 .bss.s_debugConsoleIO
                0x20000488        0x8 ./utilities/fsl_io.o
 .bss.g_xtal0Freq
                0x20000490        0x4 ./drivers/fsl_clock.o
                0x20000490                g_xtal0Freq
 .bss.g_xtal32Freq
                0x20000494        0x4 ./drivers/fsl_clock.o
                0x20000494                g_xtal32Freq
 .bss.s_lpuartHandle
                0x20000498        0x4 ./drivers/fsl_lpuart.o
 .bss.s_lpuartIsr
                0x2000049c        0x4 ./drivers/fsl_lpuart.o
 .bss.s_uartHandle
                0x200004a0        0xc ./drivers/fsl_uart.o
 .bss.s_uartIsr
                0x200004ac        0x4 ./drivers/fsl_uart.o
 .bss.ucHeap    0x200004b0     0x2800 ./amazon-freertos/FreeRTOS/portable/heap_4.o
 .bss.xStart    0x20002cb0        0x8 ./amazon-freertos/FreeRTOS/portable/heap_4.o
 .bss.pxEnd     0x20002cb8        0x4 ./amazon-freertos/FreeRTOS/portable/heap_4.o
 .bss.xFreeBytesRemaining
                0x20002cbc        0x4 ./amazon-freertos/FreeRTOS/portable/heap_4.o
 .bss.xMinimumEverFreeBytesRemaining
                0x20002cc0        0x4 ./amazon-freertos/FreeRTOS/portable/heap_4.o
 .bss.xBlockAllocatedBit
                0x20002cc4        0x4 ./amazon-freertos/FreeRTOS/portable/heap_4.o
 .bss.ulMaxPRIGROUPValue
                0x20002cc8        0x4 ./amazon-freertos/FreeRTOS/portable/port.o
 .bss.xQueueRegistry
                0x20002ccc       0x40 ./amazon-freertos/FreeRTOS/queue.o
                0x20002ccc                xQueueRegistry
 .bss.pxCurrentTCB
                0x20002d0c        0x4 ./amazon-freertos/FreeRTOS/tasks.o
                0x20002d0c                pxCurrentTCB
 .bss.pxReadyTasksLists
                0x20002d10       0x64 ./amazon-freertos/FreeRTOS/tasks.o
 .bss.xDelayedTaskList1
                0x20002d74       0x14 ./amazon-freertos/FreeRTOS/tasks.o
 .bss.xDelayedTaskList2
                0x20002d88       0x14 ./amazon-freertos/FreeRTOS/tasks.o
 .bss.pxDelayedTaskList
                0x20002d9c        0x4 ./amazon-freertos/FreeRTOS/tasks.o
 .bss.pxOverflowDelayedTaskList
                0x20002da0        0x4 ./amazon-freertos/FreeRTOS/tasks.o
 .bss.xPendingReadyList
                0x20002da4       0x14 ./amazon-freertos/FreeRTOS/tasks.o
 .bss.xTasksWaitingTermination
                0x20002db8       0x14 ./amazon-freertos/FreeRTOS/tasks.o
 .bss.uxDeletedTasksWaitingCleanUp
                0x20002dcc        0x4 ./amazon-freertos/FreeRTOS/tasks.o
 .bss.xSuspendedTaskList
                0x20002dd0       0x14 ./amazon-freertos/FreeRTOS/tasks.o
 .bss.uxCurrentNumberOfTasks
                0x20002de4        0x4 ./amazon-freertos/FreeRTOS/tasks.o
 .bss.xTickCount
                0x20002de8        0x4 ./amazon-freertos/FreeRTOS/tasks.o
 .bss.uxTopReadyPriority
                0x20002dec        0x4 ./amazon-freertos/FreeRTOS/tasks.o
 .bss.xSchedulerRunning
                0x20002df0        0x4 ./amazon-freertos/FreeRTOS/tasks.o
 .bss.uxPendedTicks
                0x20002df4        0x4 ./amazon-freertos/FreeRTOS/tasks.o
 .bss.xYieldPending
                0x20002df8        0x4 ./amazon-freertos/FreeRTOS/tasks.o
 .bss.xNumOfOverflows
                0x20002dfc        0x4 ./amazon-freertos/FreeRTOS/tasks.o
 .bss.uxTaskNumber
                0x20002e00        0x4 ./amazon-freertos/FreeRTOS/tasks.o
 .bss.xNextTaskUnblockTime
                0x20002e04        0x4 ./amazon-freertos/FreeRTOS/tasks.o
 .bss.xIdleTaskHandle
                0x20002e08        0x4 ./amazon-freertos/FreeRTOS/tasks.o
 .bss.uxSchedulerSuspended
                0x20002e0c        0x4 ./amazon-freertos/FreeRTOS/tasks.o
 .bss.xActiveTimerList1
                0x20002e10       0x14 ./amazon-freertos/FreeRTOS/timers.o
 .bss.xActiveTimerList2
                0x20002e24       0x14 ./amazon-freertos/FreeRTOS/timers.o
 .bss.pxCurrentTimerList
                0x20002e38        0x4 ./amazon-freertos/FreeRTOS/timers.o
 .bss.pxOverflowTimerList
                0x20002e3c        0x4 ./amazon-freertos/FreeRTOS/timers.o
 .bss.xTimerQueue
                0x20002e40        0x4 ./amazon-freertos/FreeRTOS/timers.o
 .bss.xTimerTaskHandle
                0x20002e44        0x4 ./amazon-freertos/FreeRTOS/timers.o
 .bss.xLastTime.5851
                0x20002e48        0x4 ./amazon-freertos/FreeRTOS/timers.o
 .bss.__Ciob    0x20002e4c       0xb4 c:/nxp/mcuxpressoide_10.2.1_795/ide/tools/bin/../lib/gcc/arm-none-eabi/7.2.1/../../../../arm-none-eabi/lib/thumb/v7e-m/fpv4-sp/hard\libcr_semihost_nf.a(__ciob.o)
                0x20002e4c                __Ciob
 .bss.__end_of_heap
                0x20002f00        0x4 c:/nxp/mcuxpressoide_10.2.1_795/ide/tools/bin/../lib/gcc/arm-none-eabi/7.2.1/../../../../arm-none-eabi/lib/thumb/v7e-m/fpv4-sp/hard\libcr_c.a(__init_alloc.o)
                0x20002f00                __end_of_heap
 .bss.__heaps   0x20002f04        0x4 c:/nxp/mcuxpressoide_10.2.1_795/ide/tools/bin/../lib/gcc/arm-none-eabi/7.2.1/../../../../arm-none-eabi/lib/thumb/v7e-m/fpv4-sp/hard\libcr_c.a(__init_alloc.o)
                0x20002f04                __heaps
 .bss.errno     0x20002f08        0x4 c:/nxp/mcuxpressoide_10.2.1_795/ide/tools/bin/../lib/gcc/arm-none-eabi/7.2.1/../../../../arm-none-eabi/lib/thumb/v7e-m/fpv4-sp/hard\libcr_c.a(errno.o)
                0x20002f08                errno
 .bss.ucMaxSysCallPriority
                0x20002f0c        0x1 ./amazon-freertos/FreeRTOS/portable/port.o
 *(SORT_BY_ALIGNMENT(COMMON))
                0x20002f10                . = ALIGN (0x4)
 *fill*         0x20002f0d        0x3 
                0x20002f10                _ebss = .
                [!provide]                PROVIDE (end, .)

.noinit_RAM2    0x1fff8000        0x0
 *(SORT_BY_ALIGNMENT(.noinit.$RAM2*))
 *(SORT_BY_ALIGNMENT(.noinit.$SRAM_LOWER*))
                0x1fff8000                . = ALIGN (0x4)

.noinit         0x20002f10        0x0
                0x20002f10                _noinit = .
 *(SORT_BY_ALIGNMENT(.noinit*))
                0x20002f10                . = ALIGN (0x4)
                0x20002f10                _end_noinit = .
                0x00001000                _HeapSize = 0x1000

.heap           0x20002f10     0x1000
                0x20002f10                _pvHeapStart = .
                0x20003f10                . = (. + _HeapSize)
 *fill*         0x20002f10     0x1000 
                0x20003f10                . = ALIGN (0x4)
                0x20003f10                _pvHeapLimit = .
                0x00001000                _StackSize = 0x1000

.heap2stackfill
                0x20003f10     0x1000
                0x20004f10                . = (. + _StackSize)
 *fill*         0x20003f10     0x1000 

.stack          0x2000f000        0x0
                0x2000f000                _vStackBase = .
                0x2000f000                . = ALIGN (0x4)
                0x20010000                _vStackTop = (. + _StackSize)
                0x00000000                _image_start = LOADADDR (.text)
                0x00007754                _image_end = (LOADADDR (.data) + SIZEOF (.data))
                0x00007754                _image_size = (_image_end - _image_start)
OUTPUT(V15_RTOS_SR70_1.axf elf32-littlearm)

.debug_info     0x00000000    0x120e4
 .debug_info    0x00000000      0x2b9 ./utilities/fsl_debug_console.o
 .debug_info    0x000002b9      0xc0d ./utilities/fsl_io.o
 .debug_info    0x00000ec6      0x344 ./utilities/fsl_log.o
 .debug_info    0x0000120a      0x7d4 ./startup/startup_mkv31f51212.o
 .debug_info    0x000019de     0x1deb ./source/RobotInterface.o
 .debug_info    0x000037c9     0x11be ./source/SR70_MC.o
 .debug_info    0x00004987       0x37 ./source/semihost_hardfault.o
 .debug_info    0x000049be      0xcb7 ./drivers/fsl_adc16.o
 .debug_info    0x00005675     0x180d ./drivers/fsl_clock.o
 .debug_info    0x00006e82     0x12b4 ./drivers/fsl_ftm.o
 .debug_info    0x00008136     0x1793 ./drivers/fsl_lpuart.o
 .debug_info    0x000098c9     0x18e3 ./drivers/fsl_uart.o
 .debug_info    0x0000b1ac      0x7e2 ./board/src/board.o
 .debug_info    0x0000b98e      0xb0b ./board/src/clock_config.o
 .debug_info    0x0000c499      0x5c1 ./board/pin_mux.o
 .debug_info    0x0000ca5a       0xe1 ./amazon-freertos/portable/fsl_tickless_systick.o
 .debug_info    0x0000cb3b      0x3e6 ./amazon-freertos/FreeRTOS/portable/heap_4.o
 .debug_info    0x0000cf21      0x52a ./amazon-freertos/FreeRTOS/portable/port.o
 .debug_info    0x0000d44b      0x2c5 ./amazon-freertos/FreeRTOS/list.o
 .debug_info    0x0000d710     0x168c ./amazon-freertos/FreeRTOS/queue.o
 .debug_info    0x0000ed9c     0x1f89 ./amazon-freertos/FreeRTOS/tasks.o
 .debug_info    0x00010d25      0xda1 ./amazon-freertos/FreeRTOS/timers.o
 .debug_info    0x00011ac6      0x61e ./CMSIS/system_MKV31F51212.o

.debug_abbrev   0x00000000     0x2cb9
 .debug_abbrev  0x00000000      0x104 ./utilities/fsl_debug_console.o
 .debug_abbrev  0x00000104      0x228 ./utilities/fsl_io.o
 .debug_abbrev  0x0000032c      0x17d ./utilities/fsl_log.o
 .debug_abbrev  0x000004a9      0x159 ./startup/startup_mkv31f51212.o
 .debug_abbrev  0x00000602      0x31c ./source/RobotInterface.o
 .debug_abbrev  0x0000091e      0x1b9 ./source/SR70_MC.o
 .debug_abbrev  0x00000ad7       0x2c ./source/semihost_hardfault.o
 .debug_abbrev  0x00000b03      0x26b ./drivers/fsl_adc16.o
 .debug_abbrev  0x00000d6e      0x315 ./drivers/fsl_clock.o
 .debug_abbrev  0x00001083      0x276 ./drivers/fsl_ftm.o
 .debug_abbrev  0x000012f9      0x2ce ./drivers/fsl_lpuart.o
 .debug_abbrev  0x000015c7      0x300 ./drivers/fsl_uart.o
 .debug_abbrev  0x000018c7      0x159 ./board/src/board.o
 .debug_abbrev  0x00001a20      0x1f1 ./board/src/clock_config.o
 .debug_abbrev  0x00001c11      0x196 ./board/pin_mux.o
 .debug_abbrev  0x00001da7       0x8f ./amazon-freertos/portable/fsl_tickless_systick.o
 .debug_abbrev  0x00001e36      0x1e5 ./amazon-freertos/FreeRTOS/portable/heap_4.o
 .debug_abbrev  0x0000201b      0x249 ./amazon-freertos/FreeRTOS/portable/port.o
 .debug_abbrev  0x00002264      0x116 ./amazon-freertos/FreeRTOS/list.o
 .debug_abbrev  0x0000237a      0x2b3 ./amazon-freertos/FreeRTOS/queue.o
 .debug_abbrev  0x0000262d      0x2e8 ./amazon-freertos/FreeRTOS/tasks.o
 .debug_abbrev  0x00002915      0x253 ./amazon-freertos/FreeRTOS/timers.o
 .debug_abbrev  0x00002b68      0x151 ./CMSIS/system_MKV31F51212.o

.debug_aranges  0x00000000     0x10e0
 .debug_aranges
                0x00000000       0x30 ./utilities/fsl_debug_console.o
 .debug_aranges
                0x00000030       0x58 ./utilities/fsl_io.o
 .debug_aranges
                0x00000088       0x58 ./utilities/fsl_log.o
 .debug_aranges
                0x000000e0      0x2d0 ./startup/startup_mkv31f51212.o
 .debug_aranges
                0x000003b0      0x160 ./source/RobotInterface.o
 .debug_aranges
                0x00000510       0x38 ./source/SR70_MC.o
 .debug_aranges
                0x00000548       0x20 ./source/semihost_hardfault.o
 .debug_aranges
                0x00000568       0x88 ./drivers/fsl_adc16.o
 .debug_aranges
                0x000005f0      0x1d8 ./drivers/fsl_clock.o
 .debug_aranges
                0x000007c8       0xc0 ./drivers/fsl_ftm.o
 .debug_aranges
                0x00000888      0x118 ./drivers/fsl_lpuart.o
 .debug_aranges
                0x000009a0      0x140 ./drivers/fsl_uart.o
 .debug_aranges
                0x00000ae0       0x20 ./board/src/board.o
 .debug_aranges
                0x00000b00       0x58 ./board/src/clock_config.o
 .debug_aranges
                0x00000b58       0x30 ./board/pin_mux.o
 .debug_aranges
                0x00000b88       0x20 ./amazon-freertos/portable/fsl_tickless_systick.o
 .debug_aranges
                0x00000ba8       0x50 ./amazon-freertos/FreeRTOS/portable/heap_4.o
 .debug_aranges
                0x00000bf8       0x78 ./amazon-freertos/FreeRTOS/portable/port.o
 .debug_aranges
                0x00000c70       0x40 ./amazon-freertos/FreeRTOS/list.o
 .debug_aranges
                0x00000cb0      0x130 ./amazon-freertos/FreeRTOS/queue.o
 .debug_aranges
                0x00000de0      0x1f8 ./amazon-freertos/FreeRTOS/tasks.o
 .debug_aranges
                0x00000fd8       0xd8 ./amazon-freertos/FreeRTOS/timers.o
 .debug_aranges
                0x000010b0       0x30 ./CMSIS/system_MKV31F51212.o

.debug_ranges   0x00000000      0xf70
 .debug_ranges  0x00000000       0x20 ./utilities/fsl_debug_console.o
 .debug_ranges  0x00000020       0x48 ./utilities/fsl_io.o
 .debug_ranges  0x00000068       0x48 ./utilities/fsl_log.o
 .debug_ranges  0x000000b0      0x2c0 ./startup/startup_mkv31f51212.o
 .debug_ranges  0x00000370      0x150 ./source/RobotInterface.o
 .debug_ranges  0x000004c0       0x28 ./source/SR70_MC.o
 .debug_ranges  0x000004e8       0x10 ./source/semihost_hardfault.o
 .debug_ranges  0x000004f8       0x78 ./drivers/fsl_adc16.o
 .debug_ranges  0x00000570      0x1c8 ./drivers/fsl_clock.o
 .debug_ranges  0x00000738       0xb0 ./drivers/fsl_ftm.o
 .debug_ranges  0x000007e8      0x108 ./drivers/fsl_lpuart.o
 .debug_ranges  0x000008f0      0x130 ./drivers/fsl_uart.o
 .debug_ranges  0x00000a20       0x10 ./board/src/board.o
 .debug_ranges  0x00000a30       0x48 ./board/src/clock_config.o
 .debug_ranges  0x00000a78       0x20 ./board/pin_mux.o
 .debug_ranges  0x00000a98       0x10 ./amazon-freertos/portable/fsl_tickless_systick.o
 .debug_ranges  0x00000aa8       0x40 ./amazon-freertos/FreeRTOS/portable/heap_4.o
 .debug_ranges  0x00000ae8       0x68 ./amazon-freertos/FreeRTOS/portable/port.o
 .debug_ranges  0x00000b50       0x30 ./amazon-freertos/FreeRTOS/list.o
 .debug_ranges  0x00000b80      0x120 ./amazon-freertos/FreeRTOS/queue.o
 .debug_ranges  0x00000ca0      0x1e8 ./amazon-freertos/FreeRTOS/tasks.o
 .debug_ranges  0x00000e88       0xc8 ./amazon-freertos/FreeRTOS/timers.o
 .debug_ranges  0x00000f50       0x20 ./CMSIS/system_MKV31F51212.o

.debug_line     0x00000000     0x6436
 .debug_line    0x00000000      0x179 ./utilities/fsl_debug_console.o
 .debug_line    0x00000179      0x269 ./utilities/fsl_io.o
 .debug_line    0x000003e2      0x215 ./utilities/fsl_log.o
 .debug_line    0x000005f7      0x600 ./startup/startup_mkv31f51212.o
 .debug_line    0x00000bf7      0x7a1 ./source/RobotInterface.o
 .debug_line    0x00001398      0x257 ./source/SR70_MC.o
 .debug_line    0x000015ef       0x54 ./source/semihost_hardfault.o
 .debug_line    0x00001643      0x2ee ./drivers/fsl_adc16.o
 .debug_line    0x00001931      0x8f6 ./drivers/fsl_clock.o
 .debug_line    0x00002227      0x602 ./drivers/fsl_ftm.o
 .debug_line    0x00002829      0x6af ./drivers/fsl_lpuart.o
 .debug_line    0x00002ed8      0x847 ./drivers/fsl_uart.o
 .debug_line    0x0000371f      0x153 ./board/src/board.o
 .debug_line    0x00003872      0x21a ./board/src/clock_config.o
 .debug_line    0x00003a8c      0x170 ./board/pin_mux.o
 .debug_line    0x00003bfc      0x133 ./amazon-freertos/portable/fsl_tickless_systick.o
 .debug_line    0x00003d2f      0x23f ./amazon-freertos/FreeRTOS/portable/heap_4.o
 .debug_line    0x00003f6e      0x320 ./amazon-freertos/FreeRTOS/portable/port.o
 .debug_line    0x0000428e      0x1b5 ./amazon-freertos/FreeRTOS/list.o
 .debug_line    0x00004443      0xaca ./amazon-freertos/FreeRTOS/queue.o
 .debug_line    0x00004f0d      0xe71 ./amazon-freertos/FreeRTOS/tasks.o
 .debug_line    0x00005d7e      0x528 ./amazon-freertos/FreeRTOS/timers.o
 .debug_line    0x000062a6      0x190 ./CMSIS/system_MKV31F51212.o

.debug_str      0x00000000     0x8169
 .debug_str     0x00000000      0x39f ./utilities/fsl_debug_console.o
                                0x3e0 (size before relaxing)
 .debug_str     0x0000039f      0xee7 ./utilities/fsl_io.o
                               0x1250 (size before relaxing)
 .debug_str     0x00001286       0x85 ./utilities/fsl_log.o
                                0x3ad (size before relaxing)
 .debug_str     0x0000130b      0x704 ./startup/startup_mkv31f51212.o
                                0x833 (size before relaxing)
 .debug_str     0x00001a0f     0x1893 ./source/RobotInterface.o
                               0x1bf9 (size before relaxing)
 .debug_str     0x000032a2       0xa7 ./source/SR70_MC.o
                               0x19bb (size before relaxing)
 .debug_str     0x00003349       0x1f ./source/semihost_hardfault.o
                                0x14d (size before relaxing)
 .debug_str     0x00003368      0x59c ./drivers/fsl_adc16.o
                               0x13a7 (size before relaxing)
 .debug_str     0x00003904      0xac3 ./drivers/fsl_clock.o
                               0x17a8 (size before relaxing)
 .debug_str     0x000043c7      0x864 ./drivers/fsl_ftm.o
                               0x18aa (size before relaxing)
 .debug_str     0x00004c2b      0xdea ./drivers/fsl_lpuart.o
                               0x1e0b (size before relaxing)
 .debug_str     0x00005a15      0x51a ./drivers/fsl_uart.o
                               0x1d23 (size before relaxing)
 .debug_str     0x00005f2f       0x3b ./board/src/board.o
                                0x811 (size before relaxing)
 .debug_str     0x00005f6a      0x254 ./board/src/clock_config.o
                                0xf75 (size before relaxing)
 .debug_str     0x000061be      0x13a ./board/pin_mux.o
                                0x63f (size before relaxing)
 .debug_str     0x000062f8       0x4c ./amazon-freertos/portable/fsl_tickless_systick.o
                                0x252 (size before relaxing)
 .debug_str     0x00006344      0x20b ./amazon-freertos/FreeRTOS/portable/heap_4.o
                                0x405 (size before relaxing)
 .debug_str     0x0000654f      0x1f7 ./amazon-freertos/FreeRTOS/portable/port.o
                                0x468 (size before relaxing)
 .debug_str     0x00006746      0x135 ./amazon-freertos/FreeRTOS/list.o
                                0x348 (size before relaxing)
 .debug_str     0x0000687b      0x629 ./amazon-freertos/FreeRTOS/queue.o
                                0x95c (size before relaxing)
 .debug_str     0x00006ea4      0xcaf ./amazon-freertos/FreeRTOS/tasks.o
                               0x1107 (size before relaxing)
 .debug_str     0x00007b53      0x50a ./amazon-freertos/FreeRTOS/timers.o
                                0x874 (size before relaxing)
 .debug_str     0x0000805d      0x10c ./CMSIS/system_MKV31F51212.o
                                0x3fc (size before relaxing)

.comment        0x00000000       0x7e
 .comment       0x00000000       0x7e ./utilities/fsl_debug_console.o
                                 0x7f (size before relaxing)
 .comment       0x0000007e       0x7f ./utilities/fsl_io.o
 .comment       0x0000007e       0x7f ./utilities/fsl_log.o
 .comment       0x0000007e       0x7f ./startup/startup_mkv31f51212.o
 .comment       0x0000007e       0x7f ./source/RobotInterface.o
 .comment       0x0000007e       0x7f ./source/SR70_MC.o
 .comment       0x0000007e       0x7f ./source/semihost_hardfault.o
 .comment       0x0000007e       0x7f ./drivers/fsl_adc16.o
 .comment       0x0000007e       0x7f ./drivers/fsl_clock.o
 .comment       0x0000007e       0x7f ./drivers/fsl_ftm.o
 .comment       0x0000007e       0x7f ./drivers/fsl_lpuart.o
 .comment       0x0000007e       0x7f ./drivers/fsl_uart.o
 .comment       0x0000007e       0x7f ./board/src/board.o
 .comment       0x0000007e       0x7f ./board/src/clock_config.o
 .comment       0x0000007e       0x7f ./board/pin_mux.o
 .comment       0x0000007e       0x7f ./amazon-freertos/portable/fsl_tickless_systick.o
 .comment       0x0000007e       0x7f ./amazon-freertos/FreeRTOS/portable/heap_4.o
 .comment       0x0000007e       0x7f ./amazon-freertos/FreeRTOS/portable/port.o
 .comment       0x0000007e       0x7f ./amazon-freertos/FreeRTOS/list.o
 .comment       0x0000007e       0x7f ./amazon-freertos/FreeRTOS/queue.o
 .comment       0x0000007e       0x7f ./amazon-freertos/FreeRTOS/tasks.o
 .comment       0x0000007e       0x7f ./amazon-freertos/FreeRTOS/timers.o
 .comment       0x0000007e       0x7f ./CMSIS/system_MKV31F51212.o
 .comment       0x0000007e       0x7f c:/nxp/mcuxpressoide_10.2.1_795/ide/tools/bin/../lib/gcc/arm-none-eabi/7.2.1/../../../../arm-none-eabi/lib/thumb/v7e-m/fpv4-sp/hard\libcr_semihost_nf.a(_cr__main.o)
 .comment       0x0000007e       0x7f c:/nxp/mcuxpressoide_10.2.1_795/ide/tools/bin/../lib/gcc/arm-none-eabi/7.2.1/../../../../arm-none-eabi/lib/thumb/v7e-m/fpv4-sp/hard\libcr_semihost_nf.a(_cr_assert.o)
 .comment       0x0000007e       0x7f c:/nxp/mcuxpressoide_10.2.1_795/ide/tools/bin/../lib/gcc/arm-none-eabi/7.2.1/../../../../arm-none-eabi/lib/thumb/v7e-m/fpv4-sp/hard\libcr_semihost_nf.a(__ciob.o)
 .comment       0x0000007e       0x7f c:/nxp/mcuxpressoide_10.2.1_795/ide/tools/bin/../lib/gcc/arm-none-eabi/7.2.1/../../../../arm-none-eabi/lib/thumb/v7e-m/fpv4-sp/hard\libcr_c.a(memcpy.o)
 .comment       0x0000007e       0x7f c:/nxp/mcuxpressoide_10.2.1_795/ide/tools/bin/../lib/gcc/arm-none-eabi/7.2.1/../../../../arm-none-eabi/lib/thumb/v7e-m/fpv4-sp/hard\libcr_c.a(memset.o)
 .comment       0x0000007e       0x7f c:/nxp/mcuxpressoide_10.2.1_795/ide/tools/bin/../lib/gcc/arm-none-eabi/7.2.1/../../../../arm-none-eabi/lib/thumb/v7e-m/fpv4-sp/hard\libcr_c.a(_deferredlazyseek.o)
 .comment       0x0000007e       0x7f c:/nxp/mcuxpressoide_10.2.1_795/ide/tools/bin/../lib/gcc/arm-none-eabi/7.2.1/../../../../arm-none-eabi/lib/thumb/v7e-m/fpv4-sp/hard\libcr_c.a(_fflush.o)
 .comment       0x0000007e       0x7f c:/nxp/mcuxpressoide_10.2.1_795/ide/tools/bin/../lib/gcc/arm-none-eabi/7.2.1/../../../../arm-none-eabi/lib/thumb/v7e-m/fpv4-sp/hard\libcr_c.a(_writebuf.o)
 .comment       0x0000007e       0x7f c:/nxp/mcuxpressoide_10.2.1_795/ide/tools/bin/../lib/gcc/arm-none-eabi/7.2.1/../../../../arm-none-eabi/lib/thumb/v7e-m/fpv4-sp/hard\libcr_c.a(alloc.o)
 .comment       0x0000007e       0x7f c:/nxp/mcuxpressoide_10.2.1_795/ide/tools/bin/../lib/gcc/arm-none-eabi/7.2.1/../../../../arm-none-eabi/lib/thumb/v7e-m/fpv4-sp/hard\libcr_c.a(fputs.o)
 .comment       0x0000007e       0x7f c:/nxp/mcuxpressoide_10.2.1_795/ide/tools/bin/../lib/gcc/arm-none-eabi/7.2.1/../../../../arm-none-eabi/lib/thumb/v7e-m/fpv4-sp/hard\libcr_c.a(fseek.o)
 .comment       0x0000007e       0x7f c:/nxp/mcuxpressoide_10.2.1_795/ide/tools/bin/../lib/gcc/arm-none-eabi/7.2.1/../../../../arm-none-eabi/lib/thumb/v7e-m/fpv4-sp/hard\libcr_c.a(ftell.o)
 .comment       0x0000007e       0x7f c:/nxp/mcuxpressoide_10.2.1_795/ide/tools/bin/../lib/gcc/arm-none-eabi/7.2.1/../../../../arm-none-eabi/lib/thumb/v7e-m/fpv4-sp/hard\libcr_c.a(initio.o)
 .comment       0x0000007e       0x7f c:/nxp/mcuxpressoide_10.2.1_795/ide/tools/bin/../lib/gcc/arm-none-eabi/7.2.1/../../../../arm-none-eabi/lib/thumb/v7e-m/fpv4-sp/hard\libcr_c.a(printf.o)
 .comment       0x0000007e       0x7f c:/nxp/mcuxpressoide_10.2.1_795/ide/tools/bin/../lib/gcc/arm-none-eabi/7.2.1/../../../../arm-none-eabi/lib/thumb/v7e-m/fpv4-sp/hard\libcr_c.a(setvbuf.o)
 .comment       0x0000007e       0x7f c:/nxp/mcuxpressoide_10.2.1_795/ide/tools/bin/../lib/gcc/arm-none-eabi/7.2.1/../../../../arm-none-eabi/lib/thumb/v7e-m/fpv4-sp/hard\libcr_c.a(strlen.o)
 .comment       0x0000007e       0x7f c:/nxp/mcuxpressoide_10.2.1_795/ide/tools/bin/../lib/gcc/arm-none-eabi/7.2.1/../../../../arm-none-eabi/lib/thumb/v7e-m/fpv4-sp/hard\libcr_c.a(__init_alloc.o)
 .comment       0x0000007e       0x7f c:/nxp/mcuxpressoide_10.2.1_795/ide/tools/bin/../lib/gcc/arm-none-eabi/7.2.1/../../../../arm-none-eabi/lib/thumb/v7e-m/fpv4-sp/hard\libcr_c.a(_cr_sbrk.o)
 .comment       0x0000007e       0x7f c:/nxp/mcuxpressoide_10.2.1_795/ide/tools/bin/../lib/gcc/arm-none-eabi/7.2.1/../../../../arm-none-eabi/lib/thumb/v7e-m/fpv4-sp/hard\libcr_c.a(_fdopen.o)
 .comment       0x0000007e       0x7f c:/nxp/mcuxpressoide_10.2.1_795/ide/tools/bin/../lib/gcc/arm-none-eabi/7.2.1/../../../../arm-none-eabi/lib/thumb/v7e-m/fpv4-sp/hard\libcr_c.a(errno.o)
 .comment       0x0000007e       0x7f c:/nxp/mcuxpressoide_10.2.1_795/ide/tools/bin/../lib/gcc/arm-none-eabi/7.2.1/../../../../arm-none-eabi/lib/thumb/v7e-m/fpv4-sp/hard\libcr_c.a(fclose.o)
 .comment       0x0000007e       0x7f c:/nxp/mcuxpressoide_10.2.1_795/ide/tools/bin/../lib/gcc/arm-none-eabi/7.2.1/../../../../arm-none-eabi/lib/thumb/v7e-m/fpv4-sp/hard\libcr_c.a(fflush.o)
 .comment       0x0000007e       0x7f c:/nxp/mcuxpressoide_10.2.1_795/ide/tools/bin/../lib/gcc/arm-none-eabi/7.2.1/../../../../arm-none-eabi/lib/thumb/v7e-m/fpv4-sp/hard\libcr_c.a(remove.o)
 .comment       0x0000007e       0x7f c:/nxp/mcuxpressoide_10.2.1_795/ide/tools/bin/../lib/gcc/arm-none-eabi/7.2.1/../../../../arm-none-eabi/lib/thumb/v7e-m/fpv4-sp/hard\libcr_c.a(_cr_check_heap.o)
 .comment       0x0000007e       0x7f c:/nxp/mcuxpressoide_10.2.1_795/ide/tools/bin/../lib/gcc/arm-none-eabi/7.2.1/../../../../arm-none-eabi/lib/thumb/v7e-m/fpv4-sp/hard\libcr_c.a(_do_fflush.o)
 .comment       0x0000007e       0x7f c:/nxp/mcuxpressoide_10.2.1_795/ide/tools/bin/../lib/gcc/arm-none-eabi/7.2.1/thumb/v7e-m/fpv4-sp/hard\libcr_eabihelpers.a(double.o)

.ARM.attributes
                0x00000000       0x37
 .ARM.attributes
                0x00000000       0x39 ./utilities/fsl_debug_console.o
 .ARM.attributes
                0x00000039       0x39 ./utilities/fsl_io.o
 .ARM.attributes
                0x00000072       0x39 ./utilities/fsl_log.o
 .ARM.attributes
                0x000000ab       0x39 ./startup/startup_mkv31f51212.o
 .ARM.attributes
                0x000000e4       0x39 ./source/RobotInterface.o
 .ARM.attributes
                0x0000011d       0x39 ./source/SR70_MC.o
 .ARM.attributes
                0x00000156       0x39 ./source/semihost_hardfault.o
 .ARM.attributes
                0x0000018f       0x39 ./drivers/fsl_adc16.o
 .ARM.attributes
                0x000001c8       0x39 ./drivers/fsl_clock.o
 .ARM.attributes
                0x00000201       0x39 ./drivers/fsl_ftm.o
 .ARM.attributes
                0x0000023a       0x39 ./drivers/fsl_lpuart.o
 .ARM.attributes
                0x00000273       0x39 ./drivers/fsl_uart.o
 .ARM.attributes
                0x000002ac       0x39 ./board/src/board.o
 .ARM.attributes
                0x000002e5       0x39 ./board/src/clock_config.o
 .ARM.attributes
                0x0000031e       0x39 ./board/pin_mux.o
 .ARM.attributes
                0x00000357       0x39 ./amazon-freertos/portable/fsl_tickless_systick.o
 .ARM.attributes
                0x00000390       0x39 ./amazon-freertos/FreeRTOS/portable/heap_4.o
 .ARM.attributes
                0x000003c9       0x39 ./amazon-freertos/FreeRTOS/portable/port.o
 .ARM.attributes
                0x00000402       0x39 ./amazon-freertos/FreeRTOS/list.o
 .ARM.attributes
                0x0000043b       0x39 ./amazon-freertos/FreeRTOS/queue.o
 .ARM.attributes
                0x00000474       0x39 ./amazon-freertos/FreeRTOS/tasks.o
 .ARM.attributes
                0x000004ad       0x39 ./amazon-freertos/FreeRTOS/timers.o
 .ARM.attributes
                0x000004e6       0x39 ./CMSIS/system_MKV31F51212.o
 .ARM.attributes
                0x0000051f       0x39 c:/nxp/mcuxpressoide_10.2.1_795/ide/tools/bin/../lib/gcc/arm-none-eabi/7.2.1/../../../../arm-none-eabi/lib/thumb/v7e-m/fpv4-sp/hard\libcr_semihost_nf.a(_cr__main.o)
 .ARM.attributes
                0x00000558       0x39 c:/nxp/mcuxpressoide_10.2.1_795/ide/tools/bin/../lib/gcc/arm-none-eabi/7.2.1/../../../../arm-none-eabi/lib/thumb/v7e-m/fpv4-sp/hard\libcr_semihost_nf.a(_cr_assert.o)
 .ARM.attributes
                0x00000591       0x39 c:/nxp/mcuxpressoide_10.2.1_795/ide/tools/bin/../lib/gcc/arm-none-eabi/7.2.1/../../../../arm-none-eabi/lib/thumb/v7e-m/fpv4-sp/hard\libcr_semihost_nf.a(__ciob.o)
 .ARM.attributes
                0x000005ca       0x25 c:/nxp/mcuxpressoide_10.2.1_795/ide/tools/bin/../lib/gcc/arm-none-eabi/7.2.1/../../../../arm-none-eabi/lib/thumb/v7e-m/fpv4-sp/hard\libcr_semihost_nf.a(__sys_appexit.o)
 .ARM.attributes
                0x000005ef       0x39 c:/nxp/mcuxpressoide_10.2.1_795/ide/tools/bin/../lib/gcc/arm-none-eabi/7.2.1/../../../../arm-none-eabi/lib/thumb/v7e-m/fpv4-sp/hard\libcr_c.a(memcpy.o)
 .ARM.attributes
                0x00000628       0x39 c:/nxp/mcuxpressoide_10.2.1_795/ide/tools/bin/../lib/gcc/arm-none-eabi/7.2.1/../../../../arm-none-eabi/lib/thumb/v7e-m/fpv4-sp/hard\libcr_c.a(memset.o)
 .ARM.attributes
                0x00000661       0x39 c:/nxp/mcuxpressoide_10.2.1_795/ide/tools/bin/../lib/gcc/arm-none-eabi/7.2.1/../../../../arm-none-eabi/lib/thumb/v7e-m/fpv4-sp/hard\libcr_c.a(_deferredlazyseek.o)
 .ARM.attributes
                0x0000069a       0x39 c:/nxp/mcuxpressoide_10.2.1_795/ide/tools/bin/../lib/gcc/arm-none-eabi/7.2.1/../../../../arm-none-eabi/lib/thumb/v7e-m/fpv4-sp/hard\libcr_c.a(_fflush.o)
 .ARM.attributes
                0x000006d3       0x39 c:/nxp/mcuxpressoide_10.2.1_795/ide/tools/bin/../lib/gcc/arm-none-eabi/7.2.1/../../../../arm-none-eabi/lib/thumb/v7e-m/fpv4-sp/hard\libcr_c.a(_writebuf.o)
 .ARM.attributes
                0x0000070c       0x39 c:/nxp/mcuxpressoide_10.2.1_795/ide/tools/bin/../lib/gcc/arm-none-eabi/7.2.1/../../../../arm-none-eabi/lib/thumb/v7e-m/fpv4-sp/hard\libcr_c.a(alloc.o)
 .ARM.attributes
                0x00000745       0x39 c:/nxp/mcuxpressoide_10.2.1_795/ide/tools/bin/../lib/gcc/arm-none-eabi/7.2.1/../../../../arm-none-eabi/lib/thumb/v7e-m/fpv4-sp/hard\libcr_c.a(fputs.o)
 .ARM.attributes
                0x0000077e       0x39 c:/nxp/mcuxpressoide_10.2.1_795/ide/tools/bin/../lib/gcc/arm-none-eabi/7.2.1/../../../../arm-none-eabi/lib/thumb/v7e-m/fpv4-sp/hard\libcr_c.a(fseek.o)
 .ARM.attributes
                0x000007b7       0x39 c:/nxp/mcuxpressoide_10.2.1_795/ide/tools/bin/../lib/gcc/arm-none-eabi/7.2.1/../../../../arm-none-eabi/lib/thumb/v7e-m/fpv4-sp/hard\libcr_c.a(ftell.o)
 .ARM.attributes
                0x000007f0       0x39 c:/nxp/mcuxpressoide_10.2.1_795/ide/tools/bin/../lib/gcc/arm-none-eabi/7.2.1/../../../../arm-none-eabi/lib/thumb/v7e-m/fpv4-sp/hard\libcr_c.a(initio.o)
 .ARM.attributes
                0x00000829       0x39 c:/nxp/mcuxpressoide_10.2.1_795/ide/tools/bin/../lib/gcc/arm-none-eabi/7.2.1/../../../../arm-none-eabi/lib/thumb/v7e-m/fpv4-sp/hard\libcr_c.a(printf.o)
 .ARM.attributes
                0x00000862       0x39 c:/nxp/mcuxpressoide_10.2.1_795/ide/tools/bin/../lib/gcc/arm-none-eabi/7.2.1/../../../../arm-none-eabi/lib/thumb/v7e-m/fpv4-sp/hard\libcr_c.a(setvbuf.o)
 .ARM.attributes
                0x0000089b       0x39 c:/nxp/mcuxpressoide_10.2.1_795/ide/tools/bin/../lib/gcc/arm-none-eabi/7.2.1/../../../../arm-none-eabi/lib/thumb/v7e-m/fpv4-sp/hard\libcr_c.a(strlen.o)
 .ARM.attributes
                0x000008d4       0x39 c:/nxp/mcuxpressoide_10.2.1_795/ide/tools/bin/../lib/gcc/arm-none-eabi/7.2.1/../../../../arm-none-eabi/lib/thumb/v7e-m/fpv4-sp/hard\libcr_c.a(__init_alloc.o)
 .ARM.attributes
                0x0000090d       0x39 c:/nxp/mcuxpressoide_10.2.1_795/ide/tools/bin/../lib/gcc/arm-none-eabi/7.2.1/../../../../arm-none-eabi/lib/thumb/v7e-m/fpv4-sp/hard\libcr_c.a(_cr_sbrk.o)
 .ARM.attributes
                0x00000946       0x39 c:/nxp/mcuxpressoide_10.2.1_795/ide/tools/bin/../lib/gcc/arm-none-eabi/7.2.1/../../../../arm-none-eabi/lib/thumb/v7e-m/fpv4-sp/hard\libcr_c.a(_fdopen.o)
 .ARM.attributes
                0x0000097f       0x39 c:/nxp/mcuxpressoide_10.2.1_795/ide/tools/bin/../lib/gcc/arm-none-eabi/7.2.1/../../../../arm-none-eabi/lib/thumb/v7e-m/fpv4-sp/hard\libcr_c.a(errno.o)
 .ARM.attributes
                0x000009b8       0x39 c:/nxp/mcuxpressoide_10.2.1_795/ide/tools/bin/../lib/gcc/arm-none-eabi/7.2.1/../../../../arm-none-eabi/lib/thumb/v7e-m/fpv4-sp/hard\libcr_c.a(fclose.o)
 .ARM.attributes
                0x000009f1       0x39 c:/nxp/mcuxpressoide_10.2.1_795/ide/tools/bin/../lib/gcc/arm-none-eabi/7.2.1/../../../../arm-none-eabi/lib/thumb/v7e-m/fpv4-sp/hard\libcr_c.a(fflush.o)
 .ARM.attributes
                0x00000a2a       0x39 c:/nxp/mcuxpressoide_10.2.1_795/ide/tools/bin/../lib/gcc/arm-none-eabi/7.2.1/../../../../arm-none-eabi/lib/thumb/v7e-m/fpv4-sp/hard\libcr_c.a(remove.o)
 .ARM.attributes
                0x00000a63       0x39 c:/nxp/mcuxpressoide_10.2.1_795/ide/tools/bin/../lib/gcc/arm-none-eabi/7.2.1/../../../../arm-none-eabi/lib/thumb/v7e-m/fpv4-sp/hard\libcr_c.a(_cr_check_heap.o)
 .ARM.attributes
                0x00000a9c       0x39 c:/nxp/mcuxpressoide_10.2.1_795/ide/tools/bin/../lib/gcc/arm-none-eabi/7.2.1/../../../../arm-none-eabi/lib/thumb/v7e-m/fpv4-sp/hard\libcr_c.a(_do_fflush.o)
 .ARM.attributes
                0x00000ad5       0x39 c:/nxp/mcuxpressoide_10.2.1_795/ide/tools/bin/../lib/gcc/arm-none-eabi/7.2.1/thumb/v7e-m/fpv4-sp/hard\libcr_eabihelpers.a(double.o)
 .ARM.attributes
                0x00000b0e       0x25 c:/nxp/mcuxpressoide_10.2.1_795/ide/tools/bin/../lib/gcc/arm-none-eabi/7.2.1/thumb/v7e-m/fpv4-sp/hard\libcr_eabihelpers.a(memcpy.o)
 .ARM.attributes
                0x00000b33       0x25 c:/nxp/mcuxpressoide_10.2.1_795/ide/tools/bin/../lib/gcc/arm-none-eabi/7.2.1/../../../../arm-none-eabi/lib/thumb/v7e-m/fpv4-sp/hard\libcr_semihost_nf.a(__sys_close.o)
 .ARM.attributes
                0x00000b58       0x25 c:/nxp/mcuxpressoide_10.2.1_795/ide/tools/bin/../lib/gcc/arm-none-eabi/7.2.1/../../../../arm-none-eabi/lib/thumb/v7e-m/fpv4-sp/hard\libcr_semihost_nf.a(__sys_flen.o)
 .ARM.attributes
                0x00000b7d       0x25 c:/nxp/mcuxpressoide_10.2.1_795/ide/tools/bin/../lib/gcc/arm-none-eabi/7.2.1/../../../../arm-none-eabi/lib/thumb/v7e-m/fpv4-sp/hard\libcr_semihost_nf.a(__sys_istty.o)
 .ARM.attributes
                0x00000ba2       0x25 c:/nxp/mcuxpressoide_10.2.1_795/ide/tools/bin/../lib/gcc/arm-none-eabi/7.2.1/../../../../arm-none-eabi/lib/thumb/v7e-m/fpv4-sp/hard\libcr_semihost_nf.a(__sys_remove.o)
 .ARM.attributes
                0x00000bc7       0x25 c:/nxp/mcuxpressoide_10.2.1_795/ide/tools/bin/../lib/gcc/arm-none-eabi/7.2.1/../../../../arm-none-eabi/lib/thumb/v7e-m/fpv4-sp/hard\libcr_semihost_nf.a(__sys_seek.o)
 .ARM.attributes
                0x00000bec       0x25 c:/nxp/mcuxpressoide_10.2.1_795/ide/tools/bin/../lib/gcc/arm-none-eabi/7.2.1/../../../../arm-none-eabi/lib/thumb/v7e-m/fpv4-sp/hard\libcr_semihost_nf.a(__sys_tmpnam.o)
 .ARM.attributes
                0x00000c11       0x25 c:/nxp/mcuxpressoide_10.2.1_795/ide/tools/bin/../lib/gcc/arm-none-eabi/7.2.1/../../../../arm-none-eabi/lib/thumb/v7e-m/fpv4-sp/hard\libcr_semihost_nf.a(__sys_write.o)

.debug_frame    0x00000000     0x3fe0
 .debug_frame   0x00000000       0x6c ./utilities/fsl_debug_console.o
 .debug_frame   0x0000006c      0x130 ./utilities/fsl_io.o
 .debug_frame   0x0000019c      0x120 ./utilities/fsl_log.o
 .debug_frame   0x000002bc      0x7e4 ./startup/startup_mkv31f51212.o
 .debug_frame   0x00000aa0      0x640 ./source/RobotInterface.o
 .debug_frame   0x000010e0       0x94 ./source/SR70_MC.o
 .debug_frame   0x00001174       0x20 ./source/semihost_hardfault.o
 .debug_frame   0x00001194      0x224 ./drivers/fsl_adc16.o
 .debug_frame   0x000013b8      0x7bc ./drivers/fsl_clock.o
 .debug_frame   0x00001b74      0x338 ./drivers/fsl_ftm.o
 .debug_frame   0x00001eac      0x4b4 ./drivers/fsl_lpuart.o
 .debug_frame   0x00002360      0x544 ./drivers/fsl_uart.o
 .debug_frame   0x000028a4       0x34 ./board/src/board.o
 .debug_frame   0x000028d8      0x124 ./board/src/clock_config.o
 .debug_frame   0x000029fc       0x7c ./board/pin_mux.o
 .debug_frame   0x00002a78       0x30 ./amazon-freertos/portable/fsl_tickless_systick.o
 .debug_frame   0x00002aa8      0x108 ./amazon-freertos/FreeRTOS/portable/heap_4.o
 .debug_frame   0x00002bb0      0x188 ./amazon-freertos/FreeRTOS/portable/port.o
 .debug_frame   0x00002d38       0xd8 ./amazon-freertos/FreeRTOS/list.o
 .debug_frame   0x00002e10      0x530 ./amazon-freertos/FreeRTOS/queue.o
 .debug_frame   0x00003340      0x8a4 ./amazon-freertos/FreeRTOS/tasks.o
 .debug_frame   0x00003be4      0x388 ./amazon-freertos/FreeRTOS/timers.o
 .debug_frame   0x00003f6c       0x74 ./CMSIS/system_MKV31F51212.o