Archive member included to satisfy reference by file (symbol)

c:/nxp/mcuxpressoide_10.2.1_795/ide/tools/bin/../lib/gcc/arm-none-eabi/7.2.1/../../../../arm-none-eabi/lib/thumb/v7e-m/fpv4-sp/hard\libcr_semihost_nf.a(_cr__main.o)
                              ./startup/startup_mkv31f51212.o (__main)
c:/nxp/mcuxpressoide_10.2.1_795/ide/tools/bin/../lib/gcc/arm-none-eabi/7.2.1/../../../../arm-none-eabi/lib/thumb/v7e-m/fpv4-sp/hard\libcr_semihost_nf.a(_cr_assert.o)
                              ./utilities/fsl_debug_console.o (__assertion_failed)
c:/nxp/mcuxpressoide_10.2.1_795/ide/tools/bin/../lib/gcc/arm-none-eabi/7.2.1/../../../../arm-none-eabi/lib/thumb/v7e-m/fpv4-sp/hard\libcr_semihost_nf.a(__ciob.o)
                              c:/nxp/mcuxpressoide_10.2.1_795/ide/tools/bin/../lib/gcc/arm-none-eabi/7.2.1/../../../../arm-none-eabi/lib/thumb/v7e-m/fpv4-sp/hard\libcr_semihost_nf.a(_cr_assert.o) (__Ciob)
c:/nxp/mcuxpressoide_10.2.1_795/ide/tools/bin/../lib/gcc/arm-none-eabi/7.2.1/../../../../arm-none-eabi/lib/thumb/v7e-m/fpv4-sp/hard\libcr_semihost_nf.a(__sys_appexit.o)
                              c:/nxp/mcuxpressoide_10.2.1_795/ide/tools/bin/../lib/gcc/arm-none-eabi/7.2.1/../../../../arm-none-eabi/lib/thumb/v7e-m/fpv4-sp/hard\libcr_semihost_nf.a(_cr_assert.o) (__sys_appexit)
c:/nxp/mcuxpressoide_10.2.1_795/ide/tools/bin/../lib/gcc/arm-none-eabi/7.2.1/../../../../arm-none-eabi/lib/thumb/v7e-m/fpv4-sp/hard\libcr_c.a(memcpy.o)
                              ./drivers/fsl_ftfx_cache.o (memcpy)
c:/nxp/mcuxpressoide_10.2.1_795/ide/tools/bin/../lib/gcc/arm-none-eabi/7.2.1/../../../../arm-none-eabi/lib/thumb/v7e-m/fpv4-sp/hard\libcr_c.a(memset.o)
                              ./drivers/fsl_ftfx_cache.o (memset)
c:/nxp/mcuxpressoide_10.2.1_795/ide/tools/bin/../lib/gcc/arm-none-eabi/7.2.1/../../../../arm-none-eabi/lib/thumb/v7e-m/fpv4-sp/hard\libcr_c.a(_deferredlazyseek.o)
                              c:/nxp/mcuxpressoide_10.2.1_795/ide/tools/bin/../lib/gcc/arm-none-eabi/7.2.1/../../../../arm-none-eabi/lib/thumb/v7e-m/fpv4-sp/hard\libcr_semihost_nf.a(_cr_assert.o) (__flsbuf)
c:/nxp/mcuxpressoide_10.2.1_795/ide/tools/bin/../lib/gcc/arm-none-eabi/7.2.1/../../../../arm-none-eabi/lib/thumb/v7e-m/fpv4-sp/hard\libcr_c.a(_fflush.o)
                              c:/nxp/mcuxpressoide_10.2.1_795/ide/tools/bin/../lib/gcc/arm-none-eabi/7.2.1/../../../../arm-none-eabi/lib/thumb/v7e-m/fpv4-sp/hard\libcr_c.a(_deferredlazyseek.o) (_fflush)
c:/nxp/mcuxpressoide_10.2.1_795/ide/tools/bin/../lib/gcc/arm-none-eabi/7.2.1/../../../../arm-none-eabi/lib/thumb/v7e-m/fpv4-sp/hard\libcr_c.a(_writebuf.o)
                              c:/nxp/mcuxpressoide_10.2.1_795/ide/tools/bin/../lib/gcc/arm-none-eabi/7.2.1/../../../../arm-none-eabi/lib/thumb/v7e-m/fpv4-sp/hard\libcr_c.a(_deferredlazyseek.o) (_Cwritebuf)
c:/nxp/mcuxpressoide_10.2.1_795/ide/tools/bin/../lib/gcc/arm-none-eabi/7.2.1/../../../../arm-none-eabi/lib/thumb/v7e-m/fpv4-sp/hard\libcr_c.a(alloc.o)
                              ./drivers/fsl_common.o (malloc)
c:/nxp/mcuxpressoide_10.2.1_795/ide/tools/bin/../lib/gcc/arm-none-eabi/7.2.1/../../../../arm-none-eabi/lib/thumb/v7e-m/fpv4-sp/hard\libcr_c.a(fputs.o)
                              c:/nxp/mcuxpressoide_10.2.1_795/ide/tools/bin/../lib/gcc/arm-none-eabi/7.2.1/../../../../arm-none-eabi/lib/thumb/v7e-m/fpv4-sp/hard\libcr_semihost_nf.a(_cr_assert.o) (fputs)
c:/nxp/mcuxpressoide_10.2.1_795/ide/tools/bin/../lib/gcc/arm-none-eabi/7.2.1/../../../../arm-none-eabi/lib/thumb/v7e-m/fpv4-sp/hard\libcr_c.a(fseek.o)
                              c:/nxp/mcuxpressoide_10.2.1_795/ide/tools/bin/../lib/gcc/arm-none-eabi/7.2.1/../../../../arm-none-eabi/lib/thumb/v7e-m/fpv4-sp/hard\libcr_c.a(_deferredlazyseek.o) (fseek)
c:/nxp/mcuxpressoide_10.2.1_795/ide/tools/bin/../lib/gcc/arm-none-eabi/7.2.1/../../../../arm-none-eabi/lib/thumb/v7e-m/fpv4-sp/hard\libcr_c.a(ftell.o)
                              c:/nxp/mcuxpressoide_10.2.1_795/ide/tools/bin/../lib/gcc/arm-none-eabi/7.2.1/../../../../arm-none-eabi/lib/thumb/v7e-m/fpv4-sp/hard\libcr_c.a(fseek.o) (ftell)
c:/nxp/mcuxpressoide_10.2.1_795/ide/tools/bin/../lib/gcc/arm-none-eabi/7.2.1/../../../../arm-none-eabi/lib/thumb/v7e-m/fpv4-sp/hard\libcr_c.a(initio.o)
                              c:/nxp/mcuxpressoide_10.2.1_795/ide/tools/bin/../lib/gcc/arm-none-eabi/7.2.1/../../../../arm-none-eabi/lib/thumb/v7e-m/fpv4-sp/hard\libcr_semihost_nf.a(_cr__main.o) (_initio)
c:/nxp/mcuxpressoide_10.2.1_795/ide/tools/bin/../lib/gcc/arm-none-eabi/7.2.1/../../../../arm-none-eabi/lib/thumb/v7e-m/fpv4-sp/hard\libcr_c.a(printf.o)
                              ./utilities/fsl_assert.o (_printf)
c:/nxp/mcuxpressoide_10.2.1_795/ide/tools/bin/../lib/gcc/arm-none-eabi/7.2.1/../../../../arm-none-eabi/lib/thumb/v7e-m/fpv4-sp/hard\libcr_c.a(setvbuf.o)
                              c:/nxp/mcuxpressoide_10.2.1_795/ide/tools/bin/../lib/gcc/arm-none-eabi/7.2.1/../../../../arm-none-eabi/lib/thumb/v7e-m/fpv4-sp/hard\libcr_c.a(initio.o) (setvbuf)
[...]
Memory Configuration

Name             Origin             Length             Attributes
PROGRAM_FLASH    0x00000000         0x00080000         xr
SRAM_UPPER       0x20000000         0x00010000         xrw
SRAM_LOWER       0x1fff8000         0x00008000         xrw
*default*        0x00000000         0xffffffff

Linker script and memory map

LOAD ./utilities/fsl_assert.o
LOAD ./utilities/fsl_debug_console.o
LOAD ./utilities/fsl_io.o
LOAD ./utilities/fsl_log.o
LOAD ./utilities/fsl_str.o
LOAD ./startup/startup_mkv31f51212.o
LOAD ./source/freertos_swtimer.o
LOAD ./source/semihost_hardfault.o
LOAD ./drivers/fsl_clock.o
LOAD ./drivers/fsl_common.o
LOAD ./drivers/fsl_ftfx_cache.o
LOAD ./drivers/fsl_ftfx_controller.o
LOAD ./drivers/fsl_ftfx_flash.o
LOAD ./drivers/fsl_ftfx_flexnvm.o
LOAD ./drivers/fsl_gpio.o
LOAD ./drivers/fsl_lpuart.o
LOAD ./drivers/fsl_smc.o
LOAD ./drivers/fsl_uart.o
LOAD ./board/src/board.o
LOAD ./board/src/clock_config.o
LOAD ./board/peripherals.o
LOAD ./board/pin_mux.o
LOAD ./amazon-freertos/portable/fsl_tickless_systick.o
LOAD ./amazon-freertos/FreeRTOS/portable/heap_4.o
LOAD ./amazon-freertos/FreeRTOS/portable/port.o
LOAD ./amazon-freertos/FreeRTOS/event_groups.o
LOAD ./amazon-freertos/FreeRTOS/list.o
LOAD ./amazon-freertos/FreeRTOS/queue.o
LOAD ./amazon-freertos/FreeRTOS/stream_buffer.o
LOAD ./amazon-freertos/FreeRTOS/tasks.o
LOAD ./amazon-freertos/FreeRTOS/timers.o
LOAD ./CMSIS/system_MKV31F51212.o
START GROUP
LOAD c:/nxp/mcuxpressoide_10.2.1_795/ide/tools/bin/../lib/gcc/arm-none-eabi/7.2.1/../../../../arm-none-eabi/lib/thumb/v7e-m/fpv4-sp/hard\libcr_semihost_nf.a
LOAD c:/nxp/mcuxpressoide_10.2.1_795/ide/tools/bin/../lib/gcc/arm-none-eabi/7.2.1/../../../../arm-none-eabi/lib/thumb/v7e-m/fpv4-sp/hard\libcr_c.a
LOAD c:/nxp/mcuxpressoide_10.2.1_795/ide/tools/bin/../lib/gcc/arm-none-eabi/7.2.1/thumb/v7e-m/fpv4-sp/hard\libcr_eabihelpers.a
END GROUP
                0x00000000                __base_PROGRAM_FLASH = 0x0
                0x00000000                __base_Flash = 0x0
                0x00080000                __top_PROGRAM_FLASH = 0x80000
                0x00080000                __top_Flash = 0x80000
                0x20000000                __base_SRAM_UPPER = 0x20000000
                0x20000000                __base_RAM = 0x20000000
                0x20010000                __top_SRAM_UPPER = 0x20010000
                0x20010000                __top_RAM = 0x20010000
                0x1fff8000                __base_SRAM_LOWER = 0x1fff8000
                0x1fff8000                __base_RAM2 = 0x1fff8000
                0x20000000                __top_SRAM_LOWER = 0x20000000
                0x20000000                __top_RAM2 = 0x20000000

.text           0x00000000     0x6498
 FILL mask 0xff
                0x00000000                __vectors_start__ = ABSOLUTE (.)
 *(SORT_BY_ALIGNMENT(.isr_vector))
 .isr_vector    0x00000000      0x168 ./startup/startup_mkv31f51212.o
                0x00000000                g_pfnVectors
                0x00000000                __Vectors
                0x00000168                . = ALIGN (0x4)
                0x00000168                __section_table_start = .
                0x00000168                __data_section_table = .
                0x00000168        0x4 LONG 0x6498 LOADADDR (.data)
                0x0000016c        0x4 LONG 0x20000000 ADDR (.data)
                0x00000170        0x4 LONG 0x10 SIZEOF (.data)
                0x00000174        0x4 LONG 0x6498 LOADADDR (.data_RAM2)
                0x00000178        0x4 LONG 0x1fff8000 ADDR (.data_RAM2)
                0x0000017c        0x4 LONG 0x0 SIZEOF (.data_RAM2)
                0x00000180                __data_section_table_end = .
                0x00000180                __bss_section_table = .
                0x00000180        0x4 LONG 0x20000010 ADDR (.bss)
                0x00000184        0x4 LONG 0x2a88 SIZEOF (.bss)
                0x00000188        0x4 LONG 0x1fff8000 ADDR (.bss_RAM2)
                0x0000018c        0x4 LONG 0x0 SIZEOF (.bss_RAM2)
                0x00000190                __bss_section_table_end = .
                0x00000190                __section_table_end = .
 *(SORT_BY_ALIGNMENT(.after_vectors*))
 .after_vectors.reset
                0x00000190       0x4c ./startup/startup_mkv31f51212.o
                0x00000190                ResetISR
 .after_vectors.init_data
                0x000001dc       0x1e ./startup/startup_mkv31f51212.o
                0x000001dc                data_init
 .after_vectors.init_bss
                0x000001fa       0x12 ./startup/startup_mkv31f51212.o
                0x000001fa                bss_init
 .after_vectors
                0x0000020c       0x14 ./startup/startup_mkv31f51212.o
                0x0000020c                NMI_Handler
                0x00000210                MemManage_Handler
                0x00000212                BusFault_Handler
                0x00000214                UsageFault_Handler
                0x00000218                DebugMon_Handler
                0x0000021e                LPTMR0_DriverIRQHandler
                0x0000021e                DMA_Error_DriverIRQHandler
                0x0000021e                SPI1_DriverIRQHandler
                0x0000021e                FTM1_DriverIRQHandler
                0x0000021e                FTM2_DriverIRQHandler
                0x0000021e                PIT2_DriverIRQHandler
                0x0000021e                Reserved82_DriverIRQHandler
                0x0000021e                FTF_DriverIRQHandler
                0x0000021e                DMA6_DriverIRQHandler
                0x0000021e                LLWU_DriverIRQHandler
                0x0000021e                MCM_DriverIRQHandler
                0x0000021e                MCG_DriverIRQHandler
                0x0000021e                Reserved63_DriverIRQHandler
                0x0000021e                DAC1_DriverIRQHandler
                0x0000021e                Reserved69_DriverIRQHandler
                0x0000021e                DMA12_DriverIRQHandler
                0x0000021e                CMP1_DriverIRQHandler
                0x0000021e                FTM0_DriverIRQHandler
                0x0000021e                IntDefaultHandler
                0x0000021e                PORTC_DriverIRQHandler
                0x0000021e                DMA11_DriverIRQHandler
                0x0000021e                DAC0_DriverIRQHandler
                0x0000021e                DMA10_DriverIRQHandler
                0x0000021e                UART2_ERR_DriverIRQHandler
                0x0000021e                LVD_LVW_DriverIRQHandler
                0x0000021e                Reserved84_DriverIRQHandler
                0x0000021e                PIT0_DriverIRQHandler
                0x0000021e                RNG_DriverIRQHandler
                0x0000021e                DMA5_DriverIRQHandler
                0x0000021e                PORTB_DriverIRQHandler
                0x0000021e                DMA3_DriverIRQHandler
                0x0000021e                Reserved53_DriverIRQHandler
                0x0000021e                Reserved45_DriverIRQHandler
                0x0000021e                DMA8_DriverIRQHandler
                0x0000021e                DMA9_DriverIRQHandler
                0x0000021e                UART0_ERR_DriverIRQHandler
                0x0000021e                Reserved71_DriverIRQHandler
                0x0000021e                ADC1_DriverIRQHandler
                0x0000021e                PORTA_DriverIRQHandler
                0x0000021e                DMA14_DriverIRQHandler
                0x0000021e                PIT3_DriverIRQHandler
                0x0000021e                PIT1_DriverIRQHandler
                0x0000021e                WDOG_EWM_DriverIRQHandler
                0x0000021e                PDB0_DriverIRQHandler
                0x0000021e                Reserved83_DriverIRQHandler
                0x0000021e                Reserved61_DriverIRQHandler
                0x0000021e                Read_Collision_DriverIRQHandler
                0x0000021e                Reserved54_DriverIRQHandler
                0x0000021e                SWI_DriverIRQHandler
                0x0000021e                Reserved62_DriverIRQHandler
                0x0000021e                DMA0_DriverIRQHandler
                0x0000021e                DMA1_DriverIRQHandler
                0x0000021e                Reserved44_DriverIRQHandler
                0x0000021e                I2C1_DriverIRQHandler
                0x0000021e                DMA13_DriverIRQHandler
                0x0000021e                DMA15_DriverIRQHandler
                0x0000021e                Reserved85_DriverIRQHandler
                0x0000021e                Reserved81_DriverIRQHandler
                0x0000021e                SPI0_DriverIRQHandler
                0x0000021e                ADC0_DriverIRQHandler
                0x0000021e                CMP0_DriverIRQHandler
                0x0000021e                FTM3_DriverIRQHandler
                0x0000021e                DMA4_DriverIRQHandler
                0x0000021e                UART1_ERR_DriverIRQHandler
                0x0000021e                DMA2_DriverIRQHandler
                0x0000021e                PORTD_DriverIRQHandler
                0x0000021e                Reserved70_DriverIRQHandler
                0x0000021e                Reserved86_DriverIRQHandler
                0x0000021e                PORTE_DriverIRQHandler
                0x0000021e                I2C0_DriverIRQHandler
                0x0000021e                DMA7_DriverIRQHandler
                0x00000400                . = 0x400
 *fill*         0x00000220      0x1e0 ff
                0x00000400                PROVIDE (__FLASH_CONFIG_START__, .)
 *(SORT_BY_ALIGNMENT(.FlashConfig))
 .FlashConfig   0x00000400       0x10 ./startup/startup_mkv31f51212.o
                0x00000400                Flash_Config
                0x00000410                PROVIDE (__FLASH_CONFIG_END__, .)
                0x00000001                ASSERT (! ((__FLASH_CONFIG_START__ == __FLASH_CONFIG_END__)), Linker Flash Config Support Enabled, but no .FlashConfig section provided within application)
 *(SORT_BY_ALIGNMENT(.text*))
 .text.SVC_Handler
                0x00000410       0x28 ./amazon-freertos/FreeRTOS/portable/port.o
                0x00000410                SVC_Handler
 *fill*         0x00000438        0x8 ff
 .text.PendSV_Handler
                0x00000440       0x68 ./amazon-freertos/FreeRTOS/portable/port.o
                0x00000440                PendSV_Handler
 .text.DbgConsole_Init
                0x000004a8       0x38 ./utilities/fsl_debug_console.o
                0x000004a8                DbgConsole_Init
 .text.IO_Init  0x000004e0       0xbc ./utilities/fsl_io.o
                0x000004e0                IO_Init
 .text.main     0x0000059c       0x50 ./source/freertos_swtimer.o
                0x0000059c                main
 .text.SwTimerCallback
                0x000005ec       0x1c ./source/freertos_swtimer.o
 .text.CLOCK_SetEr32kClock
                0x00000608       0x30 ./drivers/fsl_clock.o
 .text.CLOCK_SetPllFllSelClock
                0x00000638       0x3c ./drivers/fsl_clock.o
 .text.CLOCK_GetMcgExtClkFreq
                0x00000674       0x78 ./drivers/fsl_clock.o
 .text.CLOCK_GetFllExtRefClkFreq
                0x000006ec       0xd0 ./drivers/fsl_clock.o
 .text.CLOCK_GetInternalRefClkSelectFreq
                0x000007bc       0x44 ./drivers/fsl_clock.o
 .text.CLOCK_GetFllRefClkFreq
                0x00000800       0x2c ./drivers/fsl_clock.o
 .text.CLOCK_GetOscRangeFromFreq
                0x0000082c       0x3c ./drivers/fsl_clock.o
 .text.CLOCK_GetCoreSysClkFreq
                0x00000868       0x28 ./drivers/fsl_clock.o
                0x00000868                CLOCK_GetCoreSysClkFreq
 .text.CLOCK_SetSimConfig
                0x00000890       0x38 ./drivers/fsl_clock.o
                0x00000890                CLOCK_SetSimConfig
 .text.CLOCK_GetOutClkFreq
                0x000008c8       0x64 ./drivers/fsl_clock.o
                0x000008c8                CLOCK_GetOutClkFreq
 .text.CLOCK_GetFllFreq
                0x0000092c       0x7c ./drivers/fsl_clock.o
                0x0000092c                CLOCK_GetFllFreq
 .text.CLOCK_GetPll0Freq
                0x000009a8       0x68 ./drivers/fsl_clock.o
                0x000009a8                CLOCK_GetPll0Freq
 .text.CLOCK_SetExternalRefClkConfig
                0x00000a10       0x6c ./drivers/fsl_clock.o
                0x00000a10                CLOCK_SetExternalRefClkConfig
 .text.CLOCK_SetInternalRefClkConfig
                0x00000a7c      0x104 ./drivers/fsl_clock.o
                0x00000a7c                CLOCK_SetInternalRefClkConfig
 .text.CLOCK_EnablePll0
                0x00000b80       0x84 ./drivers/fsl_clock.o
                0x00000b80                CLOCK_EnablePll0
 .text.CLOCK_InitOsc0
                0x00000c04       0x8c ./drivers/fsl_clock.o
                0x00000c04                CLOCK_InitOsc0
 .text.CLOCK_SetPbeMode
                0x00000c90       0xa8 ./drivers/fsl_clock.o
                0x00000c90                CLOCK_SetPbeMode
 .text.CLOCK_BootToPeeMode
                0x00000d38       0x64 ./drivers/fsl_clock.o
                0x00000d38                CLOCK_BootToPeeMode
 .text.LPUART_GetInstance
                0x00000d9c       0x44 ./drivers/fsl_lpuart.o
                0x00000d9c                LPUART_GetInstance
 .text.LPUART_Init
                0x00000de0      0x290 ./drivers/fsl_lpuart.o
                0x00000de0                LPUART_Init
 .text.LPUART_GetDefaultConfig
                0x00001070       0x70 ./drivers/fsl_lpuart.o
                0x00001070                LPUART_GetDefaultConfig
 .text.LPUART0_DriverIRQHandler
                0x000010e0       0x28 ./drivers/fsl_lpuart.o
                0x000010e0                LPUART0_DriverIRQHandler
 .text.UART_GetInstance
                0x00001108       0x54 ./drivers/fsl_uart.o
                0x00001108                UART_GetInstance
 .text.UART_Init
                0x0000115c      0x280 ./drivers/fsl_uart.o
                0x0000115c                UART_Init
 .text.UART_GetDefaultConfig
                0x000013dc       0x58 ./drivers/fsl_uart.o
                0x000013dc                UART_GetDefaultConfig
 .text.UART0_DriverIRQHandler
                0x00001434       0x28 ./drivers/fsl_uart.o
                0x00001434                UART0_DriverIRQHandler
 .text.UART1_DriverIRQHandler
                0x0000145c       0x28 ./drivers/fsl_uart.o
                0x0000145c                UART1_DriverIRQHandler
 .text.UART2_DriverIRQHandler
                0x00001484       0x28 ./drivers/fsl_uart.o
                0x00001484                UART2_DriverIRQHandler
 .text.BOARD_InitDebugConsole
                0x000014ac       0x28 ./board/src/board.o
                0x000014ac                BOARD_InitDebugConsole
 .text.CLOCK_SetSimSafeDivs
                0x000014d4       0x24 ./board/src/clock_config.o
 .text.CLOCK_SetXtal0Freq
                0x000014f8       0x20 ./board/src/clock_config.o
 .text.CLOCK_CONFIG_SetFllExtRefDiv
                0x00001518       0x3c ./board/src/clock_config.o
 .text.BOARD_BootClockRUN
                0x00001554       0x60 ./board/src/clock_config.o
                0x00001554                BOARD_BootClockRUN
 .text.BOARD_InitPins
                0x000015b4       0x48 ./board/pin_mux.o
                0x000015b4                BOARD_InitPins
 .text.vPortSetupTimerInterrupt
                0x000015fc       0x48 ./amazon-freertos/portable/fsl_tickless_systick.o
                0x000015fc                vPortSetupTimerInterrupt
 .text.pvPortMalloc
                0x00001644      0x184 ./amazon-freertos/FreeRTOS/portable/heap_4.o
                0x00001644                pvPortMalloc
 .text.vPortFree
                0x000017c8       0xb0 ./amazon-freertos/FreeRTOS/portable/heap_4.o
                0x000017c8                vPortFree
 .text.prvHeapInit
                0x00001878       0xc4 ./amazon-freertos/FreeRTOS/portable/heap_4.o
 .text.prvInsertBlockIntoFreeList
                0x0000193c       0xb4 ./amazon-freertos/FreeRTOS/portable/heap_4.o
 .text.pxPortInitialiseStack
                0x000019f0       0x68 ./amazon-freertos/FreeRTOS/portable/port.o
                0x000019f0                pxPortInitialiseStack
 .text.prvTaskExitError
                0x00001a58       0x54 ./amazon-freertos/FreeRTOS/portable/port.o
 .text.prvPortStartFirstTask
                0x00001aac       0x28 ./amazon-freertos/FreeRTOS/portable/port.o
 .text.xPortStartScheduler
                0x00001ad4      0x13c ./amazon-freertos/FreeRTOS/portable/port.o
                0x00001ad4                xPortStartScheduler
 .text.vPortEnterCritical
                0x00001c10       0x5c ./amazon-freertos/FreeRTOS/portable/port.o
                0x00001c10                vPortEnterCritical
 .text.vPortExitCritical
                0x00001c6c       0x50 ./amazon-freertos/FreeRTOS/portable/port.o
                0x00001c6c                vPortExitCritical
 .text.SysTick_Handler
                0x00001cbc       0x40 ./amazon-freertos/FreeRTOS/portable/port.o
                0x00001cbc                SysTick_Handler
 .text.vPortEnableVFP
                0x00001cfc       0x14 ./amazon-freertos/FreeRTOS/portable/port.o
 .text.vPortValidateInterruptPriority
                0x00001d10       0x7c ./amazon-freertos/FreeRTOS/portable/port.o
                0x00001d10                vPortValidateInterruptPriority
 .text.xQueueGenericReset
                0x00001d8c       0xd0 ./amazon-freertos/FreeRTOS/queue.o
                0x00001d8c                xQueueGenericReset
 .text.xQueueGenericSend
                0x00001e5c      0x1f4 ./amazon-freertos/FreeRTOS/queue.o
                0x00001e5c                xQueueGenericSend
 .text.xQueueReceive
                0x00002050      0x1b8 ./amazon-freertos/FreeRTOS/queue.o
                0x00002050                xQueueReceive
 .text.vQueueAddToRegistry
                0x00002208       0x50 ./amazon-freertos/FreeRTOS/queue.o
                0x00002208                vQueueAddToRegistry
 .text.prvAddNewTaskToReadyList
                0x00002258       0xdc ./amazon-freertos/FreeRTOS/tasks.o
 .text.vTaskStartScheduler
                0x00002334       0x98 ./amazon-freertos/FreeRTOS/tasks.o
                0x00002334                vTaskStartScheduler
 .text.vTaskSuspendAll
                0x000023cc       0x1c ./amazon-freertos/FreeRTOS/tasks.o
                0x000023cc                vTaskSuspendAll
 .text.xTaskResumeAll
                0x000023e8      0x138 ./amazon-freertos/FreeRTOS/tasks.o
                0x000023e8                xTaskResumeAll
 .text.xTaskGetTickCount
                0x00002520       0x20 ./amazon-freertos/FreeRTOS/tasks.o
                0x00002520                xTaskGetTickCount
 .text.xTaskIncrementTick
                0x00002540      0x158 ./amazon-freertos/FreeRTOS/tasks.o
                0x00002540                xTaskIncrementTick
 .text.vTaskSwitchContext
                0x00002698       0xb4 ./amazon-freertos/FreeRTOS/tasks.o
                0x00002698                vTaskSwitchContext
 .text.vTaskPlaceOnEventList
                0x0000274c       0x48 ./amazon-freertos/FreeRTOS/tasks.o
                0x0000274c                vTaskPlaceOnEventList
 .text.vTaskPlaceOnEventListRestricted
                0x00002794       0x54 ./amazon-freertos/FreeRTOS/tasks.o
                0x00002794                vTaskPlaceOnEventListRestricted
 .text.xTaskRemoveFromEventList
                0x000027e8       0xc4 ./amazon-freertos/FreeRTOS/tasks.o
                0x000027e8                xTaskRemoveFromEventList
 .text.vTaskInternalSetTimeOutState
                0x000028ac       0x2c ./amazon-freertos/FreeRTOS/tasks.o
                0x000028ac                vTaskInternalSetTimeOutState
 .text.xTaskCheckForTimeOut
                0x000028d8       0xc0 ./amazon-freertos/FreeRTOS/tasks.o
                0x000028d8                xTaskCheckForTimeOut
 .text.vTaskMissedYield
                0x00002998       0x18 ./amazon-freertos/FreeRTOS/tasks.o
                0x00002998                vTaskMissedYield
 .text.prvIdleTask
                0x000029b0       0x30 ./amazon-freertos/FreeRTOS/tasks.o
 .text.prvInitialiseTaskLists
                0x000029e0       0x80 ./amazon-freertos/FreeRTOS/tasks.o
 .text.prvCheckTasksWaitingTermination
                0x00002a60       0x58 ./amazon-freertos/FreeRTOS/tasks.o
 .text.prvResetNextTaskUnblockTime
                0x00002ab8       0x4c ./amazon-freertos/FreeRTOS/tasks.o
 .text.xTaskGetSchedulerState
                0x00002b04       0x3c ./amazon-freertos/FreeRTOS/tasks.o
                0x00002b04                xTaskGetSchedulerState
 .text.xTaskPriorityDisinherit
                0x00002b40      0x108 ./amazon-freertos/FreeRTOS/tasks.o
                0x00002b40                xTaskPriorityDisinherit
 .text.prvAddCurrentTaskToDelayedList
                0x00002c48       0xcc ./amazon-freertos/FreeRTOS/tasks.o
 .text.xTimerCreateTimerTask
                0x00002d14       0x64 ./amazon-freertos/FreeRTOS/timers.o
                0x00002d14                xTimerCreateTimerTask
 .text.xTimerGenericCommand
                0x00002d78       0x98 ./amazon-freertos/FreeRTOS/timers.o
                0x00002d78                xTimerGenericCommand
 .text.prvProcessExpiredTimer
                0x00002e10       0x80 ./amazon-freertos/FreeRTOS/timers.o
 .text.prvProcessTimerOrBlockTask
                0x00002e90       0x9c ./amazon-freertos/FreeRTOS/timers.o
 .text.prvGetNextExpireTime
                0x00002f2c       0x48 ./amazon-freertos/FreeRTOS/timers.o
 .text.prvSampleTimeNow
                0x00002f74       0x40 ./amazon-freertos/FreeRTOS/timers.o
 .text.prvInsertTimerInActiveList
                0x00002fb4       0x84 ./amazon-freertos/FreeRTOS/timers.o
 .text.prvProcessReceivedCommands
                0x00003038      0x154 ./amazon-freertos/FreeRTOS/timers.o
 .text.prvSwitchTimerLists
                0x0000318c       0xc0 ./amazon-freertos/FreeRTOS/timers.o
 .text.prvCheckForValidListAndQueue
                0x0000324c       0x6c ./amazon-freertos/FreeRTOS/timers.o
 .text.SystemInit
                0x000032b8       0x3c ./CMSIS/system_MKV31F51212.o
                0x000032b8                SystemInit
 .text.SystemCoreClockUpdate
                0x000032f4      0x25c ./CMSIS/system_MKV31F51212.o
                0x000032f4                SystemCoreClockUpdate
 .text.__assertion_failed
                0x00003550       0x4c c:/nxp/mcuxpressoide_10.2.1_795/ide/tools/bin/../lib/gcc/arm-none-eabi/7.2.1/../../../../arm-none-eabi/lib/thumb/v7e-m/fpv4-sp/hard\libcr_semihost_nf.a(_cr_assert.o)
                0x00003550                __assertion_failed
 .text.__sys_appexit
                0x0000359c        0xc c:/nxp/mcuxpressoide_10.2.1_795/ide/tools/bin/../lib/gcc/arm-none-eabi/7.2.1/../../../../arm-none-eabi/lib/thumb/v7e-m/fpv4-sp/hard\libcr_semihost_nf.a(__sys_appexit.o)
                0x0000359c                __sys_appexit
                0x0000359c                __exit
 .text._Cwritebuf
                0x000035a8       0x6c c:/nxp/mcuxpressoide_10.2.1_795/ide/tools/bin/../lib/gcc/arm-none-eabi/7.2.1/../../../../arm-none-eabi/lib/thumb/v7e-m/fpv4-sp/hard\libcr_c.a(_writebuf.o)
                0x000035a8                _Cwritebuf
 .text.malloc   0x00003614       0xc8 c:/nxp/mcuxpressoide_10.2.1_795/ide/tools/bin/../lib/gcc/arm-none-eabi/7.2.1/../../../../arm-none-eabi/lib/thumb/v7e-m/fpv4-sp/hard\libcr_c.a(alloc.o)
                0x00003614                malloc
 .text._Csys_alloc
                0x000036dc       0x20 c:/nxp/mcuxpressoide_10.2.1_795/ide/tools/bin/../lib/gcc/arm-none-eabi/7.2.1/../../../../arm-none-eabi/lib/thumb/v7e-m/fpv4-sp/hard\libcr_c.a(alloc.o)
                0x000036dc                _Csys_alloc
 .text.fseek    0x000036fc      0x100 c:/nxp/mcuxpressoide_10.2.1_795/ide/tools/bin/../lib/gcc/arm-none-eabi/7.2.1/../../../../arm-none-eabi/lib/thumb/v7e-m/fpv4-sp/hard\libcr_c.a(fseek.o)
                0x000036fc                fseek
 .text.ftell    0x000037fc       0x44 c:/nxp/mcuxpressoide_10.2.1_795/ide/tools/bin/../lib/gcc/arm-none-eabi/7.2.1/../../../../arm-none-eabi/lib/thumb/v7e-m/fpv4-sp/hard\libcr_c.a(ftell.o)
                0x000037fc                ftell
 .text._initio  0x00003840       0x78 c:/nxp/mcuxpressoide_10.2.1_795/ide/tools/bin/../lib/gcc/arm-none-eabi/7.2.1/../../../../arm-none-eabi/lib/thumb/v7e-m/fpv4-sp/hard\libcr_c.a(initio.o)
                0x00003840                _initio
 .text.__vfprintf
                0x000038b8      0xb98 c:/nxp/mcuxpressoide_10.2.1_795/ide/tools/bin/../lib/gcc/arm-none-eabi/7.2.1/../../../../arm-none-eabi/lib/thumb/v7e-m/fpv4-sp/hard\libcr_c.a(printf.o)
                0x000038b8                __vfprintf
 .text._vsnprintf
                0x00004450       0x5c c:/nxp/mcuxpressoide_10.2.1_795/ide/tools/bin/../lib/gcc/arm-none-eabi/7.2.1/../../../../arm-none-eabi/lib/thumb/v7e-m/fpv4-sp/hard\libcr_c.a(printf.o)
                0x00004450                _vsnprintf
 .text._printf  0x000044ac       0x54 c:/nxp/mcuxpressoide_10.2.1_795/ide/tools/bin/../lib/gcc/arm-none-eabi/7.2.1/../../../../arm-none-eabi/lib/thumb/v7e-m/fpv4-sp/hard\libcr_c.a(printf.o)
                0x000044ac                _printf
 .text.setvbuf  0x00004500       0x40 c:/nxp/mcuxpressoide_10.2.1_795/ide/tools/bin/../lib/gcc/arm-none-eabi/7.2.1/../../../../arm-none-eabi/lib/thumb/v7e-m/fpv4-sp/hard\libcr_c.a(setvbuf.o)
                0x00004500                setvbuf
 .text._sbrk    0x00004540       0x3c c:/nxp/mcuxpressoide_10.2.1_795/ide/tools/bin/../lib/gcc/arm-none-eabi/7.2.1/../../../../arm-none-eabi/lib/thumb/v7e-m/fpv4-sp/hard\libcr_c.a(_cr_sbrk.o)
                0x00004540                _sbrk
 .text.fflush   0x0000457c       0x44 c:/nxp/mcuxpressoide_10.2.1_795/ide/tools/bin/../lib/gcc/arm-none-eabi/7.2.1/../../../../arm-none-eabi/lib/thumb/v7e-m/fpv4-sp/hard\libcr_c.a(fflush.o)
                0x0000457c                fflush
 .text.__check_heap_overflow
                0x000045c0       0x18 c:/nxp/mcuxpressoide_10.2.1_795/ide/tools/bin/../lib/gcc/arm-none-eabi/7.2.1/../../../../arm-none-eabi/lib/thumb/v7e-m/fpv4-sp/hard\libcr_c.a(_cr_check_heap.o)
                0x000045c0                __check_heap_overflow
 .text.UART_EnableTx
                0x000045d8       0x40 ./utilities/fsl_io.o
 .text.UART_EnableRx
                0x00004618       0x40 ./utilities/fsl_io.o
 .text.LPUART_EnableTx
                0x00004658       0x38 ./utilities/fsl_io.o
 .text.LPUART_EnableRx
                0x00004690       0x38 ./utilities/fsl_io.o
 .text.LOG_Init
                0x000046c8       0x30 ./utilities/fsl_log.o
                0x000046c8                LOG_Init
 .text.DMA0_IRQHandler
                0x000046f8        0x8 ./startup/startup_mkv31f51212.o
                0x000046f8                DMA0_IRQHandler
 .text.DMA1_IRQHandler
                0x00004700        0x8 ./startup/startup_mkv31f51212.o
                0x00004700                DMA1_IRQHandler
 .text.DMA2_IRQHandler
                0x00004708        0x8 ./startup/startup_mkv31f51212.o
                0x00004708                DMA2_IRQHandler
 .text.DMA3_IRQHandler
                0x00004710        0x8 ./startup/startup_mkv31f51212.o
                0x00004710                DMA3_IRQHandler
 .text.DMA4_IRQHandler
                0x00004718        0x8 ./startup/startup_mkv31f51212.o
                0x00004718                DMA4_IRQHandler
 .text.DMA5_IRQHandler
                0x00004720        0x8 ./startup/startup_mkv31f51212.o
                0x00004720                DMA5_IRQHandler
 .text.DMA6_IRQHandler
                0x00004728        0x8 ./startup/startup_mkv31f51212.o
                0x00004728                DMA6_IRQHandler
 .text.DMA7_IRQHandler
                0x00004730        0x8 ./startup/startup_mkv31f51212.o
                0x00004730                DMA7_IRQHandler
 .text.DMA8_IRQHandler
                0x00004738        0x8 ./startup/startup_mkv31f51212.o
                0x00004738                DMA8_IRQHandler
 .text.DMA9_IRQHandler
                0x00004740        0x8 ./startup/startup_mkv31f51212.o
                0x00004740                DMA9_IRQHandler
 .text.DMA10_IRQHandler
                0x00004748        0x8 ./startup/startup_mkv31f51212.o
                0x00004748                DMA10_IRQHandler
 .text.DMA11_IRQHandler
                0x00004750        0x8 ./startup/startup_mkv31f51212.o
                0x00004750                DMA11_IRQHandler
 .text.DMA12_IRQHandler
                0x00004758        0x8 ./startup/startup_mkv31f51212.o
                0x00004758                DMA12_IRQHandler
 .text.DMA13_IRQHandler
                0x00004760        0x8 ./startup/startup_mkv31f51212.o
                0x00004760                DMA13_IRQHandler
 .text.DMA14_IRQHandler
                0x00004768        0x8 ./startup/startup_mkv31f51212.o
                0x00004768                DMA14_IRQHandler
 .text.DMA15_IRQHandler
                0x00004770        0x8 ./startup/startup_mkv31f51212.o
                0x00004770                DMA15_IRQHandler
 .text.DMA_Error_IRQHandler
                0x00004778        0x8 ./startup/startup_mkv31f51212.o
                0x00004778                DMA_Error_IRQHandler
 .text.MCM_IRQHandler
                0x00004780        0x8 ./startup/startup_mkv31f51212.o
                0x00004780                MCM_IRQHandler
 .text.FTF_IRQHandler
                0x00004788        0x8 ./startup/startup_mkv31f51212.o
                0x00004788                FTF_IRQHandler
 .text.Read_Collision_IRQHandler
                0x00004790        0x8 ./startup/startup_mkv31f51212.o
                0x00004790                Read_Collision_IRQHandler
 .text.LVD_LVW_IRQHandler
                0x00004798        0x8 ./startup/startup_mkv31f51212.o
                0x00004798                LVD_LVW_IRQHandler
 .text.LLWU_IRQHandler
                0x000047a0        0x8 ./startup/startup_mkv31f51212.o
                0x000047a0                LLWU_IRQHandler
 .text.WDOG_EWM_IRQHandler
                0x000047a8        0x8 ./startup/startup_mkv31f51212.o
                0x000047a8                WDOG_EWM_IRQHandler
 .text.RNG_IRQHandler
                0x000047b0        0x8 ./startup/startup_mkv31f51212.o
                0x000047b0                RNG_IRQHandler
 .text.I2C0_IRQHandler
                0x000047b8        0x8 ./startup/startup_mkv31f51212.o
                0x000047b8                I2C0_IRQHandler
 .text.I2C1_IRQHandler
                0x000047c0        0x8 ./startup/startup_mkv31f51212.o
                0x000047c0                I2C1_IRQHandler
 .text.SPI0_IRQHandler
                0x000047c8        0x8 ./startup/startup_mkv31f51212.o
                0x000047c8                SPI0_IRQHandler
 .text.SPI1_IRQHandler
                0x000047d0        0x8 ./startup/startup_mkv31f51212.o
                0x000047d0                SPI1_IRQHandler
 .text.Reserved44_IRQHandler
                0x000047d8        0x8 ./startup/startup_mkv31f51212.o
                0x000047d8                Reserved44_IRQHandler
 .text.Reserved45_IRQHandler
                0x000047e0        0x8 ./startup/startup_mkv31f51212.o
                0x000047e0                Reserved45_IRQHandler
 .text.LPUART0_IRQHandler
                0x000047e8        0x8 ./startup/startup_mkv31f51212.o
                0x000047e8                LPUART0_IRQHandler
 .text.UART0_RX_TX_IRQHandler
                0x000047f0        0x8 ./startup/startup_mkv31f51212.o
                0x000047f0                UART0_RX_TX_IRQHandler
 .text.UART0_ERR_IRQHandler
                0x000047f8        0x8 ./startup/startup_mkv31f51212.o
                0x000047f8                UART0_ERR_IRQHandler
 .text.UART1_RX_TX_IRQHandler
                0x00004800        0x8 ./startup/startup_mkv31f51212.o
                0x00004800                UART1_RX_TX_IRQHandler
 .text.UART1_ERR_IRQHandler
                0x00004808        0x8 ./startup/startup_mkv31f51212.o
                0x00004808                UART1_ERR_IRQHandler
 .text.UART2_RX_TX_IRQHandler
                0x00004810        0x8 ./startup/startup_mkv31f51212.o
                0x00004810                UART2_RX_TX_IRQHandler
 .text.UART2_ERR_IRQHandler
                0x00004818        0x8 ./startup/startup_mkv31f51212.o
                0x00004818                UART2_ERR_IRQHandler
 .text.Reserved53_IRQHandler
                0x00004820        0x8 ./startup/startup_mkv31f51212.o
                0x00004820                Reserved53_IRQHandler
 .text.Reserved54_IRQHandler
                0x00004828        0x8 ./startup/startup_mkv31f51212.o
                0x00004828                Reserved54_IRQHandler
 .text.ADC0_IRQHandler
                0x00004830        0x8 ./startup/startup_mkv31f51212.o
                0x00004830                ADC0_IRQHandler
 .text.CMP0_IRQHandler
                0x00004838        0x8 ./startup/startup_mkv31f51212.o
                0x00004838                CMP0_IRQHandler
 .text.CMP1_IRQHandler
                0x00004840        0x8 ./startup/startup_mkv31f51212.o
                0x00004840                CMP1_IRQHandler
 .text.FTM0_IRQHandler
                0x00004848        0x8 ./startup/startup_mkv31f51212.o
                0x00004848                FTM0_IRQHandler
 .text.FTM1_IRQHandler
                0x00004850        0x8 ./startup/startup_mkv31f51212.o
                0x00004850                FTM1_IRQHandler
 .text.FTM2_IRQHandler
                0x00004858        0x8 ./startup/startup_mkv31f51212.o
                0x00004858                FTM2_IRQHandler
 .text.Reserved61_IRQHandler
                0x00004860        0x8 ./startup/startup_mkv31f51212.o
                0x00004860                Reserved61_IRQHandler
 .text.Reserved62_IRQHandler
                0x00004868        0x8 ./startup/startup_mkv31f51212.o
                0x00004868                Reserved62_IRQHandler
 .text.Reserved63_IRQHandler
                0x00004870        0x8 ./startup/startup_mkv31f51212.o
                0x00004870                Reserved63_IRQHandler
 .text.PIT0_IRQHandler
                0x00004878        0x8 ./startup/startup_mkv31f51212.o
                0x00004878                PIT0_IRQHandler
 .text.PIT1_IRQHandler
                0x00004880        0x8 ./startup/startup_mkv31f51212.o
                0x00004880                PIT1_IRQHandler
 .text.PIT2_IRQHandler
                0x00004888        0x8 ./startup/startup_mkv31f51212.o
                0x00004888                PIT2_IRQHandler
 .text.PIT3_IRQHandler
                0x00004890        0x8 ./startup/startup_mkv31f51212.o
                0x00004890                PIT3_IRQHandler
 .text.PDB0_IRQHandler
                0x00004898        0x8 ./startup/startup_mkv31f51212.o
                0x00004898                PDB0_IRQHandler
 .text.Reserved69_IRQHandler
                0x000048a0        0x8 ./startup/startup_mkv31f51212.o
                0x000048a0                Reserved69_IRQHandler
 .text.Reserved70_IRQHandler
                0x000048a8        0x8 ./startup/startup_mkv31f51212.o
                0x000048a8                Reserved70_IRQHandler
 .text.Reserved71_IRQHandler
                0x000048b0        0x8 ./startup/startup_mkv31f51212.o
                0x000048b0                Reserved71_IRQHandler
 .text.DAC0_IRQHandler
                0x000048b8        0x8 ./startup/startup_mkv31f51212.o
                0x000048b8                DAC0_IRQHandler
 .text.MCG_IRQHandler
                0x000048c0        0x8 ./startup/startup_mkv31f51212.o
                0x000048c0                MCG_IRQHandler
 .text.LPTMR0_IRQHandler
                0x000048c8        0x8 ./startup/startup_mkv31f51212.o
                0x000048c8                LPTMR0_IRQHandler
 .text.PORTA_IRQHandler
                0x000048d0        0x8 ./startup/startup_mkv31f51212.o
                0x000048d0                PORTA_IRQHandler
 .text.PORTB_IRQHandler
                0x000048d8        0x8 ./startup/startup_mkv31f51212.o
                0x000048d8                PORTB_IRQHandler
 .text.PORTC_IRQHandler
                0x000048e0        0x8 ./startup/startup_mkv31f51212.o
                0x000048e0                PORTC_IRQHandler
 .text.PORTD_IRQHandler
                0x000048e8        0x8 ./startup/startup_mkv31f51212.o
                0x000048e8                PORTD_IRQHandler
 .text.PORTE_IRQHandler
                0x000048f0        0x8 ./startup/startup_mkv31f51212.o
                0x000048f0                PORTE_IRQHandler
 .text.SWI_IRQHandler
                0x000048f8        0x8 ./startup/startup_mkv31f51212.o
                0x000048f8                SWI_IRQHandler
 .text.Reserved81_IRQHandler
                0x00004900        0x8 ./startup/startup_mkv31f51212.o
                0x00004900                Reserved81_IRQHandler
 .text.Reserved82_IRQHandler
                0x00004908        0x8 ./startup/startup_mkv31f51212.o
                0x00004908                Reserved82_IRQHandler
 .text.Reserved83_IRQHandler
                0x00004910        0x8 ./startup/startup_mkv31f51212.o
                0x00004910                Reserved83_IRQHandler
 .text.Reserved84_IRQHandler
                0x00004918        0x8 ./startup/startup_mkv31f51212.o
                0x00004918                Reserved84_IRQHandler
 .text.Reserved85_IRQHandler
                0x00004920        0x8 ./startup/startup_mkv31f51212.o
                0x00004920                Reserved85_IRQHandler
 .text.Reserved86_IRQHandler
                0x00004928        0x8 ./startup/startup_mkv31f51212.o
                0x00004928                Reserved86_IRQHandler
 .text.FTM3_IRQHandler
                0x00004930        0x8 ./startup/startup_mkv31f51212.o
                0x00004930                FTM3_IRQHandler
 .text.DAC1_IRQHandler
                0x00004938        0x8 ./startup/startup_mkv31f51212.o
                0x00004938                DAC1_IRQHandler
 .text.ADC1_IRQHandler
                0x00004940        0x8 ./startup/startup_mkv31f51212.o
                0x00004940                ADC1_IRQHandler
 .text.HardFault_Handler
                0x00004948       0x2c ./source/semihost_hardfault.o
                0x00004948                HardFault_Handler
 .text.OSC_SetExtRefClkConfig
                0x00004974       0x40 ./drivers/fsl_clock.o
 .text.OSC_SetCapLoad
                0x000049b4       0x34 ./drivers/fsl_clock.o
 .text.CLOCK_GetPll0RefFreq
                0x000049e8        0xe ./drivers/fsl_clock.o
 .text.CLOCK_EnableClock
                0x000049f6       0x34 ./drivers/fsl_lpuart.o
 .text.CLOCK_EnableClock
                0x00004a2a       0x34 ./drivers/fsl_uart.o
 .text.UART0_RX_TX_DriverIRQHandler
                0x00004a5e       0x10 ./drivers/fsl_uart.o
                0x00004a5e                UART0_RX_TX_DriverIRQHandler
 .text.UART1_RX_TX_DriverIRQHandler
                0x00004a6e       0x10 ./drivers/fsl_uart.o
                0x00004a6e                UART1_RX_TX_DriverIRQHandler
 .text.UART2_RX_TX_DriverIRQHandler
                0x00004a7e       0x10 ./drivers/fsl_uart.o
                0x00004a7e                UART2_RX_TX_DriverIRQHandler
 .text.CLOCK_EnableClock
                0x00004a8e       0x34 ./board/pin_mux.o
 .text.PORT_SetPinMux
                0x00004ac2       0x3a ./board/pin_mux.o
 .text.vListInitialise
                0x00004afc       0x40 ./amazon-freertos/FreeRTOS/list.o
                0x00004afc                vListInitialise
 .text.vListInitialiseItem
                0x00004b3c       0x1a ./amazon-freertos/FreeRTOS/list.o
                0x00004b3c                vListInitialiseItem
 .text.vListInsertEnd
                0x00004b56       0x48 ./amazon-freertos/FreeRTOS/list.o
                0x00004b56                vListInsertEnd
 .text.vListInsert
                0x00004b9e       0x72 ./amazon-freertos/FreeRTOS/list.o
                0x00004b9e                vListInsert
 .text.uxListRemove
                0x00004c10       0x54 ./amazon-freertos/FreeRTOS/list.o
                0x00004c10                uxListRemove
 .text.xQueueGenericCreate
                0x00004c64       0x72 ./amazon-freertos/FreeRTOS/queue.o
                0x00004c64                xQueueGenericCreate
 .text.prvInitialiseNewQueue
                0x00004cd6       0x46 ./amazon-freertos/FreeRTOS/queue.o
 .text.xQueueGenericSendFromISR
                0x00004d1c      0x128 ./amazon-freertos/FreeRTOS/queue.o
                0x00004d1c                xQueueGenericSendFromISR
 .text.prvCopyDataToQueue
                0x00004e44       0xd4 ./amazon-freertos/FreeRTOS/queue.o
 .text.prvCopyDataFromQueue
                0x00004f18       0x4c ./amazon-freertos/FreeRTOS/queue.o
 .text.prvUnlockQueue
                0x00004f64       0xa4 ./amazon-freertos/FreeRTOS/queue.o
 .text.prvIsQueueEmpty
                0x00005008       0x2c ./amazon-freertos/FreeRTOS/queue.o
 .text.prvIsQueueFull
                0x00005034       0x30 ./amazon-freertos/FreeRTOS/queue.o
 .text.vQueueWaitForMessageRestricted
                0x00005064       0x68 ./amazon-freertos/FreeRTOS/queue.o
                0x00005064                vQueueWaitForMessageRestricted
 .text.xTaskCreate
                0x000050cc       0x82 ./amazon-freertos/FreeRTOS/tasks.o
                0x000050cc                xTaskCreate
 .text.prvInitialiseNewTask
                0x0000514e      0x132 ./amazon-freertos/FreeRTOS/tasks.o
 .text.prvDeleteTCB
                0x00005280       0x20 ./amazon-freertos/FreeRTOS/tasks.o
 .text.xTimerCreate
                0x000052a0       0x3a ./amazon-freertos/FreeRTOS/timers.o
                0x000052a0                xTimerCreate
 .text.prvInitialiseNewTimer
                0x000052da       0x62 ./amazon-freertos/FreeRTOS/timers.o
 .text.prvTimerTask
                0x0000533c       0x24 ./amazon-freertos/FreeRTOS/timers.o
 .text.SystemInitHook
                0x00005360        0xe ./CMSIS/system_MKV31F51212.o
                0x00005360                SystemInitHook
 .text.__main   0x0000536e        0xe c:/nxp/mcuxpressoide_10.2.1_795/ide/tools/bin/../lib/gcc/arm-none-eabi/7.2.1/../../../../arm-none-eabi/lib/thumb/v7e-m/fpv4-sp/hard\libcr_semihost_nf.a(_cr__main.o)
                0x0000536e                __CR_SEMIHOST
                0x0000536e                __main
 .text.memcpy   0x0000537c        0x4 c:/nxp/mcuxpressoide_10.2.1_795/ide/tools/bin/../lib/gcc/arm-none-eabi/7.2.1/../../../../arm-none-eabi/lib/thumb/v7e-m/fpv4-sp/hard\libcr_c.a(memcpy.o)
                0x0000537c                memcpy
 .text.memset   0x00005380        0x4 c:/nxp/mcuxpressoide_10.2.1_795/ide/tools/bin/../lib/gcc/arm-none-eabi/7.2.1/../../../../arm-none-eabi/lib/thumb/v7e-m/fpv4-sp/hard\libcr_c.a(memset.o)
                0x00005380                memset
 .text._deferredlazyseek
                0x00005384       0x40 c:/nxp/mcuxpressoide_10.2.1_795/ide/tools/bin/../lib/gcc/arm-none-eabi/7.2.1/../../../../arm-none-eabi/lib/thumb/v7e-m/fpv4-sp/hard\libcr_c.a(_deferredlazyseek.o)
                0x00005384                _deferredlazyseek
 .text.__flsbuf
                0x000053c4      0x140 c:/nxp/mcuxpressoide_10.2.1_795/ide/tools/bin/../lib/gcc/arm-none-eabi/7.2.1/../../../../arm-none-eabi/lib/thumb/v7e-m/fpv4-sp/hard\libcr_c.a(_deferredlazyseek.o)
                0x000053c4                __flsbuf
 .text._fflush  0x00005504       0x52 c:/nxp/mcuxpressoide_10.2.1_795/ide/tools/bin/../lib/gcc/arm-none-eabi/7.2.1/../../../../arm-none-eabi/lib/thumb/v7e-m/fpv4-sp/hard\libcr_c.a(_fflush.o)
                0x00005504                _fflush
 .text.free     0x00005556       0x30 c:/nxp/mcuxpressoide_10.2.1_795/ide/tools/bin/../lib/gcc/arm-none-eabi/7.2.1/../../../../arm-none-eabi/lib/thumb/v7e-m/fpv4-sp/hard\libcr_c.a(alloc.o)
                0x00005556                free
 .text.fputs    0x00005586       0x2c c:/nxp/mcuxpressoide_10.2.1_795/ide/tools/bin/../lib/gcc/arm-none-eabi/7.2.1/../../../../arm-none-eabi/lib/thumb/v7e-m/fpv4-sp/hard\libcr_c.a(fputs.o)
                0x00005586                fputs
 .text.no_fp_display
                0x000055b2        0x4 c:/nxp/mcuxpressoide_10.2.1_795/ide/tools/bin/../lib/gcc/arm-none-eabi/7.2.1/../../../../arm-none-eabi/lib/thumb/v7e-m/fpv4-sp/hard\libcr_c.a(printf.o)
 .text.strlen   0x000055b6       0x4a c:/nxp/mcuxpressoide_10.2.1_795/ide/tools/bin/../lib/gcc/arm-none-eabi/7.2.1/../../../../arm-none-eabi/lib/thumb/v7e-m/fpv4-sp/hard\libcr_c.a(strlen.o)
                0x000055b6                strlen
 .text._fdopen  0x00005600       0x68 c:/nxp/mcuxpressoide_10.2.1_795/ide/tools/bin/../lib/gcc/arm-none-eabi/7.2.1/../../../../arm-none-eabi/lib/thumb/v7e-m/fpv4-sp/hard\libcr_c.a(_fdopen.o)
                0x00005600                _fdopen
 .text.fclose   0x00005668       0x58 c:/nxp/mcuxpressoide_10.2.1_795/ide/tools/bin/../lib/gcc/arm-none-eabi/7.2.1/../../../../arm-none-eabi/lib/thumb/v7e-m/fpv4-sp/hard\libcr_c.a(fclose.o)
                0x00005668                fclose
 .text.remove   0x000056c0       0x14 c:/nxp/mcuxpressoide_10.2.1_795/ide/tools/bin/../lib/gcc/arm-none-eabi/7.2.1/../../../../arm-none-eabi/lib/thumb/v7e-m/fpv4-sp/hard\libcr_c.a(remove.o)
                0x000056c0                remove
 .text._do_fflush
                0x000056d4       0x40 c:/nxp/mcuxpressoide_10.2.1_795/ide/tools/bin/../lib/gcc/arm-none-eabi/7.2.1/../../../../arm-none-eabi/lib/thumb/v7e-m/fpv4-sp/hard\libcr_c.a(_do_fflush.o)
                0x000056d4                _do_fflush
 .text.__aeabi_memcpy
                0x00005714       0x34 c:/nxp/mcuxpressoide_10.2.1_795/ide/tools/bin/../lib/gcc/arm-none-eabi/7.2.1/thumb/v7e-m/fpv4-sp/hard\libcr_eabihelpers.a(memcpy.o)
                0x00005714                __aeabi_memcpy
                0x0000571e                __aeabi_memcpy8
                0x0000571e                __aeabi_memcpy4
 .text.__aeabi_memset_lowlevel
                0x00005748       0x32 c:/nxp/mcuxpressoide_10.2.1_795/ide/tools/bin/../lib/gcc/arm-none-eabi/7.2.1/thumb/v7e-m/fpv4-sp/hard\libcr_eabihelpers.a(memcpy.o)
                0x00005748                __aeabi_lowlevel_memset
 .text.__sys_close
                0x0000577a        0xc c:/nxp/mcuxpressoide_10.2.1_795/ide/tools/bin/../lib/gcc/arm-none-eabi/7.2.1/../../../../arm-none-eabi/lib/thumb/v7e-m/fpv4-sp/hard\libcr_semihost_nf.a(__sys_close.o)
                0x0000577a                __sys_close
 .text.__sys_flen
                0x00005786        0xc c:/nxp/mcuxpressoide_10.2.1_795/ide/tools/bin/../lib/gcc/arm-none-eabi/7.2.1/../../../../arm-none-eabi/lib/thumb/v7e-m/fpv4-sp/hard\libcr_semihost_nf.a(__sys_flen.o)
                0x00005786                __sys_flen
 .text.__sys_istty
                0x00005792        0xc c:/nxp/mcuxpressoide_10.2.1_795/ide/tools/bin/../lib/gcc/arm-none-eabi/7.2.1/../../../../arm-none-eabi/lib/thumb/v7e-m/fpv4-sp/hard\libcr_semihost_nf.a(__sys_istty.o)
                0x00005792                __sys_istty
 .text.__sys_remove
                0x0000579e        0xc c:/nxp/mcuxpressoide_10.2.1_795/ide/tools/bin/../lib/gcc/arm-none-eabi/7.2.1/../../../../arm-none-eabi/lib/thumb/v7e-m/fpv4-sp/hard\libcr_semihost_nf.a(__sys_remove.o)
                0x0000579e                __sys_remove
 .text.__sys_seek
                0x000057aa        0xc c:/nxp/mcuxpressoide_10.2.1_795/ide/tools/bin/../lib/gcc/arm-none-eabi/7.2.1/../../../../arm-none-eabi/lib/thumb/v7e-m/fpv4-sp/hard\libcr_semihost_nf.a(__sys_seek.o)
                0x000057aa                __sys_seek
 .text.__sys_tmpnam
                0x000057b6        0xc c:/nxp/mcuxpressoide_10.2.1_795/ide/tools/bin/../lib/gcc/arm-none-eabi/7.2.1/../../../../arm-none-eabi/lib/thumb/v7e-m/fpv4-sp/hard\libcr_semihost_nf.a(__sys_tmpnam.o)
                0x000057b6                __sys_tmpnam
 .text.__sys_write
                0x000057c2        0xc c:/nxp/mcuxpressoide_10.2.1_795/ide/tools/bin/../lib/gcc/arm-none-eabi/7.2.1/../../../../arm-none-eabi/lib/thumb/v7e-m/fpv4-sp/hard\libcr_semihost_nf.a(__sys_write.o)
                0x000057c2                __sys_write
 *(SORT_BY_ALIGNMENT(.rodata) SORT_BY_ALIGNMENT(.rodata.*) SORT_BY_ALIGNMENT(.constdata) SORT_BY_ALIGNMENT(.constdata.*))
 *fill*         0x000057ce        0x2 ff
 .rodata        0x000057d0       0x50 ./utilities/fsl_debug_console.o
 .rodata        0x00005820       0x27 ./utilities/fsl_io.o
 *fill*         0x00005847        0x1 ff
 .rodata        0x00005848       0x10 ./source/freertos_swtimer.o
 .rodata        0x00005858      0x175 ./drivers/fsl_clock.o
 *fill*         0x000059cd        0x3 ff
 .rodata.fllFactorTable.7348
                0x000059d0       0x10 ./drivers/fsl_clock.o
 .rodata        0x000059e0      0x4da ./drivers/fsl_lpuart.o
 *fill*         0x00005eba        0x2 ff
 .rodata.s_uartBases
                0x00005ebc        0xc ./drivers/fsl_uart.o
 .rodata.s_uartClock
                0x00005ec8        0xc ./drivers/fsl_uart.o
 .rodata        0x00005ed4      0x513 ./drivers/fsl_uart.o
 *fill*         0x000063e7        0x1 ff
 .rodata.mcgConfig_BOARD_BootClockRUN
                0x000063e8        0xb ./board/src/clock_config.o
                0x000063e8                mcgConfig_BOARD_BootClockRUN
 *fill*         0x000063f3        0x1 ff
 .rodata.simConfig_BOARD_BootClockRUN
                0x000063f4        0x8 ./board/src/clock_config.o
                0x000063f4                simConfig_BOARD_BootClockRUN
 .rodata.oscConfig_BOARD_BootClockRUN
                0x000063fc        0x8 ./board/src/clock_config.o
                0x000063fc                oscConfig_BOARD_BootClockRUN
 .rodata        0x00006404       0x18 ./amazon-freertos/FreeRTOS/tasks.o
                0x0000640c                FreeRTOSDebugConfig
 .rodata        0x0000641c        0xd ./amazon-freertos/FreeRTOS/timers.o
 *fill*         0x00006429        0x3 ff
 .rodata.__num_Ciob_streams
                0x0000642c        0x4 c:/nxp/mcuxpressoide_10.2.1_795/ide/tools/bin/../lib/gcc/arm-none-eabi/7.2.1/../../../../arm-none-eabi/lib/thumb/v7e-m/fpv4-sp/hard\libcr_semihost_nf.a(__ciob.o)
                0x0000642c                __num_Ciob_streams
 .rodata.__assertion_failed.str1.1
                0x00006430       0x15 c:/nxp/mcuxpressoide_10.2.1_795/ide/tools/bin/../lib/gcc/arm-none-eabi/7.2.1/../../../../arm-none-eabi/lib/thumb/v7e-m/fpv4-sp/hard\libcr_semihost_nf.a(_cr_assert.o)
 .rodata._Csys_alloc.str1.1
                0x00006445       0x18 c:/nxp/mcuxpressoide_10.2.1_795/ide/tools/bin/../lib/gcc/arm-none-eabi/7.2.1/../../../../arm-none-eabi/lib/thumb/v7e-m/fpv4-sp/hard\libcr_c.a(alloc.o)
 .rodata._initio.str1.1
                0x0000645d        0x4 c:/nxp/mcuxpressoide_10.2.1_795/ide/tools/bin/../lib/gcc/arm-none-eabi/7.2.1/../../../../arm-none-eabi/lib/thumb/v7e-m/fpv4-sp/hard\libcr_c.a(initio.o)
 .rodata.__vfprintf.str1.1
                0x00006461       0x35 c:/nxp/mcuxpressoide_10.2.1_795/ide/tools/bin/../lib/gcc/arm-none-eabi/7.2.1/../../../../arm-none-eabi/lib/thumb/v7e-m/fpv4-sp/hard\libcr_c.a(printf.o)
                                 0x38 (size before relaxing)
                0x00006498                . = ALIGN (0x4)
 *fill*         0x00006496        0x2 ff

.glue_7         0x00006498        0x0
 .glue_7        0x00006498        0x0 linker stubs

.glue_7t        0x00006498        0x0
 .glue_7t       0x00006498        0x0 linker stubs

.vfp11_veneer   0x00006498        0x0
 .vfp11_veneer  0x00006498        0x0 linker stubs

.v4_bx          0x00006498        0x0
 .v4_bx         0x00006498        0x0 linker stubs

.iplt           0x00006498        0x0
 .iplt          0x00006498        0x0 ./utilities/fsl_debug_console.o

.rel.dyn        0x00006498        0x0
 .rel.iplt      0x00006498        0x0 ./utilities/fsl_debug_console.o

.ARM.extab
 *(SORT_BY_ALIGNMENT(.ARM.extab*) SORT_BY_ALIGNMENT(.gnu.linkonce.armextab.*))
                0x00006498                __exidx_start = .

.ARM.exidx
 *(SORT_BY_ALIGNMENT(.ARM.exidx*) SORT_BY_ALIGNMENT(.gnu.linkonce.armexidx.*))
                0x00006498                __exidx_end = .
                0x00006498                _etext = .

.data_RAM2      0x1fff8000        0x0 load address 0x00006498
 FILL mask 0xff
                [!provide]                PROVIDE (__start_data_RAM2, .)
 *(SORT_BY_ALIGNMENT(.ramfunc.$RAM2))
 *(SORT_BY_ALIGNMENT(.ramfunc.$SRAM_LOWER))
 *(SORT_BY_ALIGNMENT(.data.$RAM2*))
 *(SORT_BY_ALIGNMENT(.data.$SRAM_LOWER*))
                0x1fff8000                . = ALIGN (0x4)
                [!provide]                PROVIDE (__end_data_RAM2, .)

.uninit_RESERVED
                0x20000000        0x0
 *(SORT_BY_ALIGNMENT(.bss.$RESERVED*))
                0x20000000                . = ALIGN (0x4)
                0x20000000                _end_uninit_RESERVED = .

.data           0x20000000       0x10 load address 0x00006498
 FILL mask 0xff
                0x20000000                _data = .
 *(SORT_BY_ALIGNMENT(vtable))
 *(SORT_BY_ALIGNMENT(.ramfunc*))
 *(SORT_BY_ALIGNMENT(.data*))
 .data.s_slowIrcFreq
                0x20000000        0x4 ./drivers/fsl_clock.o
 .data.s_fastIrcFreq
                0x20000004        0x4 ./drivers/fsl_clock.o
 .data.uxCriticalNesting
                0x20000008        0x4 ./amazon-freertos/FreeRTOS/portable/port.o
 .data.SystemCoreClock
                0x2000000c        0x4 ./CMSIS/system_MKV31F51212.o
                0x2000000c                SystemCoreClock
                0x20000010                . = ALIGN (0x4)
                0x20000010                _edata = .

.igot.plt       0x20000010        0x0 load address 0x000064a8
 .igot.plt      0x20000010        0x0 ./utilities/fsl_debug_console.o

.bss_RAM2       0x1fff8000        0x0
                [!provide]                PROVIDE (__start_bss_RAM2, .)
 *(SORT_BY_ALIGNMENT(.bss.$RAM2*))
 *(SORT_BY_ALIGNMENT(.bss.$SRAM_LOWER*))
                0x1fff8000                . = ALIGN ((. != 0x0)?0x4:0x1)
                [!provide]                PROVIDE (__end_bss_RAM2, .)

.bss            0x20000010     0x2a88
                0x20000010                _bss = .
 *(SORT_BY_ALIGNMENT(.bss*))
 .bss.s_debugConsoleIO
                0x20000010        0x8 ./utilities/fsl_io.o
 .bss.g_xtal0Freq
                0x20000018        0x4 ./drivers/fsl_clock.o
                0x20000018                g_xtal0Freq
 .bss.g_xtal32Freq
                0x2000001c        0x4 ./drivers/fsl_clock.o
                0x2000001c                g_xtal32Freq
 .bss.s_lpuartHandle
                0x20000020        0x4 ./drivers/fsl_lpuart.o
 .bss.s_lpuartIsr
                0x20000024        0x4 ./drivers/fsl_lpuart.o
 .bss.s_uartHandle
                0x20000028        0xc ./drivers/fsl_uart.o
 .bss.s_uartIsr
                0x20000034        0x4 ./drivers/fsl_uart.o
 .bss.ucHeap    0x20000038     0x2800 ./amazon-freertos/FreeRTOS/portable/heap_4.o
 .bss.xStart    0x20002838        0x8 ./amazon-freertos/FreeRTOS/portable/heap_4.o
 .bss.pxEnd     0x20002840        0x4 ./amazon-freertos/FreeRTOS/portable/heap_4.o
 .bss.xFreeBytesRemaining
                0x20002844        0x4 ./amazon-freertos/FreeRTOS/portable/heap_4.o
 .bss.xMinimumEverFreeBytesRemaining
                0x20002848        0x4 ./amazon-freertos/FreeRTOS/portable/heap_4.o
 .bss.xBlockAllocatedBit
                0x2000284c        0x4 ./amazon-freertos/FreeRTOS/portable/heap_4.o
 .bss.ulMaxPRIGROUPValue
                0x20002850        0x4 ./amazon-freertos/FreeRTOS/portable/port.o
 .bss.xQueueRegistry
                0x20002854       0x40 ./amazon-freertos/FreeRTOS/queue.o
                0x20002854                xQueueRegistry
 .bss.pxCurrentTCB
                0x20002894        0x4 ./amazon-freertos/FreeRTOS/tasks.o
                0x20002894                pxCurrentTCB
 .bss.pxReadyTasksLists
                0x20002898       0x64 ./amazon-freertos/FreeRTOS/tasks.o
 .bss.xDelayedTaskList1
                0x200028fc       0x14 ./amazon-freertos/FreeRTOS/tasks.o
 .bss.xDelayedTaskList2
                0x20002910       0x14 ./amazon-freertos/FreeRTOS/tasks.o
 .bss.pxDelayedTaskList
                0x20002924        0x4 ./amazon-freertos/FreeRTOS/tasks.o
 .bss.pxOverflowDelayedTaskList
                0x20002928        0x4 ./amazon-freertos/FreeRTOS/tasks.o
 .bss.xPendingReadyList
                0x2000292c       0x14 ./amazon-freertos/FreeRTOS/tasks.o
 .bss.xTasksWaitingTermination
                0x20002940       0x14 ./amazon-freertos/FreeRTOS/tasks.o
 .bss.uxDeletedTasksWaitingCleanUp
                0x20002954        0x4 ./amazon-freertos/FreeRTOS/tasks.o
 .bss.xSuspendedTaskList
                0x20002958       0x14 ./amazon-freertos/FreeRTOS/tasks.o
 .bss.uxCurrentNumberOfTasks
                0x2000296c        0x4 ./amazon-freertos/FreeRTOS/tasks.o
 .bss.xTickCount
                0x20002970        0x4 ./amazon-freertos/FreeRTOS/tasks.o
 .bss.uxTopReadyPriority
                0x20002974        0x4 ./amazon-freertos/FreeRTOS/tasks.o
 .bss.xSchedulerRunning
                0x20002978        0x4 ./amazon-freertos/FreeRTOS/tasks.o
 .bss.uxPendedTicks
                0x2000297c        0x4 ./amazon-freertos/FreeRTOS/tasks.o
 .bss.xYieldPending
                0x20002980        0x4 ./amazon-freertos/FreeRTOS/tasks.o
 .bss.xNumOfOverflows
                0x20002984        0x4 ./amazon-freertos/FreeRTOS/tasks.o
 .bss.uxTaskNumber
                0x20002988        0x4 ./amazon-freertos/FreeRTOS/tasks.o
 .bss.xNextTaskUnblockTime
                0x2000298c        0x4 ./amazon-freertos/FreeRTOS/tasks.o
 .bss.xIdleTaskHandle
                0x20002990        0x4 ./amazon-freertos/FreeRTOS/tasks.o
 .bss.uxSchedulerSuspended
                0x20002994        0x4 ./amazon-freertos/FreeRTOS/tasks.o
 .bss.xActiveTimerList1
                0x20002998       0x14 ./amazon-freertos/FreeRTOS/timers.o
 .bss.xActiveTimerList2
                0x200029ac       0x14 ./amazon-freertos/FreeRTOS/timers.o
 .bss.pxCurrentTimerList
                0x200029c0        0x4 ./amazon-freertos/FreeRTOS/timers.o
 .bss.pxOverflowTimerList
                0x200029c4        0x4 ./amazon-freertos/FreeRTOS/timers.o
 .bss.xTimerQueue
                0x200029c8        0x4 ./amazon-freertos/FreeRTOS/timers.o
 .bss.xTimerTaskHandle
                0x200029cc        0x4 ./amazon-freertos/FreeRTOS/timers.o
 .bss.xLastTime.5851
                0x200029d0        0x4 ./amazon-freertos/FreeRTOS/timers.o
 .bss.__Ciob    0x200029d4       0xb4 c:/nxp/mcuxpressoide_10.2.1_795/ide/tools/bin/../lib/gcc/arm-none-eabi/7.2.1/../../../../arm-none-eabi/lib/thumb/v7e-m/fpv4-sp/hard\libcr_semihost_nf.a(__ciob.o)
                0x200029d4                __Ciob
 .bss.__end_of_heap
                0x20002a88        0x4 c:/nxp/mcuxpressoide_10.2.1_795/ide/tools/bin/../lib/gcc/arm-none-eabi/7.2.1/../../../../arm-none-eabi/lib/thumb/v7e-m/fpv4-sp/hard\libcr_c.a(__init_alloc.o)
                0x20002a88                __end_of_heap
 .bss.__heaps   0x20002a8c        0x4 c:/nxp/mcuxpressoide_10.2.1_795/ide/tools/bin/../lib/gcc/arm-none-eabi/7.2.1/../../../../arm-none-eabi/lib/thumb/v7e-m/fpv4-sp/hard\libcr_c.a(__init_alloc.o)
                0x20002a8c                __heaps
 .bss.errno     0x20002a90        0x4 c:/nxp/mcuxpressoide_10.2.1_795/ide/tools/bin/../lib/gcc/arm-none-eabi/7.2.1/../../../../arm-none-eabi/lib/thumb/v7e-m/fpv4-sp/hard\libcr_c.a(errno.o)
                0x20002a90                errno
 .bss.ucMaxSysCallPriority
                0x20002a94        0x1 ./amazon-freertos/FreeRTOS/portable/port.o
 *(SORT_BY_ALIGNMENT(COMMON))
                0x20002a98                . = ALIGN (0x4)
 *fill*         0x20002a95        0x3 
                0x20002a98                _ebss = .
                [!provide]                PROVIDE (end, .)

.noinit_RAM2    0x1fff8000        0x0
 *(SORT_BY_ALIGNMENT(.noinit.$RAM2*))
 *(SORT_BY_ALIGNMENT(.noinit.$SRAM_LOWER*))
                0x1fff8000                . = ALIGN (0x4)

.noinit         0x20002a98        0x0
                0x20002a98                _noinit = .
 *(SORT_BY_ALIGNMENT(.noinit*))
                0x20002a98                . = ALIGN (0x4)
                0x20002a98                _end_noinit = .
                0x00001000                _HeapSize = 0x1000

.heap           0x20002a98     0x1000
                0x20002a98                _pvHeapStart = .
                0x20003a98                . = (. + _HeapSize)
 *fill*         0x20002a98     0x1000 
                0x20003a98                . = ALIGN (0x4)
                0x20003a98                _pvHeapLimit = .
                0x00001000                _StackSize = 0x1000

.heap2stackfill
                0x20003a98     0x1000
                0x20004a98                . = (. + _StackSize)
 *fill*         0x20003a98     0x1000 

.stack          0x2000f000        0x0
                0x2000f000                _vStackBase = .
                0x2000f000                . = ALIGN (0x4)
                0x20010000                _vStackTop = (. + _StackSize)
                0x00000000                _image_start = LOADADDR (.text)
                0x000064a8                _image_end = (LOADADDR (.data) + SIZEOF (.data))
                0x000064a8                _image_size = (_image_end - _image_start)
OUTPUT(frdmkv31f_freertos_swtimer.axf elf32-littlearm)

.debug_info     0x00000000     0xd77e
 .debug_info    0x00000000      0x2b9 ./utilities/fsl_debug_console.o
 .debug_info    0x000002b9      0xc0d ./utilities/fsl_io.o
 .debug_info    0x00000ec6      0x344 ./utilities/fsl_log.o
 .debug_info    0x0000120a      0x7d4 ./startup/startup_mkv31f51212.o
 .debug_info    0x000019de      0x5ae ./source/freertos_swtimer.o
 .debug_info    0x00001f8c       0x37 ./source/semihost_hardfault.o
 .debug_info    0x00001fc3     0x180d ./drivers/fsl_clock.o
 .debug_info    0x000037d0     0x1793 ./drivers/fsl_lpuart.o
 .debug_info    0x00004f63     0x18e3 ./drivers/fsl_uart.o
 .debug_info    0x00006846      0x7e2 ./board/src/board.o
 .debug_info    0x00007028      0xb0b ./board/src/clock_config.o
 .debug_info    0x00007b33      0x5c1 ./board/pin_mux.o
 .debug_info    0x000080f4       0xe1 ./amazon-freertos/portable/fsl_tickless_systick.o
 .debug_info    0x000081d5      0x3e6 ./amazon-freertos/FreeRTOS/portable/heap_4.o
 .debug_info    0x000085bb      0x52a ./amazon-freertos/FreeRTOS/portable/port.o
 .debug_info    0x00008ae5      0x2c5 ./amazon-freertos/FreeRTOS/list.o
 .debug_info    0x00008daa     0x168c ./amazon-freertos/FreeRTOS/queue.o
 .debug_info    0x0000a436     0x1f89 ./amazon-freertos/FreeRTOS/tasks.o
 .debug_info    0x0000c3bf      0xda1 ./amazon-freertos/FreeRTOS/timers.o
 .debug_info    0x0000d160      0x61e ./CMSIS/system_MKV31F51212.o

.debug_abbrev   0x00000000     0x245c
 .debug_abbrev  0x00000000      0x104 ./utilities/fsl_debug_console.o
 .debug_abbrev  0x00000104      0x228 ./utilities/fsl_io.o
 .debug_abbrev  0x0000032c      0x17d ./utilities/fsl_log.o
 .debug_abbrev  0x000004a9      0x159 ./startup/startup_mkv31f51212.o
 .debug_abbrev  0x00000602      0x159 ./source/freertos_swtimer.o
 .debug_abbrev  0x0000075b       0x2c ./source/semihost_hardfault.o
 .debug_abbrev  0x00000787      0x315 ./drivers/fsl_clock.o
 .debug_abbrev  0x00000a9c      0x2ce ./drivers/fsl_lpuart.o
 .debug_abbrev  0x00000d6a      0x300 ./drivers/fsl_uart.o
 .debug_abbrev  0x0000106a      0x159 ./board/src/board.o
 .debug_abbrev  0x000011c3      0x1f1 ./board/src/clock_config.o
 .debug_abbrev  0x000013b4      0x196 ./board/pin_mux.o
 .debug_abbrev  0x0000154a       0x8f ./amazon-freertos/portable/fsl_tickless_systick.o
 .debug_abbrev  0x000015d9      0x1e5 ./amazon-freertos/FreeRTOS/portable/heap_4.o
 .debug_abbrev  0x000017be      0x249 ./amazon-freertos/FreeRTOS/portable/port.o
 .debug_abbrev  0x00001a07      0x116 ./amazon-freertos/FreeRTOS/list.o
 .debug_abbrev  0x00001b1d      0x2b3 ./amazon-freertos/FreeRTOS/queue.o
 .debug_abbrev  0x00001dd0      0x2e8 ./amazon-freertos/FreeRTOS/tasks.o
 .debug_abbrev  0x000020b8      0x253 ./amazon-freertos/FreeRTOS/timers.o
 .debug_abbrev  0x0000230b      0x151 ./CMSIS/system_MKV31F51212.o

.debug_aranges  0x00000000      0xe28
 .debug_aranges
                0x00000000       0x30 ./utilities/fsl_debug_console.o
 .debug_aranges
                0x00000030       0x58 ./utilities/fsl_io.o
 .debug_aranges
                0x00000088       0x58 ./utilities/fsl_log.o
 .debug_aranges
                0x000000e0      0x2d0 ./startup/startup_mkv31f51212.o
 .debug_aranges
                0x000003b0       0x28 ./source/freertos_swtimer.o
 .debug_aranges
                0x000003d8       0x20 ./source/semihost_hardfault.o
 .debug_aranges
                0x000003f8      0x1d8 ./drivers/fsl_clock.o
 .debug_aranges
                0x000005d0      0x118 ./drivers/fsl_lpuart.o
 .debug_aranges
                0x000006e8      0x140 ./drivers/fsl_uart.o
 .debug_aranges
                0x00000828       0x20 ./board/src/board.o
 .debug_aranges
                0x00000848       0x58 ./board/src/clock_config.o
 .debug_aranges
                0x000008a0       0x30 ./board/pin_mux.o
 .debug_aranges
                0x000008d0       0x20 ./amazon-freertos/portable/fsl_tickless_systick.o
 .debug_aranges
                0x000008f0       0x50 ./amazon-freertos/FreeRTOS/portable/heap_4.o
 .debug_aranges
                0x00000940       0x78 ./amazon-freertos/FreeRTOS/portable/port.o
 .debug_aranges
                0x000009b8       0x40 ./amazon-freertos/FreeRTOS/list.o
 .debug_aranges
                0x000009f8      0x130 ./amazon-freertos/FreeRTOS/queue.o
 .debug_aranges
                0x00000b28      0x1f8 ./amazon-freertos/FreeRTOS/tasks.o
 .debug_aranges
                0x00000d20       0xd8 ./amazon-freertos/FreeRTOS/timers.o
 .debug_aranges
                0x00000df8       0x30 ./CMSIS/system_MKV31F51212.o

.debug_ranges   0x00000000      0xce8
 .debug_ranges  0x00000000       0x20 ./utilities/fsl_debug_console.o
 .debug_ranges  0x00000020       0x48 ./utilities/fsl_io.o
 .debug_ranges  0x00000068       0x48 ./utilities/fsl_log.o
 .debug_ranges  0x000000b0      0x2c0 ./startup/startup_mkv31f51212.o
 .debug_ranges  0x00000370       0x18 ./source/freertos_swtimer.o
 .debug_ranges  0x00000388       0x10 ./source/semihost_hardfault.o
 .debug_ranges  0x00000398      0x1c8 ./drivers/fsl_clock.o
 .debug_ranges  0x00000560      0x108 ./drivers/fsl_lpuart.o
 .debug_ranges  0x00000668      0x130 ./drivers/fsl_uart.o
 .debug_ranges  0x00000798       0x10 ./board/src/board.o
 .debug_ranges  0x000007a8       0x48 ./board/src/clock_config.o
 .debug_ranges  0x000007f0       0x20 ./board/pin_mux.o
 .debug_ranges  0x00000810       0x10 ./amazon-freertos/portable/fsl_tickless_systick.o
 .debug_ranges  0x00000820       0x40 ./amazon-freertos/FreeRTOS/portable/heap_4.o
 .debug_ranges  0x00000860       0x68 ./amazon-freertos/FreeRTOS/portable/port.o
 .debug_ranges  0x000008c8       0x30 ./amazon-freertos/FreeRTOS/list.o
 .debug_ranges  0x000008f8      0x120 ./amazon-freertos/FreeRTOS/queue.o
 .debug_ranges  0x00000a18      0x1e8 ./amazon-freertos/FreeRTOS/tasks.o
 .debug_ranges  0x00000c00       0xc8 ./amazon-freertos/FreeRTOS/timers.o
 .debug_ranges  0x00000cc8       0x20 ./CMSIS/system_MKV31F51212.o

.debug_line     0x00000000     0x531d
 .debug_line    0x00000000      0x179 ./utilities/fsl_debug_console.o
 .debug_line    0x00000179      0x269 ./utilities/fsl_io.o
 .debug_line    0x000003e2      0x215 ./utilities/fsl_log.o
 .debug_line    0x000005f7      0x600 ./startup/startup_mkv31f51212.o
 .debug_line    0x00000bf7      0x1cf ./source/freertos_swtimer.o
 .debug_line    0x00000dc6       0x54 ./source/semihost_hardfault.o
 .debug_line    0x00000e1a      0x8f6 ./drivers/fsl_clock.o
 .debug_line    0x00001710      0x6af ./drivers/fsl_lpuart.o
 .debug_line    0x00001dbf      0x847 ./drivers/fsl_uart.o
 .debug_line    0x00002606      0x153 ./board/src/board.o
 .debug_line    0x00002759      0x21a ./board/src/clock_config.o
 .debug_line    0x00002973      0x170 ./board/pin_mux.o
 .debug_line    0x00002ae3      0x133 ./amazon-freertos/portable/fsl_tickless_systick.o
 .debug_line    0x00002c16      0x23f ./amazon-freertos/FreeRTOS/portable/heap_4.o
 .debug_line    0x00002e55      0x320 ./amazon-freertos/FreeRTOS/portable/port.o
 .debug_line    0x00003175      0x1b5 ./amazon-freertos/FreeRTOS/list.o
 .debug_line    0x0000332a      0xaca ./amazon-freertos/FreeRTOS/queue.o
 .debug_line    0x00003df4      0xe71 ./amazon-freertos/FreeRTOS/tasks.o
 .debug_line    0x00004c65      0x528 ./amazon-freertos/FreeRTOS/timers.o
 .debug_line    0x0000518d      0x190 ./CMSIS/system_MKV31F51212.o

.debug_str      0x00000000     0x6293
 .debug_str     0x00000000      0x3aa ./utilities/fsl_debug_console.o
                                0x3eb (size before relaxing)
 .debug_str     0x000003aa      0xee7 ./utilities/fsl_io.o
                               0x125b (size before relaxing)
 .debug_str     0x00001291       0x85 ./utilities/fsl_log.o
                                0x3b8 (size before relaxing)
 .debug_str     0x00001316      0x704 ./startup/startup_mkv31f51212.o
                                0x83e (size before relaxing)
 .debug_str     0x00001a1a      0x454 ./source/freertos_swtimer.o
                                0x757 (size before relaxing)
 .debug_str     0x00001e6e       0x1f ./source/semihost_hardfault.o
                                0x158 (size before relaxing)
 .debug_str     0x00001e8d      0xc45 ./drivers/fsl_clock.o
                               0x17b3 (size before relaxing)
 .debug_str     0x00002ad2     0x1019 ./drivers/fsl_lpuart.o
                               0x1e16 (size before relaxing)
 .debug_str     0x00003aeb      0x51a ./drivers/fsl_uart.o
                               0x1d2e (size before relaxing)
 .debug_str     0x00004005       0x3b ./board/src/board.o
                                0x81c (size before relaxing)
 .debug_str     0x00004040      0x254 ./board/src/clock_config.o
                                0xf80 (size before relaxing)
 .debug_str     0x00004294      0x164 ./board/pin_mux.o
                                0x64a (size before relaxing)
 .debug_str     0x000043f8       0x4c ./amazon-freertos/portable/fsl_tickless_systick.o
                                0x25d (size before relaxing)
 .debug_str     0x00004444      0x20b ./amazon-freertos/FreeRTOS/portable/heap_4.o
                                0x410 (size before relaxing)
 .debug_str     0x0000464f      0x210 ./amazon-freertos/FreeRTOS/portable/port.o
                                0x473 (size before relaxing)
 .debug_str     0x0000485f      0x135 ./amazon-freertos/FreeRTOS/list.o
                                0x353 (size before relaxing)
 .debug_str     0x00004994      0x629 ./amazon-freertos/FreeRTOS/queue.o
                                0x967 (size before relaxing)
 .debug_str     0x00004fbd      0xcb8 ./amazon-freertos/FreeRTOS/tasks.o
                               0x1112 (size before relaxing)
 .debug_str     0x00005c75      0x50a ./amazon-freertos/FreeRTOS/timers.o
                                0x87f (size before relaxing)
 .debug_str     0x0000617f      0x114 ./CMSIS/system_MKV31F51212.o
                                0x407 (size before relaxing)

.comment        0x00000000       0x7e
 .comment       0x00000000       0x7e ./utilities/fsl_debug_console.o
                                 0x7f (size before relaxing)
 .comment       0x0000007e       0x7f ./utilities/fsl_io.o
 .comment       0x0000007e       0x7f ./utilities/fsl_log.o
 .comment       0x0000007e       0x7f ./startup/startup_mkv31f51212.o
 .comment       0x0000007e       0x7f ./source/freertos_swtimer.o
 .comment       0x0000007e       0x7f ./source/semihost_hardfault.o
 .comment       0x0000007e       0x7f ./drivers/fsl_clock.o
 .comment       0x0000007e       0x7f ./drivers/fsl_lpuart.o
 .comment       0x0000007e       0x7f ./drivers/fsl_uart.o
 .comment       0x0000007e       0x7f ./board/src/board.o
 .comment       0x0000007e       0x7f ./board/src/clock_config.o
 .comment       0x0000007e       0x7f ./board/pin_mux.o
 .comment       0x0000007e       0x7f ./amazon-freertos/portable/fsl_tickless_systick.o
 .comment       0x0000007e       0x7f ./amazon-freertos/FreeRTOS/portable/heap_4.o
 .comment       0x0000007e       0x7f ./amazon-freertos/FreeRTOS/portable/port.o
 .comment       0x0000007e       0x7f ./amazon-freertos/FreeRTOS/list.o
 .comment       0x0000007e       0x7f ./amazon-freertos/FreeRTOS/queue.o
 .comment       0x0000007e       0x7f ./amazon-freertos/FreeRTOS/tasks.o
 .comment       0x0000007e       0x7f ./amazon-freertos/FreeRTOS/timers.o
 .comment       0x0000007e       0x7f ./CMSIS/system_MKV31F51212.o
 .comment       0x0000007e       0x7f c:/nxp/mcuxpressoide_10.2.1_795/ide/tools/bin/../lib/gcc/arm-none-eabi/7.2.1/../../../../arm-none-eabi/lib/thumb/v7e-m/fpv4-sp/hard\libcr_semihost_nf.a(_cr__main.o)
 .comment       0x0000007e       0x7f c:/nxp/mcuxpressoide_10.2.1_795/ide/tools/bin/../lib/gcc/arm-none-eabi/7.2.1/../../../../arm-none-eabi/lib/thumb/v7e-m/fpv4-sp/hard\libcr_semihost_nf.a(_cr_assert.o)
 .comment       0x0000007e       0x7f c:/nxp/mcuxpressoide_10.2.1_795/ide/tools/bin/../lib/gcc/arm-none-eabi/7.2.1/../../../../arm-none-eabi/lib/thumb/v7e-m/fpv4-sp/hard\libcr_semihost_nf.a(__ciob.o)
 .comment       0x0000007e       0x7f c:/nxp/mcuxpressoide_10.2.1_795/ide/tools/bin/../lib/gcc/arm-none-eabi/7.2.1/../../../../arm-none-eabi/lib/thumb/v7e-m/fpv4-sp/hard\libcr_c.a(memcpy.o)
 .comment       0x0000007e       0x7f c:/nxp/mcuxpressoide_10.2.1_795/ide/tools/bin/../lib/gcc/arm-none-eabi/7.2.1/../../../../arm-none-eabi/lib/thumb/v7e-m/fpv4-sp/hard\libcr_c.a(memset.o)
 .comment       0x0000007e       0x7f c:/nxp/mcuxpressoide_10.2.1_795/ide/tools/bin/../lib/gcc/arm-none-eabi/7.2.1/../../../../arm-none-eabi/lib/thumb/v7e-m/fpv4-sp/hard\libcr_c.a(_deferredlazyseek.o)
 .comment       0x0000007e       0x7f c:/nxp/mcuxpressoide_10.2.1_795/ide/tools/bin/../lib/gcc/arm-none-eabi/7.2.1/../../../../arm-none-eabi/lib/thumb/v7e-m/fpv4-sp/hard\libcr_c.a(_fflush.o)
 .comment       0x0000007e       0x7f c:/nxp/mcuxpressoide_10.2.1_795/ide/tools/bin/../lib/gcc/arm-none-eabi/7.2.1/../../../../arm-none-eabi/lib/thumb/v7e-m/fpv4-sp/hard\libcr_c.a(_writebuf.o)
 .comment       0x0000007e       0x7f c:/nxp/mcuxpressoide_10.2.1_795/ide/tools/bin/../lib/gcc/arm-none-eabi/7.2.1/../../../../arm-none-eabi/lib/thumb/v7e-m/fpv4-sp/hard\libcr_c.a(alloc.o)
 .comment       0x0000007e       0x7f c:/nxp/mcuxpressoide_10.2.1_795/ide/tools/bin/../lib/gcc/arm-none-eabi/7.2.1/../../../../arm-none-eabi/lib/thumb/v7e-m/fpv4-sp/hard\libcr_c.a(fputs.o)
 .comment       0x0000007e       0x7f c:/nxp/mcuxpressoide_10.2.1_795/ide/tools/bin/../lib/gcc/arm-none-eabi/7.2.1/../../../../arm-none-eabi/lib/thumb/v7e-m/fpv4-sp/hard\libcr_c.a(fseek.o)
 .comment       0x0000007e       0x7f c:/nxp/mcuxpressoide_10.2.1_795/ide/tools/bin/../lib/gcc/arm-none-eabi/7.2.1/../../../../arm-none-eabi/lib/thumb/v7e-m/fpv4-sp/hard\libcr_c.a(ftell.o)
 .comment       0x0000007e       0x7f c:/nxp/mcuxpressoide_10.2.1_795/ide/tools/bin/../lib/gcc/arm-none-eabi/7.2.1/../../../../arm-none-eabi/lib/thumb/v7e-m/fpv4-sp/hard\libcr_c.a(initio.o)
 .comment       0x0000007e       0x7f c:/nxp/mcuxpressoide_10.2.1_795/ide/tools/bin/../lib/gcc/arm-none-eabi/7.2.1/../../../../arm-none-eabi/lib/thumb/v7e-m/fpv4-sp/hard\libcr_c.a(printf.o)
 .comment       0x0000007e       0x7f c:/nxp/mcuxpressoide_10.2.1_795/ide/tools/bin/../lib/gcc/arm-none-eabi/7.2.1/../../../../arm-none-eabi/lib/thumb/v7e-m/fpv4-sp/hard\libcr_c.a(setvbuf.o)
 .comment       0x0000007e       0x7f c:/nxp/mcuxpressoide_10.2.1_795/ide/tools/bin/../lib/gcc/arm-none-eabi/7.2.1/../../../../arm-none-eabi/lib/thumb/v7e-m/fpv4-sp/hard\libcr_c.a(strlen.o)
 .comment       0x0000007e       0x7f c:/nxp/mcuxpressoide_10.2.1_795/ide/tools/bin/../lib/gcc/arm-none-eabi/7.2.1/../../../../arm-none-eabi/lib/thumb/v7e-m/fpv4-sp/hard\libcr_c.a(__init_alloc.o)
 .comment       0x0000007e       0x7f c:/nxp/mcuxpressoide_10.2.1_795/ide/tools/bin/../lib/gcc/arm-none-eabi/7.2.1/../../../../arm-none-eabi/lib/thumb/v7e-m/fpv4-sp/hard\libcr_c.a(_cr_sbrk.o)
 .comment       0x0000007e       0x7f c:/nxp/mcuxpressoide_10.2.1_795/ide/tools/bin/../lib/gcc/arm-none-eabi/7.2.1/../../../../arm-none-eabi/lib/thumb/v7e-m/fpv4-sp/hard\libcr_c.a(_fdopen.o)
 .comment       0x0000007e       0x7f c:/nxp/mcuxpressoide_10.2.1_795/ide/tools/bin/../lib/gcc/arm-none-eabi/7.2.1/../../../../arm-none-eabi/lib/thumb/v7e-m/fpv4-sp/hard\libcr_c.a(errno.o)
 .comment       0x0000007e       0x7f c:/nxp/mcuxpressoide_10.2.1_795/ide/tools/bin/../lib/gcc/arm-none-eabi/7.2.1/../../../../arm-none-eabi/lib/thumb/v7e-m/fpv4-sp/hard\libcr_c.a(fclose.o)
 .comment       0x0000007e       0x7f c:/nxp/mcuxpressoide_10.2.1_795/ide/tools/bin/../lib/gcc/arm-none-eabi/7.2.1/../../../../arm-none-eabi/lib/thumb/v7e-m/fpv4-sp/hard\libcr_c.a(fflush.o)
 .comment       0x0000007e       0x7f c:/nxp/mcuxpressoide_10.2.1_795/ide/tools/bin/../lib/gcc/arm-none-eabi/7.2.1/../../../../arm-none-eabi/lib/thumb/v7e-m/fpv4-sp/hard\libcr_c.a(remove.o)
 .comment       0x0000007e       0x7f c:/nxp/mcuxpressoide_10.2.1_795/ide/tools/bin/../lib/gcc/arm-none-eabi/7.2.1/../../../../arm-none-eabi/lib/thumb/v7e-m/fpv4-sp/hard\libcr_c.a(_cr_check_heap.o)
 .comment       0x0000007e       0x7f c:/nxp/mcuxpressoide_10.2.1_795/ide/tools/bin/../lib/gcc/arm-none-eabi/7.2.1/../../../../arm-none-eabi/lib/thumb/v7e-m/fpv4-sp/hard\libcr_c.a(_do_fflush.o)

.ARM.attributes
                0x00000000       0x37
 .ARM.attributes
                0x00000000       0x39 ./utilities/fsl_debug_console.o
 .ARM.attributes
                0x00000039       0x39 ./utilities/fsl_io.o
 .ARM.attributes
                0x00000072       0x39 ./utilities/fsl_log.o
 .ARM.attributes
                0x000000ab       0x39 ./startup/startup_mkv31f51212.o
 .ARM.attributes
                0x000000e4       0x39 ./source/freertos_swtimer.o
 .ARM.attributes
                0x0000011d       0x39 ./source/semihost_hardfault.o
 .ARM.attributes
                0x00000156       0x39 ./drivers/fsl_clock.o
 .ARM.attributes
                0x0000018f       0x39 ./drivers/fsl_lpuart.o
 .ARM.attributes
                0x000001c8       0x39 ./drivers/fsl_uart.o
 .ARM.attributes
                0x00000201       0x39 ./board/src/board.o
 .ARM.attributes
                0x0000023a       0x39 ./board/src/clock_config.o
 .ARM.attributes
                0x00000273       0x39 ./board/pin_mux.o
 .ARM.attributes
                0x000002ac       0x39 ./amazon-freertos/portable/fsl_tickless_systick.o
 .ARM.attributes
                0x000002e5       0x39 ./amazon-freertos/FreeRTOS/portable/heap_4.o
 .ARM.attributes
                0x0000031e       0x39 ./amazon-freertos/FreeRTOS/portable/port.o
 .ARM.attributes
                0x00000357       0x39 ./amazon-freertos/FreeRTOS/list.o
 .ARM.attributes
                0x00000390       0x39 ./amazon-freertos/FreeRTOS/queue.o
 .ARM.attributes
                0x000003c9       0x39 ./amazon-freertos/FreeRTOS/tasks.o
 .ARM.attributes
                0x00000402       0x39 ./amazon-freertos/FreeRTOS/timers.o
 .ARM.attributes
                0x0000043b       0x39 ./CMSIS/system_MKV31F51212.o
 .ARM.attributes
                0x00000474       0x39 c:/nxp/mcuxpressoide_10.2.1_795/ide/tools/bin/../lib/gcc/arm-none-eabi/7.2.1/../../../../arm-none-eabi/lib/thumb/v7e-m/fpv4-sp/hard\libcr_semihost_nf.a(_cr__main.o)
 .ARM.attributes
                0x000004ad       0x39 c:/nxp/mcuxpressoide_10.2.1_795/ide/tools/bin/../lib/gcc/arm-none-eabi/7.2.1/../../../../arm-none-eabi/lib/thumb/v7e-m/fpv4-sp/hard\libcr_semihost_nf.a(_cr_assert.o)
 .ARM.attributes
                0x000004e6       0x39 c:/nxp/mcuxpressoide_10.2.1_795/ide/tools/bin/../lib/gcc/arm-none-eabi/7.2.1/../../../../arm-none-eabi/lib/thumb/v7e-m/fpv4-sp/hard\libcr_semihost_nf.a(__ciob.o)
 .ARM.attributes
                0x0000051f       0x25 c:/nxp/mcuxpressoide_10.2.1_795/ide/tools/bin/../lib/gcc/arm-none-eabi/7.2.1/../../../../arm-none-eabi/lib/thumb/v7e-m/fpv4-sp/hard\libcr_semihost_nf.a(__sys_appexit.o)
 .ARM.attributes
                0x00000544       0x39 c:/nxp/mcuxpressoide_10.2.1_795/ide/tools/bin/../lib/gcc/arm-none-eabi/7.2.1/../../../../arm-none-eabi/lib/thumb/v7e-m/fpv4-sp/hard\libcr_c.a(memcpy.o)
 .ARM.attributes
                0x0000057d       0x39 c:/nxp/mcuxpressoide_10.2.1_795/ide/tools/bin/../lib/gcc/arm-none-eabi/7.2.1/../../../../arm-none-eabi/lib/thumb/v7e-m/fpv4-sp/hard\libcr_c.a(memset.o)
 .ARM.attributes
                0x000005b6       0x39 c:/nxp/mcuxpressoide_10.2.1_795/ide/tools/bin/../lib/gcc/arm-none-eabi/7.2.1/../../../../arm-none-eabi/lib/thumb/v7e-m/fpv4-sp/hard\libcr_c.a(_deferredlazyseek.o)
 .ARM.attributes
                0x000005ef       0x39 c:/nxp/mcuxpressoide_10.2.1_795/ide/tools/bin/../lib/gcc/arm-none-eabi/7.2.1/../../../../arm-none-eabi/lib/thumb/v7e-m/fpv4-sp/hard\libcr_c.a(_fflush.o)
 .ARM.attributes
                0x00000628       0x39 c:/nxp/mcuxpressoide_10.2.1_795/ide/tools/bin/../lib/gcc/arm-none-eabi/7.2.1/../../../../arm-none-eabi/lib/thumb/v7e-m/fpv4-sp/hard\libcr_c.a(_writebuf.o)
 .ARM.attributes
                0x00000661       0x39 c:/nxp/mcuxpressoide_10.2.1_795/ide/tools/bin/../lib/gcc/arm-none-eabi/7.2.1/../../../../arm-none-eabi/lib/thumb/v7e-m/fpv4-sp/hard\libcr_c.a(alloc.o)
 .ARM.attributes
                0x0000069a       0x39 c:/nxp/mcuxpressoide_10.2.1_795/ide/tools/bin/../lib/gcc/arm-none-eabi/7.2.1/../../../../arm-none-eabi/lib/thumb/v7e-m/fpv4-sp/hard\libcr_c.a(fputs.o)
 .ARM.attributes
                0x000006d3       0x39 c:/nxp/mcuxpressoide_10.2.1_795/ide/tools/bin/../lib/gcc/arm-none-eabi/7.2.1/../../../../arm-none-eabi/lib/thumb/v7e-m/fpv4-sp/hard\libcr_c.a(fseek.o)
 .ARM.attributes
                0x0000070c       0x39 c:/nxp/mcuxpressoide_10.2.1_795/ide/tools/bin/../lib/gcc/arm-none-eabi/7.2.1/../../../../arm-none-eabi/lib/thumb/v7e-m/fpv4-sp/hard\libcr_c.a(ftell.o)
 .ARM.attributes
                0x00000745       0x39 c:/nxp/mcuxpressoide_10.2.1_795/ide/tools/bin/../lib/gcc/arm-none-eabi/7.2.1/../../../../arm-none-eabi/lib/thumb/v7e-m/fpv4-sp/hard\libcr_c.a(initio.o)
 .ARM.attributes
                0x0000077e       0x39 c:/nxp/mcuxpressoide_10.2.1_795/ide/tools/bin/../lib/gcc/arm-none-eabi/7.2.1/../../../../arm-none-eabi/lib/thumb/v7e-m/fpv4-sp/hard\libcr_c.a(printf.o)
 .ARM.attributes
                0x000007b7       0x39 c:/nxp/mcuxpressoide_10.2.1_795/ide/tools/bin/../lib/gcc/arm-none-eabi/7.2.1/../../../../arm-none-eabi/lib/thumb/v7e-m/fpv4-sp/hard\libcr_c.a(setvbuf.o)
 .ARM.attributes
                0x000007f0       0x39 c:/nxp/mcuxpressoide_10.2.1_795/ide/tools/bin/../lib/gcc/arm-none-eabi/7.2.1/../../../../arm-none-eabi/lib/thumb/v7e-m/fpv4-sp/hard\libcr_c.a(strlen.o)
 .ARM.attributes
                0x00000829       0x39 c:/nxp/mcuxpressoide_10.2.1_795/ide/tools/bin/../lib/gcc/arm-none-eabi/7.2.1/../../../../arm-none-eabi/lib/thumb/v7e-m/fpv4-sp/hard\libcr_c.a(__init_alloc.o)
 .ARM.attributes
                0x00000862       0x39 c:/nxp/mcuxpressoide_10.2.1_795/ide/tools/bin/../lib/gcc/arm-none-eabi/7.2.1/../../../../arm-none-eabi/lib/thumb/v7e-m/fpv4-sp/hard\libcr_c.a(_cr_sbrk.o)
 .ARM.attributes
                0x0000089b       0x39 c:/nxp/mcuxpressoide_10.2.1_795/ide/tools/bin/../lib/gcc/arm-none-eabi/7.2.1/../../../../arm-none-eabi/lib/thumb/v7e-m/fpv4-sp/hard\libcr_c.a(_fdopen.o)
 .ARM.attributes
                0x000008d4       0x39 c:/nxp/mcuxpressoide_10.2.1_795/ide/tools/bin/../lib/gcc/arm-none-eabi/7.2.1/../../../../arm-none-eabi/lib/thumb/v7e-m/fpv4-sp/hard\libcr_c.a(errno.o)
 .ARM.attributes
                0x0000090d       0x39 c:/nxp/mcuxpressoide_10.2.1_795/ide/tools/bin/../lib/gcc/arm-none-eabi/7.2.1/../../../../arm-none-eabi/lib/thumb/v7e-m/fpv4-sp/hard\libcr_c.a(fclose.o)
 .ARM.attributes
                0x00000946       0x39 c:/nxp/mcuxpressoide_10.2.1_795/ide/tools/bin/../lib/gcc/arm-none-eabi/7.2.1/../../../../arm-none-eabi/lib/thumb/v7e-m/fpv4-sp/hard\libcr_c.a(fflush.o)
 .ARM.attributes
                0x0000097f       0x39 c:/nxp/mcuxpressoide_10.2.1_795/ide/tools/bin/../lib/gcc/arm-none-eabi/7.2.1/../../../../arm-none-eabi/lib/thumb/v7e-m/fpv4-sp/hard\libcr_c.a(remove.o)
 .ARM.attributes
                0x000009b8       0x39 c:/nxp/mcuxpressoide_10.2.1_795/ide/tools/bin/../lib/gcc/arm-none-eabi/7.2.1/../../../../arm-none-eabi/lib/thumb/v7e-m/fpv4-sp/hard\libcr_c.a(_cr_check_heap.o)
 .ARM.attributes
                0x000009f1       0x39 c:/nxp/mcuxpressoide_10.2.1_795/ide/tools/bin/../lib/gcc/arm-none-eabi/7.2.1/../../../../arm-none-eabi/lib/thumb/v7e-m/fpv4-sp/hard\libcr_c.a(_do_fflush.o)
 .ARM.attributes
                0x00000a2a       0x25 c:/nxp/mcuxpressoide_10.2.1_795/ide/tools/bin/../lib/gcc/arm-none-eabi/7.2.1/thumb/v7e-m/fpv4-sp/hard\libcr_eabihelpers.a(memcpy.o)
 .ARM.attributes
                0x00000a4f       0x25 c:/nxp/mcuxpressoide_10.2.1_795/ide/tools/bin/../lib/gcc/arm-none-eabi/7.2.1/../../../../arm-none-eabi/lib/thumb/v7e-m/fpv4-sp/hard\libcr_semihost_nf.a(__sys_close.o)
 .ARM.attributes
                0x00000a74       0x25 c:/nxp/mcuxpressoide_10.2.1_795/ide/tools/bin/../lib/gcc/arm-none-eabi/7.2.1/../../../../arm-none-eabi/lib/thumb/v7e-m/fpv4-sp/hard\libcr_semihost_nf.a(__sys_flen.o)
 .ARM.attributes
                0x00000a99       0x25 c:/nxp/mcuxpressoide_10.2.1_795/ide/tools/bin/../lib/gcc/arm-none-eabi/7.2.1/../../../../arm-none-eabi/lib/thumb/v7e-m/fpv4-sp/hard\libcr_semihost_nf.a(__sys_istty.o)
 .ARM.attributes
                0x00000abe       0x25 c:/nxp/mcuxpressoide_10.2.1_795/ide/tools/bin/../lib/gcc/arm-none-eabi/7.2.1/../../../../arm-none-eabi/lib/thumb/v7e-m/fpv4-sp/hard\libcr_semihost_nf.a(__sys_remove.o)
 .ARM.attributes
                0x00000ae3       0x25 c:/nxp/mcuxpressoide_10.2.1_795/ide/tools/bin/../lib/gcc/arm-none-eabi/7.2.1/../../../../arm-none-eabi/lib/thumb/v7e-m/fpv4-sp/hard\libcr_semihost_nf.a(__sys_seek.o)
 .ARM.attributes
                0x00000b08       0x25 c:/nxp/mcuxpressoide_10.2.1_795/ide/tools/bin/../lib/gcc/arm-none-eabi/7.2.1/../../../../arm-none-eabi/lib/thumb/v7e-m/fpv4-sp/hard\libcr_semihost_nf.a(__sys_tmpnam.o)
 .ARM.attributes
                0x00000b2d       0x25 c:/nxp/mcuxpressoide_10.2.1_795/ide/tools/bin/../lib/gcc/arm-none-eabi/7.2.1/../../../../arm-none-eabi/lib/thumb/v7e-m/fpv4-sp/hard\libcr_semihost_nf.a(__sys_write.o)

.debug_frame    0x00000000     0x3404
 .debug_frame   0x00000000       0x6c ./utilities/fsl_debug_console.o
 .debug_frame   0x0000006c      0x130 ./utilities/fsl_io.o
 .debug_frame   0x0000019c      0x120 ./utilities/fsl_log.o
 .debug_frame   0x000002bc      0x7e4 ./startup/startup_mkv31f51212.o
 .debug_frame   0x00000aa0       0x54 ./source/freertos_swtimer.o
 .debug_frame   0x00000af4       0x20 ./source/semihost_hardfault.o
 .debug_frame   0x00000b14      0x7bc ./drivers/fsl_clock.o
 .debug_frame   0x000012d0      0x4b4 ./drivers/fsl_lpuart.o
 .debug_frame   0x00001784      0x544 ./drivers/fsl_uart.o
 .debug_frame   0x00001cc8       0x34 ./board/src/board.o
 .debug_frame   0x00001cfc      0x124 ./board/src/clock_config.o
 .debug_frame   0x00001e20       0x7c ./board/pin_mux.o
 .debug_frame   0x00001e9c       0x30 ./amazon-freertos/portable/fsl_tickless_systick.o
 .debug_frame   0x00001ecc      0x108 ./amazon-freertos/FreeRTOS/portable/heap_4.o
 .debug_frame   0x00001fd4      0x188 ./amazon-freertos/FreeRTOS/portable/port.o
 .debug_frame   0x0000215c       0xd8 ./amazon-freertos/FreeRTOS/list.o
 .debug_frame   0x00002234      0x530 ./amazon-freertos/FreeRTOS/queue.o
 .debug_frame   0x00002764      0x8a4 ./amazon-freertos/FreeRTOS/tasks.o
 .debug_frame   0x00003008      0x388 ./amazon-freertos/FreeRTOS/timers.o
 .debug_frame   0x00003390       0x74 ./CMSIS/system_MKV31F51212.o
