Archive member included to satisfy reference by file (symbol)

c:/nxp/mcuxpressoide_10.2.1_795/ide/tools/bin/../lib/gcc/arm-none-eabi/7.2.1/../../../../arm-none-eabi/lib/thumb/v7e-m/fpv4-sp/hard\libcr_semihost_nf.a(_cr__main.o)
                              ./startup/startup_mkv31f51212.o (__main)
c:/nxp/mcuxpressoide_10.2.1_795/ide/tools/bin/../lib/gcc/arm-none-eabi/7.2.1/../../../../arm-none-eabi/lib/thumb/v7e-m/fpv4-sp/hard\libcr_semihost_nf.a(_cr_assert.o)
                              ./utilities/fsl_debug_console.o (__assertion_failed)
c:/nxp/mcuxpressoide_10.2.1_795/ide/tools/bin/../lib/gcc/arm-none-eabi/7.2.1/../../../../arm-none-eabi/lib/thumb/v7e-m/fpv4-sp/hard\libcr_semihost_nf.a(__ciob.o)
                              c:/nxp/mcuxpressoide_10.2.1_795/ide/tools/bin/../lib/gcc/arm-none-eabi/7.2.1/../../../../arm-none-eabi/lib/thumb/v7e-m/fpv4-sp/hard\libcr_semihost_nf.a(_cr_assert.o) (__Ciob)
c:/nxp/mcuxpressoide_10.2.1_795/ide/tools/bin/../lib/gcc/arm-none-eabi/7.2.1/../../../../arm-none-eabi/lib/thumb/v7e-m/fpv4-sp/hard\libcr_semihost_nf.a(__sys_appexit.o)
                              c:/nxp/mcuxpressoide_10.2.1_795/ide/tools/bin/../lib/gcc/arm-none-eabi/7.2.1/../../../../arm-none-eabi/lib/thumb/v7e-m/fpv4-sp/hard\libcr_semihost_nf.a(_cr_assert.o) (__sys_appexit)
c:/nxp/mcuxpressoide_10.2.1_795/ide/tools/bin/../lib/gcc/arm-none-eabi/7.2.1/../../../../arm-none-eabi/lib/thumb/v7e-m/fpv4-sp/hard\libcr_c.a(memset.o)
                              ./drivers/fsl_edma.o (memset)
c:/nxp/mcuxpressoide_10.2.1_795/ide/tools/bin/../lib/gcc/arm-none-eabi/7.2.1/../../../../arm-none-eabi/lib/thumb/v7e-m/fpv4-sp/hard\libcr_c.a(_deferredlazyseek.o)
                              c:/nxp/mcuxpressoide_10.2.1_795/ide/tools/bin/../lib/gcc/arm-none-eabi/7.2.1/../../../../arm-none-eabi/lib/thumb/v7e-m/fpv4-sp/hard\libcr_semihost_nf.a(_cr_assert.o) (__flsbuf)
c:/nxp/mcuxpressoide_10.2.1_795/ide/tools/bin/../lib/gcc/arm-none-eabi/7.2.1/../../../../arm-none-eabi/lib/thumb/v7e-m/fpv4-sp/hard\libcr_c.a(_fflush.o)
                              c:/nxp/mcuxpressoide_10.2.1_795/ide/tools/bin/../lib/gcc/arm-none-eabi/7.2.1/../../../../arm-none-eabi/lib/thumb/v7e-m/fpv4-sp/hard\libcr_c.a(_deferredlazyseek.o) (_fflush)
c:/nxp/mcuxpressoide_10.2.1_795/ide/tools/bin/../lib/gcc/arm-none-eabi/7.2.1/../../../../arm-none-eabi/lib/thumb/v7e-m/fpv4-sp/hard\libcr_c.a(_writebuf.o)
                              c:/nxp/mcuxpressoide_10.2.1_795/ide/tools/bin/../lib/gcc/arm-none-eabi/7.2.1/../../../../arm-none-eabi/lib/thumb/v7e-m/fpv4-sp/hard\libcr_c.a(_deferredlazyseek.o) (_Cwritebuf)
c:/nxp/mcuxpressoide_10.2.1_795/ide/tools/bin/../lib/gcc/arm-none-eabi/7.2.1/../../../../arm-none-eabi/lib/thumb/v7e-m/fpv4-sp/hard\libcr_c.a(alloc.o)
                              ./drivers/fsl_common.o (malloc)
c:/nxp/mcuxpressoide_10.2.1_795/ide/tools/bin/../lib/gcc/arm-none-eabi/7.2.1/../../../../arm-none-eabi/lib/thumb/v7e-m/fpv4-sp/hard\libcr_c.a(fputs.o)
                              c:/nxp/mcuxpressoide_10.2.1_795/ide/tools/bin/../lib/gcc/arm-none-eabi/7.2.1/../../../../arm-none-eabi/lib/thumb/v7e-m/fpv4-sp/hard\libcr_semihost_nf.a(_cr_assert.o) (fputs)
c:/nxp/mcuxpressoide_10.2.1_795/ide/tools/bin/../lib/gcc/arm-none-eabi/7.2.1/../../../../arm-none-eabi/lib/thumb/v7e-m/fpv4-sp/hard\libcr_c.a(fseek.o)
                              c:/nxp/mcuxpressoide_10.2.1_795/ide/tools/bin/../lib/gcc/arm-none-eabi/7.2.1/../../../../arm-none-eabi/lib/thumb/v7e-m/fpv4-sp/hard\libcr_c.a(_deferredlazyseek.o) (fseek)
c:/nxp/mcuxpressoide_10.2.1_795/ide/tools/bin/../lib/gcc/arm-none-eabi/7.2.1/../../../../arm-none-eabi/lib/thumb/v7e-m/fpv4-sp/hard\libcr_c.a(ftell.o)
                              c:/nxp/mcuxpressoide_10.2.1_795/ide/tools/bin/../lib/gcc/arm-none-eabi/7.2.1/../../../../arm-none-eabi/lib/thumb/v7e-m/fpv4-sp/hard\libcr_c.a(fseek.o) (ftell)
c:/nxp/mcuxpressoide_10.2.1_795/ide/tools/bin/../lib/gcc/arm-none-eabi/7.2.1/../../../../arm-none-eabi/lib/thumb/v7e-m/fpv4-sp/hard\libcr_c.a(initio.o)
                              c:/nxp/mcuxpressoide_10.2.1_795/ide/tools/bin/../lib/gcc/arm-none-eabi/7.2.1/../../../../arm-none-eabi/lib/thumb/v7e-m/fpv4-sp/hard\libcr_semihost_nf.a(_cr__main.o) (_initio)
c:/nxp/mcuxpressoide_10.2.1_795/ide/tools/bin/../lib/gcc/arm-none-eabi/7.2.1/../../../../arm-none-eabi/lib/thumb/v7e-m/fpv4-sp/hard\libcr_c.a(printf.o)
                              ./source/01SR70_PCB15_Debug_ALL.o (_printf)
c:/nxp/mcuxpressoide_10.2.1_795/ide/tools/bin/../lib/gcc/arm-none-eabi/7.2.1/../../../../arm-none-eabi/lib/thumb/v7e-m/fpv4-sp/hard\libcr_c.a(setvbuf.o)
                              c:/nxp/mcuxpressoide_10.2.1_795/ide/tools/bin/../lib/gcc/arm-none-eabi/7.2.1/../../../../arm-none-eabi/lib/thumb/v7e-m/fpv4-sp/hard\libcr_c.a(initio.o) (setvbuf)
c:/nxp/mcuxpressoide_10.2.1_795/ide/tools/bin/../lib/gcc/arm-none-eabi/7.2.1/../../../../arm-none-eabi/lib/thumb/v7e-m/fpv4-sp/hard\libcr_c.a(stdlib.o)
                              ./source/RobotInterface.o (abs)
[...]
Memory Configuration

Name             Origin             Length             Attributes
PROGRAM_FLASH    0x00000000         0x00080000         xr
SRAM_UPPER       0x20000000         0x00010000         xrw
SRAM_LOWER       0x1fff8000         0x00008000         xrw
*default*        0x00000000         0xffffffff

Linker script and memory map

LOAD ./utilities/fsl_debug_console.o
LOAD ./utilities/fsl_io.o
LOAD ./utilities/fsl_log.o
LOAD ./utilities/fsl_str.o
LOAD ./startup/startup_mkv31f51212.o
LOAD ./source/01SR70_PCB15_Debug_ALL.o
LOAD ./source/DC_Motor.o
LOAD ./source/RobotInterface.o
LOAD ./source/semihost_hardfault.o
LOAD ./drivers/fsl_adc16.o
LOAD ./drivers/fsl_clock.o
LOAD ./drivers/fsl_common.o
LOAD ./drivers/fsl_dmamux.o
LOAD ./drivers/fsl_edma.o
LOAD ./drivers/fsl_ftm.o
LOAD ./drivers/fsl_gpio.o
LOAD ./drivers/fsl_i2c.o
LOAD ./drivers/fsl_lpuart.o
LOAD ./drivers/fsl_pit.o
LOAD ./drivers/fsl_uart.o
LOAD ./board/board.o
LOAD ./board/clock_config.o
LOAD ./board/peripherals.o
LOAD ./board/pin_mux.o
LOAD ./CMSIS/system_MKV31F51212.o
START GROUP
LOAD c:/nxp/mcuxpressoide_10.2.1_795/ide/tools/bin/../lib/gcc/arm-none-eabi/7.2.1/../../../../arm-none-eabi/lib/thumb/v7e-m/fpv4-sp/hard\libcr_semihost_nf.a
LOAD c:/nxp/mcuxpressoide_10.2.1_795/ide/tools/bin/../lib/gcc/arm-none-eabi/7.2.1/../../../../arm-none-eabi/lib/thumb/v7e-m/fpv4-sp/hard\libcr_c.a
LOAD c:/nxp/mcuxpressoide_10.2.1_795/ide/tools/bin/../lib/gcc/arm-none-eabi/7.2.1/thumb/v7e-m/fpv4-sp/hard\libcr_eabihelpers.a
END GROUP
                0x00000000                __base_PROGRAM_FLASH = 0x0
                0x00000000                __base_Flash = 0x0
                0x00080000                __top_PROGRAM_FLASH = 0x80000
                0x00080000                __top_Flash = 0x80000
                0x20000000                __base_SRAM_UPPER = 0x20000000
                0x20000000                __base_RAM = 0x20000000
                0x20010000                __top_SRAM_UPPER = 0x20010000
                0x20010000                __top_RAM = 0x20010000
                0x1fff8000                __base_SRAM_LOWER = 0x1fff8000
                0x1fff8000                __base_RAM2 = 0x1fff8000
                0x20000000                __top_SRAM_LOWER = 0x20000000
                0x20000000                __top_RAM2 = 0x20000000

.text           0x00000000     0x6448
 FILL mask 0xff
                0x00000000                __vectors_start__ = ABSOLUTE (.)
 *(SORT_BY_ALIGNMENT(.isr_vector))
 .isr_vector    0x00000000      0x168 ./startup/startup_mkv31f51212.o
                0x00000000                g_pfnVectors
                0x00000000                __Vectors
                0x00000168                . = ALIGN (0x4)
                0x00000168                __section_table_start = .
                0x00000168                __data_section_table = .
                0x00000168        0x4 LONG 0x6448 LOADADDR (.data)
                0x0000016c        0x4 LONG 0x20000000 ADDR (.data)
                0x00000170        0x4 LONG 0x14 SIZEOF (.data)
                0x00000174        0x4 LONG 0x6448 LOADADDR (.data_RAM2)
                0x00000178        0x4 LONG 0x1fff8000 ADDR (.data_RAM2)
                0x0000017c        0x4 LONG 0x0 SIZEOF (.data_RAM2)
                0x00000180                __data_section_table_end = .
                0x00000180                __bss_section_table = .
                0x00000180        0x4 LONG 0x20000018 ADDR (.bss)
                0x00000184        0x4 LONG 0x294 SIZEOF (.bss)
                0x00000188        0x4 LONG 0x1fff8000 ADDR (.bss_RAM2)
                0x0000018c        0x4 LONG 0x0 SIZEOF (.bss_RAM2)
                0x00000190                __bss_section_table_end = .
                0x00000190                __section_table_end = .
 *(SORT_BY_ALIGNMENT(.after_vectors*))
 .after_vectors.reset
                0x00000190       0x4c ./startup/startup_mkv31f51212.o
                0x00000190                ResetISR
 .after_vectors.init_data
                0x000001dc       0x1e ./startup/startup_mkv31f51212.o
                0x000001dc                data_init
 .after_vectors.init_bss
                0x000001fa       0x12 ./startup/startup_mkv31f51212.o
                0x000001fa                bss_init
 .after_vectors
                0x0000020c       0x14 ./startup/startup_mkv31f51212.o
                0x0000020c                NMI_Handler
                0x00000210                MemManage_Handler
                0x00000212                BusFault_Handler
                0x00000214                UsageFault_Handler
                0x00000216                SVC_Handler
                0x00000218                DebugMon_Handler
                0x0000021a                PendSV_Handler
                0x0000021c                SysTick_Handler
                0x0000021e                FTM1_DriverIRQHandler
                0x0000021e                FTM2_DriverIRQHandler
                0x0000021e                PIT2_DriverIRQHandler
                0x0000021e                Reserved82_DriverIRQHandler
                0x0000021e                FTF_DriverIRQHandler
                0x0000021e                LLWU_DriverIRQHandler
                0x0000021e                MCM_DriverIRQHandler
                0x0000021e                MCG_DriverIRQHandler
                0x0000021e                Reserved63_DriverIRQHandler
                0x0000021e                DAC1_DriverIRQHandler
                0x0000021e                Reserved69_DriverIRQHandler
                0x0000021e                DMA_Error_DriverIRQHandler
                0x0000021e                CMP1_DriverIRQHandler
                0x0000021e                FTM0_DriverIRQHandler
                0x0000021e                IntDefaultHandler
                0x0000021e                PORTC_DriverIRQHandler
                0x0000021e                DAC0_DriverIRQHandler
                0x0000021e                UART2_ERR_DriverIRQHandler
                0x0000021e                LVD_LVW_DriverIRQHandler
                0x0000021e                Reserved84_DriverIRQHandler
                0x0000021e                LPTMR0_DriverIRQHandler
                0x0000021e                RNG_DriverIRQHandler
                0x0000021e                Reserved53_DriverIRQHandler
                0x0000021e                Reserved45_DriverIRQHandler
                0x0000021e                UART0_ERR_DriverIRQHandler
                0x0000021e                Reserved71_DriverIRQHandler
                0x0000021e                ADC1_DriverIRQHandler
                0x0000021e                PORTA_DriverIRQHandler
                0x0000021e                PIT3_DriverIRQHandler
                0x0000021e                PIT1_DriverIRQHandler
                0x0000021e                WDOG_EWM_DriverIRQHandler
                0x0000021e                PDB0_DriverIRQHandler
                0x0000021e                Reserved83_DriverIRQHandler
                0x0000021e                Reserved61_DriverIRQHandler
                0x0000021e                Read_Collision_DriverIRQHandler
                0x0000021e                Reserved54_DriverIRQHandler
                0x0000021e                SWI_DriverIRQHandler
                0x0000021e                Reserved62_DriverIRQHandler
                0x0000021e                SPI1_DriverIRQHandler
                0x0000021e                PORTB_DriverIRQHandler
                0x0000021e                Reserved44_DriverIRQHandler
                0x0000021e                Reserved85_DriverIRQHandler
                0x0000021e                Reserved81_DriverIRQHandler
                0x0000021e                SPI0_DriverIRQHandler
                0x0000021e                ADC0_DriverIRQHandler
                0x0000021e                CMP0_DriverIRQHandler
                0x0000021e                FTM3_DriverIRQHandler
                0x0000021e                PIT0_DriverIRQHandler
                0x0000021e                UART1_ERR_DriverIRQHandler
                0x0000021e                PORTD_DriverIRQHandler
                0x0000021e                Reserved70_DriverIRQHandler
                0x0000021e                Reserved86_DriverIRQHandler
                0x0000021e                PORTE_DriverIRQHandler
                0x00000400                . = 0x400
 *fill*         0x00000220      0x1e0 ff
                0x00000400                PROVIDE (__FLASH_CONFIG_START__, .)
 *(SORT_BY_ALIGNMENT(.FlashConfig))
 .FlashConfig   0x00000400       0x10 ./startup/startup_mkv31f51212.o
                0x00000400                Flash_Config
                0x00000410                PROVIDE (__FLASH_CONFIG_END__, .)
                0x00000001                ASSERT (! ((__FLASH_CONFIG_START__ == __FLASH_CONFIG_END__)), Linker Flash Config Support Enabled, but no .FlashConfig section provided within application)
 *(SORT_BY_ALIGNMENT(.text*))
 .text.RobotInterface_Init
                0x00000410       0xf8 ./source/RobotInterface.o
                0x00000410                RobotInterface_Init
 .text.MotorPositionControl
                0x00000508      0x224 ./source/RobotInterface.o
                0x00000508                MotorPositionControl
 .text.__NVIC_EnableIRQ
                0x0000072c       0x3c ./source/01SR70_PCB15_Debug_ALL.o
 .text.PORTD_IRQHandler
                0x00000768       0x2c ./source/01SR70_PCB15_Debug_ALL.o
                0x00000768                PORTD_IRQHandler
 .text.main     0x00000794      0x2f0 ./source/01SR70_PCB15_Debug_ALL.o
                0x00000794                main
 .text.FTM3_IRQHandler
                0x00000a84       0x20 ./source/01SR70_PCB15_Debug_ALL.o
                0x00000a84                FTM3_IRQHandler
 .text.ADC16_GetChannelConversionValue
                0x00000aa4       0x2c ./source/RobotInterface.o
 .text.ADC_init
                0x00000ad0       0x74 ./source/RobotInterface.o
                0x00000ad0                ADC_init
 .text.ADC_read
                0x00000b44       0x78 ./source/RobotInterface.o
                0x00000b44                ADC_read
 .text.PWM_init
                0x00000bbc       0xec ./source/RobotInterface.o
                0x00000bbc                PWM_init
 .text.GPIO_init
                0x00000ca8       0xe8 ./source/RobotInterface.o
                0x00000ca8                GPIO_init
 .text.FTMQD_init
                0x00000d90       0xc0 ./source/RobotInterface.o
                0x00000d90                FTMQD_init
 .text.ReadSideBtns
                0x00000e50       0x34 ./source/RobotInterface.o
                0x00000e50                ReadSideBtns
 .text.ReadQDCountsPractical
                0x00000e84       0x74 ./source/RobotInterface.o
                0x00000e84                ReadQDCountsPractical
 .text.MotorPathPlanning
                0x00000ef8      0x140 ./source/RobotInterface.o
                0x00000ef8                MotorPathPlanning
 .text.MotorCommand
                0x00001038      0x170 ./source/RobotInterface.o
                0x00001038                MotorCommand
 .text.ADC16_GetInstance
                0x000011a8       0x4c ./drivers/fsl_adc16.o
 .text.ADC16_Init
                0x000011f4      0x10c ./drivers/fsl_adc16.o
                0x000011f4                ADC16_Init
 .text.ADC16_GetDefaultConfig
                0x00001300       0x58 ./drivers/fsl_adc16.o
                0x00001300                ADC16_GetDefaultConfig
 .text.ADC16_SetChannelConfig
                0x00001358       0x68 ./drivers/fsl_adc16.o
                0x00001358                ADC16_SetChannelConfig
 .text.ADC16_GetChannelStatusFlags
                0x000013c0       0x40 ./drivers/fsl_adc16.o
                0x000013c0                ADC16_GetChannelStatusFlags
 .text.CLOCK_SetEr32kClock
                0x00001400       0x30 ./drivers/fsl_clock.o
 .text.CLOCK_SetPllFllSelClock
                0x00001430       0x3c ./drivers/fsl_clock.o
 .text.CLOCK_GetMcgExtClkFreq
                0x0000146c       0x78 ./drivers/fsl_clock.o
 .text.CLOCK_GetFllExtRefClkFreq
                0x000014e4       0xd0 ./drivers/fsl_clock.o
 .text.CLOCK_GetInternalRefClkSelectFreq
                0x000015b4       0x44 ./drivers/fsl_clock.o
 .text.CLOCK_GetFllRefClkFreq
                0x000015f8       0x2c ./drivers/fsl_clock.o
 .text.CLOCK_GetOsc0ErClkUndivFreq
                0x00001624       0x38 ./drivers/fsl_clock.o
                0x00001624                CLOCK_GetOsc0ErClkUndivFreq
 .text.CLOCK_GetOsc0ErClkDivFreq
                0x0000165c       0x48 ./drivers/fsl_clock.o
                0x0000165c                CLOCK_GetOsc0ErClkDivFreq
 .text.CLOCK_GetEr32kClkFreq
                0x000016a4       0x70 ./drivers/fsl_clock.o
                0x000016a4                CLOCK_GetEr32kClkFreq
 .text.CLOCK_GetPllFllSelClkFreq
                0x00001714       0x54 ./drivers/fsl_clock.o
                0x00001714                CLOCK_GetPllFllSelClkFreq
 .text.CLOCK_GetFreq
                0x00001768      0x150 ./drivers/fsl_clock.o
                0x00001768                CLOCK_GetFreq
 .text.CLOCK_SetSimConfig
                0x000018b8       0x38 ./drivers/fsl_clock.o
                0x000018b8                CLOCK_SetSimConfig
 .text.CLOCK_GetOutClkFreq
                0x000018f0       0x64 ./drivers/fsl_clock.o
                0x000018f0                CLOCK_GetOutClkFreq
 .text.CLOCK_GetFllFreq
                0x00001954       0x7c ./drivers/fsl_clock.o
                0x00001954                CLOCK_GetFllFreq
 .text.CLOCK_GetInternalRefClkFreq
                0x000019d0       0x24 ./drivers/fsl_clock.o
                0x000019d0                CLOCK_GetInternalRefClkFreq
 .text.CLOCK_GetPll0Freq
                0x000019f4       0x68 ./drivers/fsl_clock.o
                0x000019f4                CLOCK_GetPll0Freq
 .text.CLOCK_SetInternalRefClkConfig
                0x00001a5c      0x104 ./drivers/fsl_clock.o
                0x00001a5c                CLOCK_SetInternalRefClkConfig
 .text.CLOCK_SetFeiMode
                0x00001b60       0xc0 ./drivers/fsl_clock.o
                0x00001b60                CLOCK_SetFeiMode
 .text.EDMA_HandleIRQ
                0x00001c20      0x144 ./drivers/fsl_edma.o
                0x00001c20                EDMA_HandleIRQ
 .text.DMA0_DriverIRQHandler
                0x00001d64       0x1c ./drivers/fsl_edma.o
                0x00001d64                DMA0_DriverIRQHandler
 .text.DMA1_DriverIRQHandler
                0x00001d80       0x1c ./drivers/fsl_edma.o
                0x00001d80                DMA1_DriverIRQHandler
 .text.DMA2_DriverIRQHandler
                0x00001d9c       0x1c ./drivers/fsl_edma.o
                0x00001d9c                DMA2_DriverIRQHandler
 .text.DMA3_DriverIRQHandler
                0x00001db8       0x1c ./drivers/fsl_edma.o
                0x00001db8                DMA3_DriverIRQHandler
 .text.DMA4_DriverIRQHandler
                0x00001dd4       0x1c ./drivers/fsl_edma.o
                0x00001dd4                DMA4_DriverIRQHandler
 .text.DMA5_DriverIRQHandler
                0x00001df0       0x1c ./drivers/fsl_edma.o
                0x00001df0                DMA5_DriverIRQHandler
 .text.DMA6_DriverIRQHandler
                0x00001e0c       0x1c ./drivers/fsl_edma.o
                0x00001e0c                DMA6_DriverIRQHandler
 .text.DMA7_DriverIRQHandler
                0x00001e28       0x1c ./drivers/fsl_edma.o
                0x00001e28                DMA7_DriverIRQHandler
 .text.DMA8_DriverIRQHandler
                0x00001e44       0x1c ./drivers/fsl_edma.o
                0x00001e44                DMA8_DriverIRQHandler
 .text.DMA9_DriverIRQHandler
                0x00001e60       0x1c ./drivers/fsl_edma.o
                0x00001e60                DMA9_DriverIRQHandler
 .text.DMA10_DriverIRQHandler
                0x00001e7c       0x1c ./drivers/fsl_edma.o
                0x00001e7c                DMA10_DriverIRQHandler
 .text.DMA11_DriverIRQHandler
                0x00001e98       0x1c ./drivers/fsl_edma.o
                0x00001e98                DMA11_DriverIRQHandler
 .text.DMA12_DriverIRQHandler
                0x00001eb4       0x1c ./drivers/fsl_edma.o
                0x00001eb4                DMA12_DriverIRQHandler
 .text.DMA13_DriverIRQHandler
                0x00001ed0       0x1c ./drivers/fsl_edma.o
                0x00001ed0                DMA13_DriverIRQHandler
 .text.DMA14_DriverIRQHandler
                0x00001eec       0x1c ./drivers/fsl_edma.o
                0x00001eec                DMA14_DriverIRQHandler
 .text.DMA15_DriverIRQHandler
                0x00001f08       0x1c ./drivers/fsl_edma.o
                0x00001f08                DMA15_DriverIRQHandler
 .text.FTM_GetInstance
                0x00001f24       0x54 ./drivers/fsl_ftm.o
 .text.FTM_SetPwmSync
                0x00001f78      0x11c ./drivers/fsl_ftm.o
 .text.FTM_SetReloadPoints
                0x00002094      0x174 ./drivers/fsl_ftm.o
 .text.FTM_Init
                0x00002208       0xf4 ./drivers/fsl_ftm.o
                0x00002208                FTM_Init
 .text.FTM_GetDefaultConfig
                0x000022fc       0x68 ./drivers/fsl_ftm.o
                0x000022fc                FTM_GetDefaultConfig
 .text.FTM_SetupPwm
                0x00002364      0x2fc ./drivers/fsl_ftm.o
                0x00002364                FTM_SetupPwm
 .text.FTM_UpdatePwmDutycycle
                0x00002660      0x10c ./drivers/fsl_ftm.o
                0x00002660                FTM_UpdatePwmDutycycle
 .text.FTM_SetupQuadDecode
                0x0000276c       0xf0 ./drivers/fsl_ftm.o
                0x0000276c                FTM_SetupQuadDecode
 .text.GPIO_GetInstance
                0x0000285c       0x4c ./drivers/fsl_gpio.o
 .text.GPIO_PinInit
                0x000028a8       0x64 ./drivers/fsl_gpio.o
                0x000028a8                GPIO_PinInit
 .text.GPIO_PortGetInterruptFlags
                0x0000290c       0x30 ./drivers/fsl_gpio.o
                0x0000290c                GPIO_PortGetInterruptFlags
 .text.GPIO_PortClearInterruptFlags
                0x0000293c       0x34 ./drivers/fsl_gpio.o
                0x0000293c                GPIO_PortClearInterruptFlags
 .text.I2C_TransferCommonIRQHandler
                0x00002970       0x50 ./drivers/fsl_i2c.o
 .text.I2C0_DriverIRQHandler
                0x000029c0       0x1c ./drivers/fsl_i2c.o
                0x000029c0                I2C0_DriverIRQHandler
 .text.I2C1_DriverIRQHandler
                0x000029dc       0x1c ./drivers/fsl_i2c.o
                0x000029dc                I2C1_DriverIRQHandler
 .text.LPUART0_DriverIRQHandler
                0x000029f8       0x28 ./drivers/fsl_lpuart.o
                0x000029f8                LPUART0_DriverIRQHandler
 .text.UART0_DriverIRQHandler
                0x00002a20       0x28 ./drivers/fsl_uart.o
                0x00002a20                UART0_DriverIRQHandler
 .text.UART1_DriverIRQHandler
                0x00002a48       0x28 ./drivers/fsl_uart.o
                0x00002a48                UART1_DriverIRQHandler
 .text.UART2_DriverIRQHandler
                0x00002a70       0x28 ./drivers/fsl_uart.o
                0x00002a70                UART2_DriverIRQHandler
 .text.CLOCK_SetSimSafeDivs
                0x00002a98       0x24 ./board/clock_config.o
 .text.BOARD_BootClockRUN
                0x00002abc       0x40 ./board/clock_config.o
                0x00002abc                BOARD_BootClockRUN
 .text.BOARD_InitPins
                0x00002afc      0x148 ./board/pin_mux.o
                0x00002afc                BOARD_InitPins
 .text.SystemInit
                0x00002c44       0x3c ./CMSIS/system_MKV31F51212.o
                0x00002c44                SystemInit
 .text.__assertion_failed
                0x00002c80       0x4c c:/nxp/mcuxpressoide_10.2.1_795/ide/tools/bin/../lib/gcc/arm-none-eabi/7.2.1/../../../../arm-none-eabi/lib/thumb/v7e-m/fpv4-sp/hard\libcr_semihost_nf.a(_cr_assert.o)
                0x00002c80                __assertion_failed
 .text.__sys_appexit
                0x00002ccc        0xc c:/nxp/mcuxpressoide_10.2.1_795/ide/tools/bin/../lib/gcc/arm-none-eabi/7.2.1/../../../../arm-none-eabi/lib/thumb/v7e-m/fpv4-sp/hard\libcr_semihost_nf.a(__sys_appexit.o)
                0x00002ccc                __sys_appexit
                0x00002ccc                __exit
 .text._Cwritebuf
                0x00002cd8       0x6c c:/nxp/mcuxpressoide_10.2.1_795/ide/tools/bin/../lib/gcc/arm-none-eabi/7.2.1/../../../../arm-none-eabi/lib/thumb/v7e-m/fpv4-sp/hard\libcr_c.a(_writebuf.o)
                0x00002cd8                _Cwritebuf
 .text.malloc   0x00002d44       0xc8 c:/nxp/mcuxpressoide_10.2.1_795/ide/tools/bin/../lib/gcc/arm-none-eabi/7.2.1/../../../../arm-none-eabi/lib/thumb/v7e-m/fpv4-sp/hard\libcr_c.a(alloc.o)
                0x00002d44                malloc
 .text._Csys_alloc
                0x00002e0c       0x20 c:/nxp/mcuxpressoide_10.2.1_795/ide/tools/bin/../lib/gcc/arm-none-eabi/7.2.1/../../../../arm-none-eabi/lib/thumb/v7e-m/fpv4-sp/hard\libcr_c.a(alloc.o)
                0x00002e0c                _Csys_alloc
 .text.fseek    0x00002e2c      0x100 c:/nxp/mcuxpressoide_10.2.1_795/ide/tools/bin/../lib/gcc/arm-none-eabi/7.2.1/../../../../arm-none-eabi/lib/thumb/v7e-m/fpv4-sp/hard\libcr_c.a(fseek.o)
                0x00002e2c                fseek
 .text.ftell    0x00002f2c       0x44 c:/nxp/mcuxpressoide_10.2.1_795/ide/tools/bin/../lib/gcc/arm-none-eabi/7.2.1/../../../../arm-none-eabi/lib/thumb/v7e-m/fpv4-sp/hard\libcr_c.a(ftell.o)
                0x00002f2c                ftell
 .text._initio  0x00002f70       0x78 c:/nxp/mcuxpressoide_10.2.1_795/ide/tools/bin/../lib/gcc/arm-none-eabi/7.2.1/../../../../arm-none-eabi/lib/thumb/v7e-m/fpv4-sp/hard\libcr_c.a(initio.o)
                0x00002f70                _initio
 .text.__vfprintf
                0x00002fe8      0xb98 c:/nxp/mcuxpressoide_10.2.1_795/ide/tools/bin/../lib/gcc/arm-none-eabi/7.2.1/../../../../arm-none-eabi/lib/thumb/v7e-m/fpv4-sp/hard\libcr_c.a(printf.o)
                0x00002fe8                __vfprintf
 .text._vsnprintf
                0x00003b80       0x5c c:/nxp/mcuxpressoide_10.2.1_795/ide/tools/bin/../lib/gcc/arm-none-eabi/7.2.1/../../../../arm-none-eabi/lib/thumb/v7e-m/fpv4-sp/hard\libcr_c.a(printf.o)
                0x00003b80                _vsnprintf
 .text._printf  0x00003bdc       0x54 c:/nxp/mcuxpressoide_10.2.1_795/ide/tools/bin/../lib/gcc/arm-none-eabi/7.2.1/../../../../arm-none-eabi/lib/thumb/v7e-m/fpv4-sp/hard\libcr_c.a(printf.o)
                0x00003bdc                _printf
 .text.setvbuf  0x00003c30       0x40 c:/nxp/mcuxpressoide_10.2.1_795/ide/tools/bin/../lib/gcc/arm-none-eabi/7.2.1/../../../../arm-none-eabi/lib/thumb/v7e-m/fpv4-sp/hard\libcr_c.a(setvbuf.o)
                0x00003c30                setvbuf
 .text._sbrk    0x00003c70       0x3c c:/nxp/mcuxpressoide_10.2.1_795/ide/tools/bin/../lib/gcc/arm-none-eabi/7.2.1/../../../../arm-none-eabi/lib/thumb/v7e-m/fpv4-sp/hard\libcr_c.a(_cr_sbrk.o)
                0x00003c70                _sbrk
 .text.fflush   0x00003cac       0x44 c:/nxp/mcuxpressoide_10.2.1_795/ide/tools/bin/../lib/gcc/arm-none-eabi/7.2.1/../../../../arm-none-eabi/lib/thumb/v7e-m/fpv4-sp/hard\libcr_c.a(fflush.o)
                0x00003cac                fflush
 .text.__check_heap_overflow
                0x00003cf0       0x18 c:/nxp/mcuxpressoide_10.2.1_795/ide/tools/bin/../lib/gcc/arm-none-eabi/7.2.1/../../../../arm-none-eabi/lib/thumb/v7e-m/fpv4-sp/hard\libcr_c.a(_cr_check_heap.o)
                0x00003cf0                __check_heap_overflow
 .text.__aeabi_dmul
                0x00003d08      0x11c c:/nxp/mcuxpressoide_10.2.1_795/ide/tools/bin/../lib/gcc/arm-none-eabi/7.2.1/thumb/v7e-m/fpv4-sp/hard\libcr_eabihelpers.a(double.o)
                0x00003d08                __aeabi_dmul
 .text.__aeabi_dsub
                0x00003e24      0x1b4 c:/nxp/mcuxpressoide_10.2.1_795/ide/tools/bin/../lib/gcc/arm-none-eabi/7.2.1/thumb/v7e-m/fpv4-sp/hard\libcr_eabihelpers.a(double.o)
                0x00003e24                __aeabi_dsub
 .text.__aeabi_dadd
                0x00003fd8      0x10c c:/nxp/mcuxpressoide_10.2.1_795/ide/tools/bin/../lib/gcc/arm-none-eabi/7.2.1/thumb/v7e-m/fpv4-sp/hard\libcr_eabihelpers.a(double.o)
                0x00003fd8                __aeabi_dadd
 .text.DMA0_IRQHandler
                0x000040e4        0x8 ./startup/startup_mkv31f51212.o
                0x000040e4                DMA0_IRQHandler
 .text.DMA1_IRQHandler
                0x000040ec        0x8 ./startup/startup_mkv31f51212.o
                0x000040ec                DMA1_IRQHandler
 .text.DMA2_IRQHandler
                0x000040f4        0x8 ./startup/startup_mkv31f51212.o
                0x000040f4                DMA2_IRQHandler
 .text.DMA3_IRQHandler
                0x000040fc        0x8 ./startup/startup_mkv31f51212.o
                0x000040fc                DMA3_IRQHandler
 .text.DMA4_IRQHandler
                0x00004104        0x8 ./startup/startup_mkv31f51212.o
                0x00004104                DMA4_IRQHandler
 .text.DMA5_IRQHandler
                0x0000410c        0x8 ./startup/startup_mkv31f51212.o
                0x0000410c                DMA5_IRQHandler
 .text.DMA6_IRQHandler
                0x00004114        0x8 ./startup/startup_mkv31f51212.o
                0x00004114                DMA6_IRQHandler
 .text.DMA7_IRQHandler
                0x0000411c        0x8 ./startup/startup_mkv31f51212.o
                0x0000411c                DMA7_IRQHandler
 .text.DMA8_IRQHandler
                0x00004124        0x8 ./startup/startup_mkv31f51212.o
                0x00004124                DMA8_IRQHandler
 .text.DMA9_IRQHandler
                0x0000412c        0x8 ./startup/startup_mkv31f51212.o
                0x0000412c                DMA9_IRQHandler
 .text.DMA10_IRQHandler
                0x00004134        0x8 ./startup/startup_mkv31f51212.o
                0x00004134                DMA10_IRQHandler
 .text.DMA11_IRQHandler
                0x0000413c        0x8 ./startup/startup_mkv31f51212.o
                0x0000413c                DMA11_IRQHandler
 .text.DMA12_IRQHandler
                0x00004144        0x8 ./startup/startup_mkv31f51212.o
                0x00004144                DMA12_IRQHandler
 .text.DMA13_IRQHandler
                0x0000414c        0x8 ./startup/startup_mkv31f51212.o
                0x0000414c                DMA13_IRQHandler
 .text.DMA14_IRQHandler
                0x00004154        0x8 ./startup/startup_mkv31f51212.o
                0x00004154                DMA14_IRQHandler
 .text.DMA15_IRQHandler
                0x0000415c        0x8 ./startup/startup_mkv31f51212.o
                0x0000415c                DMA15_IRQHandler
 .text.DMA_Error_IRQHandler
                0x00004164        0x8 ./startup/startup_mkv31f51212.o
                0x00004164                DMA_Error_IRQHandler
 .text.MCM_IRQHandler
                0x0000416c        0x8 ./startup/startup_mkv31f51212.o
                0x0000416c                MCM_IRQHandler
 .text.FTF_IRQHandler
                0x00004174        0x8 ./startup/startup_mkv31f51212.o
                0x00004174                FTF_IRQHandler
 .text.Read_Collision_IRQHandler
                0x0000417c        0x8 ./startup/startup_mkv31f51212.o
                0x0000417c                Read_Collision_IRQHandler
 .text.LVD_LVW_IRQHandler
                0x00004184        0x8 ./startup/startup_mkv31f51212.o
                0x00004184                LVD_LVW_IRQHandler
 .text.LLWU_IRQHandler
                0x0000418c        0x8 ./startup/startup_mkv31f51212.o
                0x0000418c                LLWU_IRQHandler
 .text.WDOG_EWM_IRQHandler
                0x00004194        0x8 ./startup/startup_mkv31f51212.o
                0x00004194                WDOG_EWM_IRQHandler
 .text.RNG_IRQHandler
                0x0000419c        0x8 ./startup/startup_mkv31f51212.o
                0x0000419c                RNG_IRQHandler
 .text.I2C0_IRQHandler
                0x000041a4        0x8 ./startup/startup_mkv31f51212.o
                0x000041a4                I2C0_IRQHandler
 .text.I2C1_IRQHandler
                0x000041ac        0x8 ./startup/startup_mkv31f51212.o
                0x000041ac                I2C1_IRQHandler
 .text.SPI0_IRQHandler
                0x000041b4        0x8 ./startup/startup_mkv31f51212.o
                0x000041b4                SPI0_IRQHandler
 .text.SPI1_IRQHandler
                0x000041bc        0x8 ./startup/startup_mkv31f51212.o
                0x000041bc                SPI1_IRQHandler
 .text.Reserved44_IRQHandler
                0x000041c4        0x8 ./startup/startup_mkv31f51212.o
                0x000041c4                Reserved44_IRQHandler
 .text.Reserved45_IRQHandler
                0x000041cc        0x8 ./startup/startup_mkv31f51212.o
                0x000041cc                Reserved45_IRQHandler
 .text.LPUART0_IRQHandler
                0x000041d4        0x8 ./startup/startup_mkv31f51212.o
                0x000041d4                LPUART0_IRQHandler
 .text.UART0_RX_TX_IRQHandler
                0x000041dc        0x8 ./startup/startup_mkv31f51212.o
                0x000041dc                UART0_RX_TX_IRQHandler
 .text.UART0_ERR_IRQHandler
                0x000041e4        0x8 ./startup/startup_mkv31f51212.o
                0x000041e4                UART0_ERR_IRQHandler
 .text.UART1_RX_TX_IRQHandler
                0x000041ec        0x8 ./startup/startup_mkv31f51212.o
                0x000041ec                UART1_RX_TX_IRQHandler
 .text.UART1_ERR_IRQHandler
                0x000041f4        0x8 ./startup/startup_mkv31f51212.o
                0x000041f4                UART1_ERR_IRQHandler
 .text.UART2_RX_TX_IRQHandler
                0x000041fc        0x8 ./startup/startup_mkv31f51212.o
                0x000041fc                UART2_RX_TX_IRQHandler
 .text.UART2_ERR_IRQHandler
                0x00004204        0x8 ./startup/startup_mkv31f51212.o
                0x00004204                UART2_ERR_IRQHandler
 .text.Reserved53_IRQHandler
                0x0000420c        0x8 ./startup/startup_mkv31f51212.o
                0x0000420c                Reserved53_IRQHandler
 .text.Reserved54_IRQHandler
                0x00004214        0x8 ./startup/startup_mkv31f51212.o
                0x00004214                Reserved54_IRQHandler
 .text.ADC0_IRQHandler
                0x0000421c        0x8 ./startup/startup_mkv31f51212.o
                0x0000421c                ADC0_IRQHandler
 .text.CMP0_IRQHandler
                0x00004224        0x8 ./startup/startup_mkv31f51212.o
                0x00004224                CMP0_IRQHandler
 .text.CMP1_IRQHandler
                0x0000422c        0x8 ./startup/startup_mkv31f51212.o
                0x0000422c                CMP1_IRQHandler
 .text.FTM0_IRQHandler
                0x00004234        0x8 ./startup/startup_mkv31f51212.o
                0x00004234                FTM0_IRQHandler
 .text.FTM1_IRQHandler
                0x0000423c        0x8 ./startup/startup_mkv31f51212.o
                0x0000423c                FTM1_IRQHandler
 .text.FTM2_IRQHandler
                0x00004244        0x8 ./startup/startup_mkv31f51212.o
                0x00004244                FTM2_IRQHandler
 .text.Reserved61_IRQHandler
                0x0000424c        0x8 ./startup/startup_mkv31f51212.o
                0x0000424c                Reserved61_IRQHandler
 .text.Reserved62_IRQHandler
                0x00004254        0x8 ./startup/startup_mkv31f51212.o
                0x00004254                Reserved62_IRQHandler
 .text.Reserved63_IRQHandler
                0x0000425c        0x8 ./startup/startup_mkv31f51212.o
                0x0000425c                Reserved63_IRQHandler
 .text.PIT0_IRQHandler
                0x00004264        0x8 ./startup/startup_mkv31f51212.o
                0x00004264                PIT0_IRQHandler
 .text.PIT1_IRQHandler
                0x0000426c        0x8 ./startup/startup_mkv31f51212.o
                0x0000426c                PIT1_IRQHandler
 .text.PIT2_IRQHandler
                0x00004274        0x8 ./startup/startup_mkv31f51212.o
                0x00004274                PIT2_IRQHandler
 .text.PIT3_IRQHandler
                0x0000427c        0x8 ./startup/startup_mkv31f51212.o
                0x0000427c                PIT3_IRQHandler
 .text.PDB0_IRQHandler
                0x00004284        0x8 ./startup/startup_mkv31f51212.o
                0x00004284                PDB0_IRQHandler
 .text.Reserved69_IRQHandler
                0x0000428c        0x8 ./startup/startup_mkv31f51212.o
                0x0000428c                Reserved69_IRQHandler
 .text.Reserved70_IRQHandler
                0x00004294        0x8 ./startup/startup_mkv31f51212.o
                0x00004294                Reserved70_IRQHandler
 .text.Reserved71_IRQHandler
                0x0000429c        0x8 ./startup/startup_mkv31f51212.o
                0x0000429c                Reserved71_IRQHandler
 .text.DAC0_IRQHandler
                0x000042a4        0x8 ./startup/startup_mkv31f51212.o
                0x000042a4                DAC0_IRQHandler
 .text.MCG_IRQHandler
                0x000042ac        0x8 ./startup/startup_mkv31f51212.o
                0x000042ac                MCG_IRQHandler
 .text.LPTMR0_IRQHandler
                0x000042b4        0x8 ./startup/startup_mkv31f51212.o
                0x000042b4                LPTMR0_IRQHandler
 .text.PORTA_IRQHandler
                0x000042bc        0x8 ./startup/startup_mkv31f51212.o
                0x000042bc                PORTA_IRQHandler
 .text.PORTB_IRQHandler
                0x000042c4        0x8 ./startup/startup_mkv31f51212.o
                0x000042c4                PORTB_IRQHandler
 .text.PORTC_IRQHandler
                0x000042cc        0x8 ./startup/startup_mkv31f51212.o
                0x000042cc                PORTC_IRQHandler
 .text.PORTE_IRQHandler
                0x000042d4        0x8 ./startup/startup_mkv31f51212.o
                0x000042d4                PORTE_IRQHandler
 .text.SWI_IRQHandler
                0x000042dc        0x8 ./startup/startup_mkv31f51212.o
                0x000042dc                SWI_IRQHandler
 .text.Reserved81_IRQHandler
                0x000042e4        0x8 ./startup/startup_mkv31f51212.o
                0x000042e4                Reserved81_IRQHandler
 .text.Reserved82_IRQHandler
                0x000042ec        0x8 ./startup/startup_mkv31f51212.o
                0x000042ec                Reserved82_IRQHandler
 .text.Reserved83_IRQHandler
                0x000042f4        0x8 ./startup/startup_mkv31f51212.o
                0x000042f4                Reserved83_IRQHandler
 .text.Reserved84_IRQHandler
                0x000042fc        0x8 ./startup/startup_mkv31f51212.o
                0x000042fc                Reserved84_IRQHandler
 .text.Reserved85_IRQHandler
                0x00004304        0x8 ./startup/startup_mkv31f51212.o
                0x00004304                Reserved85_IRQHandler
 .text.Reserved86_IRQHandler
                0x0000430c        0x8 ./startup/startup_mkv31f51212.o
                0x0000430c                Reserved86_IRQHandler
 .text.DAC1_IRQHandler
                0x00004314        0x8 ./startup/startup_mkv31f51212.o
                0x00004314                DAC1_IRQHandler
 .text.ADC1_IRQHandler
                0x0000431c        0x8 ./startup/startup_mkv31f51212.o
                0x0000431c                ADC1_IRQHandler
 .text.EnableIRQ
                0x00004324       0x2c ./source/01SR70_PCB15_Debug_ALL.o
 .text.FTM_SetTimerPeriod
                0x00004350       0x1c ./source/01SR70_PCB15_Debug_ALL.o
 .text.FTM_StartTimer
                0x0000436c       0x3a ./source/01SR70_PCB15_Debug_ALL.o
 .text.GPIO_PortToggle
                0x000043a6       0x1c ./source/01SR70_PCB15_Debug_ALL.o
 .text.ADC16_EnableHardwareTrigger
                0x000043c2       0x38 ./source/RobotInterface.o
 .text.FTM_StartTimer
                0x000043fa       0x3a ./source/RobotInterface.o
 .text.FTM_SetQuadDecoderModuloValue
                0x00004434       0x24 ./source/RobotInterface.o
 .text.FTM_GetQuadDecoderCounterValue
                0x00004458       0x18 ./source/RobotInterface.o
 .text.FTM_ClearQuadDecoderCounterValue
                0x00004470       0x1c ./source/RobotInterface.o
 .text.FTM_SetSoftwareTrigger
                0x0000448c       0x38 ./source/RobotInterface.o
 .text.PORT_SetPinInterruptConfig
                0x000044c4       0x3a ./source/RobotInterface.o
 .text.GPIO_PinWrite
                0x000044fe       0x36 ./source/RobotInterface.o
 .text.GPIO_WritePinOutput
                0x00004534       0x22 ./source/RobotInterface.o
 .text.GPIO_PinRead
                0x00004556       0x24 ./source/RobotInterface.o
 .text.GPIO_ReadPinInput
                0x0000457a       0x1c ./source/RobotInterface.o
 .text.GetMotorABSCounter
                0x00004596       0x42 ./source/RobotInterface.o
                0x00004596                GetMotorABSCounter
 .text.UpdateState
                0x000045d8       0x1c ./source/RobotInterface.o
                0x000045d8                UpdateState
 .text.SetTarget
                0x000045f4       0x3c ./source/RobotInterface.o
                0x000045f4                SetTarget
 .text.HardFault_Handler
                0x00004630       0x2c ./source/semihost_hardfault.o
                0x00004630                HardFault_Handler
 .text.CLOCK_EnableClock
                0x0000465c       0x34 ./drivers/fsl_adc16.o
 .text.ADC16_DoAutoCalibration
                0x00004690      0x10a ./drivers/fsl_adc16.o
                0x00004690                ADC16_DoAutoCalibration
 .text.ADC16_SetChannelMuxMode
                0x0000479a       0x38 ./drivers/fsl_adc16.o
                0x0000479a                ADC16_SetChannelMuxMode
 .text.ADC16_GetStatusFlags
                0x000047d2       0x42 ./drivers/fsl_adc16.o
                0x000047d2                ADC16_GetStatusFlags
 .text.CLOCK_GetPll0RefFreq
                0x00004814        0xe ./drivers/fsl_clock.o
 .text.CLOCK_GetFixedFreqClkFreq
                0x00004822       0x2e ./drivers/fsl_clock.o
                0x00004822                CLOCK_GetFixedFreqClkFreq
 .text.CLOCK_BootToFeiMode
                0x00004850       0x26 ./drivers/fsl_clock.o
                0x00004850                CLOCK_BootToFeiMode
 .text.CLOCK_EnableClock
                0x00004876       0x34 ./drivers/fsl_ftm.o
 .text.FTM_UpdateChnlEdgeLevelSelect
                0x000048aa       0x4e ./drivers/fsl_ftm.o
                0x000048aa                FTM_UpdateChnlEdgeLevelSelect
 .text.FTM_EnableInterrupts
                0x000048f8       0x86 ./drivers/fsl_ftm.o
                0x000048f8                FTM_EnableInterrupts
 .text.FTM_ClearStatusFlags
                0x0000497e       0x68 ./drivers/fsl_ftm.o
                0x0000497e                FTM_ClearStatusFlags
 .text.GPIO_PinWrite
                0x000049e6       0x36 ./drivers/fsl_gpio.o
 .text.GPIO_WritePinOutput
                0x00004a1c       0x22 ./drivers/fsl_gpio.o
 .text.UART0_RX_TX_DriverIRQHandler
                0x00004a3e       0x10 ./drivers/fsl_uart.o
                0x00004a3e                UART0_RX_TX_DriverIRQHandler
 .text.UART1_RX_TX_DriverIRQHandler
                0x00004a4e       0x10 ./drivers/fsl_uart.o
                0x00004a4e                UART1_RX_TX_DriverIRQHandler
 .text.UART2_RX_TX_DriverIRQHandler
                0x00004a5e       0x10 ./drivers/fsl_uart.o
                0x00004a5e                UART2_RX_TX_DriverIRQHandler
 .text.BOARD_InitDebugConsole
                0x00004a6e        0xe ./board/board.o
                0x00004a6e                BOARD_InitDebugConsole
 .text.CLOCK_CONFIG_FllStableDelay
                0x00004a7c       0x26 ./board/clock_config.o
 .text.BOARD_InitBootClocks
                0x00004aa2        0xc ./board/clock_config.o
                0x00004aa2                BOARD_InitBootClocks
 .text.BOARD_InitPeripherals
                0x00004aae        0xe ./board/peripherals.o
                0x00004aae                BOARD_InitPeripherals
 .text.BOARD_InitBootPeripherals
                0x00004abc        0xc ./board/peripherals.o
                0x00004abc                BOARD_InitBootPeripherals
 .text.CLOCK_EnableClock
                0x00004ac8       0x34 ./board/pin_mux.o
 .text.PORT_SetPinMux
                0x00004afc       0x3a ./board/pin_mux.o
 .text.BOARD_InitBootPins
                0x00004b36        0xc ./board/pin_mux.o
                0x00004b36                BOARD_InitBootPins
 .text.SystemInitHook
                0x00004b42        0xe ./CMSIS/system_MKV31F51212.o
                0x00004b42                SystemInitHook
 .text.__main   0x00004b50        0xe c:/nxp/mcuxpressoide_10.2.1_795/ide/tools/bin/../lib/gcc/arm-none-eabi/7.2.1/../../../../arm-none-eabi/lib/thumb/v7e-m/fpv4-sp/hard\libcr_semihost_nf.a(_cr__main.o)
                0x00004b50                __CR_SEMIHOST
                0x00004b50                __main
 .text.memset   0x00004b5e        0x4 c:/nxp/mcuxpressoide_10.2.1_795/ide/tools/bin/../lib/gcc/arm-none-eabi/7.2.1/../../../../arm-none-eabi/lib/thumb/v7e-m/fpv4-sp/hard\libcr_c.a(memset.o)
                0x00004b5e                memset
 .text._deferredlazyseek
                0x00004b62       0x40 c:/nxp/mcuxpressoide_10.2.1_795/ide/tools/bin/../lib/gcc/arm-none-eabi/7.2.1/../../../../arm-none-eabi/lib/thumb/v7e-m/fpv4-sp/hard\libcr_c.a(_deferredlazyseek.o)
                0x00004b62                _deferredlazyseek
 .text.__flsbuf
                0x00004ba2      0x140 c:/nxp/mcuxpressoide_10.2.1_795/ide/tools/bin/../lib/gcc/arm-none-eabi/7.2.1/../../../../arm-none-eabi/lib/thumb/v7e-m/fpv4-sp/hard\libcr_c.a(_deferredlazyseek.o)
                0x00004ba2                __flsbuf
 .text._fflush  0x00004ce2       0x52 c:/nxp/mcuxpressoide_10.2.1_795/ide/tools/bin/../lib/gcc/arm-none-eabi/7.2.1/../../../../arm-none-eabi/lib/thumb/v7e-m/fpv4-sp/hard\libcr_c.a(_fflush.o)
                0x00004ce2                _fflush
 .text.free     0x00004d34       0x30 c:/nxp/mcuxpressoide_10.2.1_795/ide/tools/bin/../lib/gcc/arm-none-eabi/7.2.1/../../../../arm-none-eabi/lib/thumb/v7e-m/fpv4-sp/hard\libcr_c.a(alloc.o)
                0x00004d34                free
 .text.fputs    0x00004d64       0x2c c:/nxp/mcuxpressoide_10.2.1_795/ide/tools/bin/../lib/gcc/arm-none-eabi/7.2.1/../../../../arm-none-eabi/lib/thumb/v7e-m/fpv4-sp/hard\libcr_c.a(fputs.o)
                0x00004d64                fputs
 .text.no_fp_display
                0x00004d90        0x4 c:/nxp/mcuxpressoide_10.2.1_795/ide/tools/bin/../lib/gcc/arm-none-eabi/7.2.1/../../../../arm-none-eabi/lib/thumb/v7e-m/fpv4-sp/hard\libcr_c.a(printf.o)
 .text.abs      0x00004d94        0x8 c:/nxp/mcuxpressoide_10.2.1_795/ide/tools/bin/../lib/gcc/arm-none-eabi/7.2.1/../../../../arm-none-eabi/lib/thumb/v7e-m/fpv4-sp/hard\libcr_c.a(stdlib.o)
                0x00004d94                abs
 .text.strlen   0x00004d9c       0x4a c:/nxp/mcuxpressoide_10.2.1_795/ide/tools/bin/../lib/gcc/arm-none-eabi/7.2.1/../../../../arm-none-eabi/lib/thumb/v7e-m/fpv4-sp/hard\libcr_c.a(strlen.o)
                0x00004d9c                strlen
 .text._fdopen  0x00004de6       0x68 c:/nxp/mcuxpressoide_10.2.1_795/ide/tools/bin/../lib/gcc/arm-none-eabi/7.2.1/../../../../arm-none-eabi/lib/thumb/v7e-m/fpv4-sp/hard\libcr_c.a(_fdopen.o)
                0x00004de6                _fdopen
 .text.fclose   0x00004e4e       0x58 c:/nxp/mcuxpressoide_10.2.1_795/ide/tools/bin/../lib/gcc/arm-none-eabi/7.2.1/../../../../arm-none-eabi/lib/thumb/v7e-m/fpv4-sp/hard\libcr_c.a(fclose.o)
                0x00004e4e                fclose
 .text.remove   0x00004ea6       0x14 c:/nxp/mcuxpressoide_10.2.1_795/ide/tools/bin/../lib/gcc/arm-none-eabi/7.2.1/../../../../arm-none-eabi/lib/thumb/v7e-m/fpv4-sp/hard\libcr_c.a(remove.o)
                0x00004ea6                remove
 .text._do_fflush
                0x00004eba       0x40 c:/nxp/mcuxpressoide_10.2.1_795/ide/tools/bin/../lib/gcc/arm-none-eabi/7.2.1/../../../../arm-none-eabi/lib/thumb/v7e-m/fpv4-sp/hard\libcr_c.a(_do_fflush.o)
                0x00004eba                _do_fflush
 .text.__aeabi_division_uldivmod
                0x00004efa      0x174 c:/nxp/mcuxpressoide_10.2.1_795/ide/tools/bin/../lib/gcc/arm-none-eabi/7.2.1/thumb/v7e-m/fpv4-sp/hard\libcr_eabihelpers.a(division_64.o)
                0x00004efa                __aeabi_uldivmod
                0x00004efe                __bhs_ldivmod1
 .text.__aeabi_division_idiv0
                0x0000506e        0x2 c:/nxp/mcuxpressoide_10.2.1_795/ide/tools/bin/../lib/gcc/arm-none-eabi/7.2.1/thumb/v7e-m/fpv4-sp/hard\libcr_eabihelpers.a(division_idiv0.o)
                0x0000506e                __aeabi_idiv0
 .text.__aeabi_d2iz
                0x00005070       0x40 c:/nxp/mcuxpressoide_10.2.1_795/ide/tools/bin/../lib/gcc/arm-none-eabi/7.2.1/thumb/v7e-m/fpv4-sp/hard\libcr_eabihelpers.a(double.o)
                0x00005070                __aeabi_d2iz
 .text.__bhs_ui2d
                0x000050b0       0x46 c:/nxp/mcuxpressoide_10.2.1_795/ide/tools/bin/../lib/gcc/arm-none-eabi/7.2.1/thumb/v7e-m/fpv4-sp/hard\libcr_eabihelpers.a(double.o)
                0x000050b0                __bhs_ui2d
 .text.__aeabi_i2d
                0x000050f6       0x12 c:/nxp/mcuxpressoide_10.2.1_795/ide/tools/bin/../lib/gcc/arm-none-eabi/7.2.1/thumb/v7e-m/fpv4-sp/hard\libcr_eabihelpers.a(double.o)
                0x000050f6                __aeabi_i2d
 .text.__aeabi_memset_lowlevel
                0x00005108       0x32 c:/nxp/mcuxpressoide_10.2.1_795/ide/tools/bin/../lib/gcc/arm-none-eabi/7.2.1/thumb/v7e-m/fpv4-sp/hard\libcr_eabihelpers.a(memcpy.o)
                0x00005108                __aeabi_lowlevel_memset
 .text.__sys_close
                0x0000513a        0xc c:/nxp/mcuxpressoide_10.2.1_795/ide/tools/bin/../lib/gcc/arm-none-eabi/7.2.1/../../../../arm-none-eabi/lib/thumb/v7e-m/fpv4-sp/hard\libcr_semihost_nf.a(__sys_close.o)
                0x0000513a                __sys_close
 .text.__sys_flen
                0x00005146        0xc c:/nxp/mcuxpressoide_10.2.1_795/ide/tools/bin/../lib/gcc/arm-none-eabi/7.2.1/../../../../arm-none-eabi/lib/thumb/v7e-m/fpv4-sp/hard\libcr_semihost_nf.a(__sys_flen.o)
                0x00005146                __sys_flen
 .text.__sys_istty
                0x00005152        0xc c:/nxp/mcuxpressoide_10.2.1_795/ide/tools/bin/../lib/gcc/arm-none-eabi/7.2.1/../../../../arm-none-eabi/lib/thumb/v7e-m/fpv4-sp/hard\libcr_semihost_nf.a(__sys_istty.o)
                0x00005152                __sys_istty
 .text.__sys_remove
                0x0000515e        0xc c:/nxp/mcuxpressoide_10.2.1_795/ide/tools/bin/../lib/gcc/arm-none-eabi/7.2.1/../../../../arm-none-eabi/lib/thumb/v7e-m/fpv4-sp/hard\libcr_semihost_nf.a(__sys_remove.o)
                0x0000515e                __sys_remove
 .text.__sys_seek
                0x0000516a        0xc c:/nxp/mcuxpressoide_10.2.1_795/ide/tools/bin/../lib/gcc/arm-none-eabi/7.2.1/../../../../arm-none-eabi/lib/thumb/v7e-m/fpv4-sp/hard\libcr_semihost_nf.a(__sys_seek.o)
                0x0000516a                __sys_seek
 .text.__sys_tmpnam
                0x00005176        0xc c:/nxp/mcuxpressoide_10.2.1_795/ide/tools/bin/../lib/gcc/arm-none-eabi/7.2.1/../../../../arm-none-eabi/lib/thumb/v7e-m/fpv4-sp/hard\libcr_semihost_nf.a(__sys_tmpnam.o)
                0x00005176                __sys_tmpnam
 .text.__sys_write
                0x00005182        0xc c:/nxp/mcuxpressoide_10.2.1_795/ide/tools/bin/../lib/gcc/arm-none-eabi/7.2.1/../../../../arm-none-eabi/lib/thumb/v7e-m/fpv4-sp/hard\libcr_semihost_nf.a(__sys_write.o)
                0x00005182                __sys_write
 *(SORT_BY_ALIGNMENT(.rodata) SORT_BY_ALIGNMENT(.rodata.*) SORT_BY_ALIGNMENT(.constdata) SORT_BY_ALIGNMENT(.constdata.*))
 *fill*         0x0000518e        0x2 ff
 .rodata        0x00005190       0xad ./source/01SR70_PCB15_Debug_ALL.o
 *fill*         0x0000523d        0x3 ff
 .rodata        0x00005240       0x38 ./source/RobotInterface.o
 .rodata.s_adc16Bases
                0x00005278        0x8 ./drivers/fsl_adc16.o
 .rodata.s_adc16Clocks
                0x00005280        0x8 ./drivers/fsl_adc16.o
 .rodata        0x00005288      0x13a ./drivers/fsl_adc16.o
 *fill*         0x000053c2        0x2 ff
 .rodata        0x000053c4      0x175 ./drivers/fsl_clock.o
 *fill*         0x00005539        0x3 ff
 .rodata.fllFactorTable.7348
                0x0000553c       0x10 ./drivers/fsl_clock.o
 .rodata        0x0000554c      0xbf3 ./drivers/fsl_edma.o
 *fill*         0x0000613f        0x1 ff
 .rodata.s_ftmBases
                0x00006140       0x10 ./drivers/fsl_ftm.o
 .rodata.s_ftmClocks
                0x00006150       0x10 ./drivers/fsl_ftm.o
 .rodata        0x00006160      0x1e7 ./drivers/fsl_ftm.o
 *fill*         0x00006347        0x1 ff
 .rodata.s_portBases
                0x00006348       0x14 ./drivers/fsl_gpio.o
 .rodata.s_gpioBases
                0x0000635c       0x14 ./drivers/fsl_gpio.o
 .rodata        0x00006370       0x63 ./drivers/fsl_gpio.o
 *fill*         0x000063d3        0x1 ff
 .rodata.simConfig_BOARD_BootClockRUN
                0x000063d4        0x8 ./board/clock_config.o
                0x000063d4                simConfig_BOARD_BootClockRUN
 .rodata.__num_Ciob_streams
                0x000063dc        0x4 c:/nxp/mcuxpressoide_10.2.1_795/ide/tools/bin/../lib/gcc/arm-none-eabi/7.2.1/../../../../arm-none-eabi/lib/thumb/v7e-m/fpv4-sp/hard\libcr_semihost_nf.a(__ciob.o)
                0x000063dc                __num_Ciob_streams
 .rodata.__assertion_failed.str1.1
                0x000063e0       0x15 c:/nxp/mcuxpressoide_10.2.1_795/ide/tools/bin/../lib/gcc/arm-none-eabi/7.2.1/../../../../arm-none-eabi/lib/thumb/v7e-m/fpv4-sp/hard\libcr_semihost_nf.a(_cr_assert.o)
 .rodata._Csys_alloc.str1.1
                0x000063f5       0x18 c:/nxp/mcuxpressoide_10.2.1_795/ide/tools/bin/../lib/gcc/arm-none-eabi/7.2.1/../../../../arm-none-eabi/lib/thumb/v7e-m/fpv4-sp/hard\libcr_c.a(alloc.o)
 .rodata._initio.str1.1
                0x0000640d        0x4 c:/nxp/mcuxpressoide_10.2.1_795/ide/tools/bin/../lib/gcc/arm-none-eabi/7.2.1/../../../../arm-none-eabi/lib/thumb/v7e-m/fpv4-sp/hard\libcr_c.a(initio.o)
 .rodata.__vfprintf.str1.1
                0x00006411       0x35 c:/nxp/mcuxpressoide_10.2.1_795/ide/tools/bin/../lib/gcc/arm-none-eabi/7.2.1/../../../../arm-none-eabi/lib/thumb/v7e-m/fpv4-sp/hard\libcr_c.a(printf.o)
                                 0x38 (size before relaxing)
                0x00006448                . = ALIGN (0x4)
 *fill*         0x00006446        0x2 ff

.glue_7         0x00006448        0x0
 .glue_7        0x00006448        0x0 linker stubs

.glue_7t        0x00006448        0x0
 .glue_7t       0x00006448        0x0 linker stubs

.vfp11_veneer   0x00006448        0x0
 .vfp11_veneer  0x00006448        0x0 linker stubs

.v4_bx          0x00006448        0x0
 .v4_bx         0x00006448        0x0 linker stubs

.iplt           0x00006448        0x0
 .iplt          0x00006448        0x0 ./startup/startup_mkv31f51212.o

.rel.dyn        0x00006448        0x0
 .rel.iplt      0x00006448        0x0 ./startup/startup_mkv31f51212.o

.ARM.extab
 *(SORT_BY_ALIGNMENT(.ARM.extab*) SORT_BY_ALIGNMENT(.gnu.linkonce.armextab.*))
                0x00006448                __exidx_start = .

.ARM.exidx
 *(SORT_BY_ALIGNMENT(.ARM.exidx*) SORT_BY_ALIGNMENT(.gnu.linkonce.armexidx.*))
                0x00006448                __exidx_end = .
                0x00006448                _etext = .

.data_RAM2      0x1fff8000        0x0 load address 0x00006448
 FILL mask 0xff
                [!provide]                PROVIDE (__start_data_RAM2, .)
 *(SORT_BY_ALIGNMENT(.ramfunc.$RAM2))
 *(SORT_BY_ALIGNMENT(.ramfunc.$SRAM_LOWER))
 *(SORT_BY_ALIGNMENT(.data.$RAM2*))
 *(SORT_BY_ALIGNMENT(.data.$SRAM_LOWER*))
                0x1fff8000                . = ALIGN (0x4)
                [!provide]                PROVIDE (__end_data_RAM2, .)

.uninit_RESERVED
                0x20000000        0x0
 *(SORT_BY_ALIGNMENT(.bss.$RESERVED*))
                0x20000000                . = ALIGN (0x4)
                0x20000000                _end_uninit_RESERVED = .

.data           0x20000000       0x14 load address 0x00006448
 FILL mask 0xff
                0x20000000                _data = .
 *(SORT_BY_ALIGNMENT(vtable))
 *(SORT_BY_ALIGNMENT(.ramfunc*))
 *(SORT_BY_ALIGNMENT(.data*))
 .data.dr       0x20000000        0x4 ./source/01SR70_PCB15_Debug_ALL.o
                0x20000000                dr
 .data.sig      0x20000004        0x4 ./source/01SR70_PCB15_Debug_ALL.o
                0x20000004                sig
 .data.s_slowIrcFreq
                0x20000008        0x4 ./drivers/fsl_clock.o
 .data.s_fastIrcFreq
                0x2000000c        0x4 ./drivers/fsl_clock.o
 .data.SystemCoreClock
                0x20000010        0x4 ./CMSIS/system_MKV31F51212.o
                0x20000010                SystemCoreClock
                0x20000014                . = ALIGN (0x4)
                0x20000014                _edata = .

.igot.plt       0x20000014        0x0 load address 0x0000645c
 .igot.plt      0x20000014        0x0 ./startup/startup_mkv31f51212.o

.bss_RAM2       0x1fff8000        0x0
                [!provide]                PROVIDE (__start_bss_RAM2, .)
 *(SORT_BY_ALIGNMENT(.bss.$RAM2*))
 *(SORT_BY_ALIGNMENT(.bss.$SRAM_LOWER*))
                0x1fff8000                . = ALIGN ((. != 0x0)?0x4:0x1)
                [!provide]                PROVIDE (__end_bss_RAM2, .)

.bss            0x20000018      0x294
                0x20000018                _bss = .
 *(SORT_BY_ALIGNMENT(.bss*))
 .bss.SR70      0x20000018      0x158 ./source/01SR70_PCB15_Debug_ALL.o
                0x20000018                SR70
 .bss.milisecondCounts
                0x20000170        0x4 ./source/01SR70_PCB15_Debug_ALL.o
                0x20000170                milisecondCounts
 .bss.delTCounts
                0x20000174        0x4 ./source/01SR70_PCB15_Debug_ALL.o
                0x20000174                delTCounts
 .bss.g_xtal0Freq
                0x20000178        0x4 ./drivers/fsl_clock.o
                0x20000178                g_xtal0Freq
 .bss.g_xtal32Freq
                0x2000017c        0x4 ./drivers/fsl_clock.o
                0x2000017c                g_xtal32Freq
 .bss.s_EDMAHandle
                0x20000180       0x40 ./drivers/fsl_edma.o
 .bss.s_i2cHandle
                0x200001c0        0x8 ./drivers/fsl_i2c.o
 .bss.s_i2cMasterIsr
                0x200001c8        0x4 ./drivers/fsl_i2c.o
 .bss.s_i2cSlaveIsr
                0x200001cc        0x4 ./drivers/fsl_i2c.o
 .bss.s_lpuartHandle
                0x200001d0        0x4 ./drivers/fsl_lpuart.o
 .bss.s_lpuartIsr
                0x200001d4        0x4 ./drivers/fsl_lpuart.o
 .bss.s_uartHandle
                0x200001d8        0xc ./drivers/fsl_uart.o
 .bss.s_uartIsr
                0x200001e4        0x4 ./drivers/fsl_uart.o
 .bss.__Ciob    0x200001e8       0xb4 c:/nxp/mcuxpressoide_10.2.1_795/ide/tools/bin/../lib/gcc/arm-none-eabi/7.2.1/../../../../arm-none-eabi/lib/thumb/v7e-m/fpv4-sp/hard\libcr_semihost_nf.a(__ciob.o)
                0x200001e8                __Ciob
 .bss.__end_of_heap
                0x2000029c        0x4 c:/nxp/mcuxpressoide_10.2.1_795/ide/tools/bin/../lib/gcc/arm-none-eabi/7.2.1/../../../../arm-none-eabi/lib/thumb/v7e-m/fpv4-sp/hard\libcr_c.a(__init_alloc.o)
                0x2000029c                __end_of_heap
 .bss.__heaps   0x200002a0        0x4 c:/nxp/mcuxpressoide_10.2.1_795/ide/tools/bin/../lib/gcc/arm-none-eabi/7.2.1/../../../../arm-none-eabi/lib/thumb/v7e-m/fpv4-sp/hard\libcr_c.a(__init_alloc.o)
                0x200002a0                __heaps
 .bss.errno     0x200002a4        0x4 c:/nxp/mcuxpressoide_10.2.1_795/ide/tools/bin/../lib/gcc/arm-none-eabi/7.2.1/../../../../arm-none-eabi/lib/thumb/v7e-m/fpv4-sp/hard\libcr_c.a(errno.o)
                0x200002a4                errno
 .bss.ftmIsrFlag
                0x200002a8        0x1 ./source/01SR70_PCB15_Debug_ALL.o
                0x200002a8                ftmIsrFlag
 *(SORT_BY_ALIGNMENT(COMMON))
                0x200002ac                . = ALIGN (0x4)
 *fill*         0x200002a9        0x3 
                0x200002ac                _ebss = .
                [!provide]                PROVIDE (end, .)

.noinit_RAM2    0x1fff8000        0x0
 *(SORT_BY_ALIGNMENT(.noinit.$RAM2*))
 *(SORT_BY_ALIGNMENT(.noinit.$SRAM_LOWER*))
                0x1fff8000                . = ALIGN (0x4)

.noinit         0x200002ac        0x0
                0x200002ac                _noinit = .
 *(SORT_BY_ALIGNMENT(.noinit*))
                0x200002ac                . = ALIGN (0x4)
                0x200002ac                _end_noinit = .
                0x00001000                _HeapSize = 0x1000

.heap           0x200002ac     0x1000
                0x200002ac                _pvHeapStart = .
                0x200012ac                . = (. + _HeapSize)
 *fill*         0x200002ac     0x1000 
                0x200012ac                . = ALIGN (0x4)
                0x200012ac                _pvHeapLimit = .
                0x00001000                _StackSize = 0x1000

.heap2stackfill
                0x200012ac     0x1000
                0x200022ac                . = (. + _StackSize)
 *fill*         0x200012ac     0x1000 

.stack          0x2000f000        0x0
                0x2000f000                _vStackBase = .
                0x2000f000                . = ALIGN (0x4)
                0x20010000                _vStackTop = (. + _StackSize)
                0x00000000                _image_start = LOADADDR (.text)
                0x0000645c                _image_end = (LOADADDR (.data) + SIZEOF (.data))
                0x0000645c                _image_size = (_image_end - _image_start)
OUTPUT(V15_01 SR70_mcu_debug_v15_Debugging_ALL.axf elf32-littlearm)

.debug_info     0x00000000     0xf22c
 .debug_info    0x00000000      0x7d8 ./startup/startup_mkv31f51212.o
 .debug_info    0x000007d8     0x17d5 ./source/01SR70_PCB15_Debug_ALL.o
 .debug_info    0x00001fad     0x15a6 ./source/RobotInterface.o
 .debug_info    0x00003553       0x3b ./source/semihost_hardfault.o
 .debug_info    0x0000358e      0xcbb ./drivers/fsl_adc16.o
 .debug_info    0x00004249     0x1811 ./drivers/fsl_clock.o
 .debug_info    0x00005a5a     0x1f97 ./drivers/fsl_edma.o
 .debug_info    0x000079f1     0x12b8 ./drivers/fsl_ftm.o
 .debug_info    0x00008ca9      0x61a ./drivers/fsl_gpio.o
 .debug_info    0x000092c3     0x1ba2 ./drivers/fsl_i2c.o
 .debug_info    0x0000ae65     0x1797 ./drivers/fsl_lpuart.o
 .debug_info    0x0000c5fc     0x18e7 ./drivers/fsl_uart.o
 .debug_info    0x0000dee3       0xb6 ./board/board.o
 .debug_info    0x0000df99      0x7d3 ./board/clock_config.o
 .debug_info    0x0000e76c       0x4c ./board/peripherals.o
 .debug_info    0x0000e7b8      0x452 ./board/pin_mux.o
 .debug_info    0x0000ec0a      0x622 ./CMSIS/system_MKV31F51212.o

.debug_abbrev   0x00000000     0x22f1
 .debug_abbrev  0x00000000      0x15c ./startup/startup_mkv31f51212.o
 .debug_abbrev  0x0000015c      0x2de ./source/01SR70_PCB15_Debug_ALL.o
 .debug_abbrev  0x0000043a      0x303 ./source/RobotInterface.o
 .debug_abbrev  0x0000073d       0x2f ./source/semihost_hardfault.o
 .debug_abbrev  0x0000076c      0x26e ./drivers/fsl_adc16.o
 .debug_abbrev  0x000009da      0x318 ./drivers/fsl_clock.o
 .debug_abbrev  0x00000cf2      0x3a7 ./drivers/fsl_edma.o
 .debug_abbrev  0x00001099      0x279 ./drivers/fsl_ftm.o
 .debug_abbrev  0x00001312      0x1ae ./drivers/fsl_gpio.o
 .debug_abbrev  0x000014c0      0x34f ./drivers/fsl_i2c.o
 .debug_abbrev  0x0000180f      0x2d1 ./drivers/fsl_lpuart.o
 .debug_abbrev  0x00001ae0      0x303 ./drivers/fsl_uart.o
 .debug_abbrev  0x00001de3       0x85 ./board/board.o
 .debug_abbrev  0x00001e68      0x181 ./board/clock_config.o
 .debug_abbrev  0x00001fe9       0x47 ./board/peripherals.o
 .debug_abbrev  0x00002030      0x16d ./board/pin_mux.o
 .debug_abbrev  0x0000219d      0x154 ./CMSIS/system_MKV31F51212.o

.debug_aranges  0x00000000      0xe88
 .debug_aranges
                0x00000000      0x2d0 ./startup/startup_mkv31f51212.o
 .debug_aranges
                0x000002d0       0x58 ./source/01SR70_PCB15_Debug_ALL.o
 .debug_aranges
                0x00000328      0x110 ./source/RobotInterface.o
 .debug_aranges
                0x00000438       0x20 ./source/semihost_hardfault.o
 .debug_aranges
                0x00000458       0x88 ./drivers/fsl_adc16.o
 .debug_aranges
                0x000004e0      0x1d8 ./drivers/fsl_clock.o
 .debug_aranges
                0x000006b8      0x210 ./drivers/fsl_edma.o
 .debug_aranges
                0x000008c8       0xc0 ./drivers/fsl_ftm.o
 .debug_aranges
                0x00000988       0x48 ./drivers/fsl_gpio.o
 .debug_aranges
                0x000009d0      0x178 ./drivers/fsl_i2c.o
 .debug_aranges
                0x00000b48      0x118 ./drivers/fsl_lpuart.o
 .debug_aranges
                0x00000c60      0x140 ./drivers/fsl_uart.o
 .debug_aranges
                0x00000da0       0x20 ./board/board.o
 .debug_aranges
                0x00000dc0       0x38 ./board/clock_config.o
 .debug_aranges
                0x00000df8       0x28 ./board/peripherals.o
 .debug_aranges
                0x00000e20       0x38 ./board/pin_mux.o
 .debug_aranges
                0x00000e58       0x30 ./CMSIS/system_MKV31F51212.o

.debug_ranges   0x00000000      0xd78
 .debug_ranges  0x00000000      0x2c0 ./startup/startup_mkv31f51212.o
 .debug_ranges  0x000002c0       0x48 ./source/01SR70_PCB15_Debug_ALL.o
 .debug_ranges  0x00000308      0x100 ./source/RobotInterface.o
 .debug_ranges  0x00000408       0x10 ./source/semihost_hardfault.o
 .debug_ranges  0x00000418       0x78 ./drivers/fsl_adc16.o
 .debug_ranges  0x00000490      0x1c8 ./drivers/fsl_clock.o
 .debug_ranges  0x00000658      0x200 ./drivers/fsl_edma.o
 .debug_ranges  0x00000858       0xb0 ./drivers/fsl_ftm.o
 .debug_ranges  0x00000908       0x38 ./drivers/fsl_gpio.o
 .debug_ranges  0x00000940      0x168 ./drivers/fsl_i2c.o
 .debug_ranges  0x00000aa8      0x108 ./drivers/fsl_lpuart.o
 .debug_ranges  0x00000bb0      0x130 ./drivers/fsl_uart.o
 .debug_ranges  0x00000ce0       0x10 ./board/board.o
 .debug_ranges  0x00000cf0       0x28 ./board/clock_config.o
 .debug_ranges  0x00000d18       0x18 ./board/peripherals.o
 .debug_ranges  0x00000d30       0x28 ./board/pin_mux.o
 .debug_ranges  0x00000d58       0x20 ./CMSIS/system_MKV31F51212.o

.debug_macro    0x00000000     0x1260
 .debug_macro   0x00000000       0x29 ./startup/startup_mkv31f51212.o
 .debug_macro   0x00000029      0x1bc ./source/01SR70_PCB15_Debug_ALL.o
 .debug_macro   0x000001e5       0xd8 ./source/01SR70_PCB15_Debug_ALL.o
 .debug_macro   0x000002bd       0x10 ./source/01SR70_PCB15_Debug_ALL.o
 .debug_macro   0x000002cd       0x22 ./source/01SR70_PCB15_Debug_ALL.o
 .debug_macro   0x000002ef       0x10 ./source/01SR70_PCB15_Debug_ALL.o
 .debug_macro   0x000002ff       0x10 ./source/01SR70_PCB15_Debug_ALL.o
 .debug_macro   0x0000030f       0x16 ./source/01SR70_PCB15_Debug_ALL.o
 .debug_macro   0x00000325       0x10 ./source/01SR70_PCB15_Debug_ALL.o
 .debug_macro   0x00000335       0x2e ./source/01SR70_PCB15_Debug_ALL.o
 .debug_macro   0x00000363       0xac ./source/01SR70_PCB15_Debug_ALL.o
 .debug_macro   0x0000040f       0x6a ./source/01SR70_PCB15_Debug_ALL.o
 .debug_macro   0x00000479       0x22 ./source/01SR70_PCB15_Debug_ALL.o
 .debug_macro   0x0000049b      0x15b ./source/RobotInterface.o
 .debug_macro   0x000005f6       0x11 ./source/semihost_hardfault.o
 .debug_macro   0x00000607      0x109 ./drivers/fsl_adc16.o
 .debug_macro   0x00000710      0x1bf ./drivers/fsl_clock.o
 .debug_macro   0x000008cf      0x10e ./drivers/fsl_edma.o
 .debug_macro   0x000009dd       0x16 ./drivers/fsl_edma.o
 .debug_macro   0x000009f3      0x109 ./drivers/fsl_ftm.o
 .debug_macro   0x00000afc      0x109 ./drivers/fsl_gpio.o
 .debug_macro   0x00000c05      0x108 ./drivers/fsl_i2c.o
 .debug_macro   0x00000d0d       0x16 ./drivers/fsl_i2c.o
 .debug_macro   0x00000d23      0x109 ./drivers/fsl_lpuart.o
 .debug_macro   0x00000e2c      0x10f ./drivers/fsl_uart.o
 .debug_macro   0x00000f3b       0x45 ./board/board.o
 .debug_macro   0x00000f80      0x127 ./board/clock_config.o
 .debug_macro   0x000010a7       0x1b ./board/peripherals.o
 .debug_macro   0x000010c2      0x106 ./board/pin_mux.o
 .debug_macro   0x000011c8       0x98 ./CMSIS/system_MKV31F51212.o

.debug_line     0x00000000     0x5608
 .debug_line    0x00000000      0x600 ./startup/startup_mkv31f51212.o
 .debug_line    0x00000600      0x42a ./source/01SR70_PCB15_Debug_ALL.o
 .debug_line    0x00000a2a      0x6af ./source/RobotInterface.o
 .debug_line    0x000010d9       0x54 ./source/semihost_hardfault.o
 .debug_line    0x0000112d      0x3ac ./drivers/fsl_adc16.o
 .debug_line    0x000014d9      0x9b4 ./drivers/fsl_clock.o
 .debug_line    0x00001e8d      0xb6f ./drivers/fsl_edma.o
 .debug_line    0x000029fc      0x6c0 ./drivers/fsl_ftm.o
 .debug_line    0x000030bc      0x294 ./drivers/fsl_gpio.o
 .debug_line    0x00003350      0xa03 ./drivers/fsl_i2c.o
 .debug_line    0x00003d53      0x75e ./drivers/fsl_lpuart.o
 .debug_line    0x000044b1      0x8f6 ./drivers/fsl_uart.o
 .debug_line    0x00004da7      0x104 ./board/board.o
 .debug_line    0x00004eab      0x25c ./board/clock_config.o
 .debug_line    0x00005107       0x69 ./board/peripherals.o
 .debug_line    0x00005170      0x27b ./board/pin_mux.o
 .debug_line    0x000053eb      0x21d ./CMSIS/system_MKV31F51212.o

.debug_str      0x00000000    0x50d8f
 .debug_str     0x00000000     0x34e1 ./startup/startup_mkv31f51212.o
                               0x355c (size before relaxing)
 .debug_str     0x000034e1    0x47a90 ./source/01SR70_PCB15_Debug_ALL.o
                              0x4aaae (size before relaxing)
 .debug_str     0x0004af71      0x50e ./source/RobotInterface.o
                              0x499f4 (size before relaxing)
 .debug_str     0x0004b47f       0x1f ./source/semihost_hardfault.o
                               0x2de5 (size before relaxing)
 .debug_str     0x0004b49e      0x5c1 ./drivers/fsl_adc16.o
                              0x490d8 (size before relaxing)
 .debug_str     0x0004ba5f     0x13ba ./drivers/fsl_clock.o
                              0x49d5b (size before relaxing)
 .debug_str     0x0004ce19     0x10c4 ./drivers/fsl_edma.o
                              0x49ddd (size before relaxing)
 .debug_str     0x0004dedd      0x67c ./drivers/fsl_ftm.o
                              0x495d5 (size before relaxing)
 .debug_str     0x0004e559       0xb6 ./drivers/fsl_gpio.o
                              0x48667 (size before relaxing)
 .debug_str     0x0004e60f      0xc74 ./drivers/fsl_i2c.o
                              0x4998e (size before relaxing)
 .debug_str     0x0004f283      0xe44 ./drivers/fsl_lpuart.o
                              0x49b3f (size before relaxing)
 .debug_str     0x000500c7      0x8e0 ./drivers/fsl_uart.o
                              0x49a6a (size before relaxing)
 .debug_str     0x000509a7       0x28 ./board/board.o
                               0x44f2 (size before relaxing)
 .debug_str     0x000509cf       0xe7 ./board/clock_config.o
                              0x48990 (size before relaxing)
 .debug_str     0x00050ab6       0x47 ./board/peripherals.o
                               0x2e0c (size before relaxing)
 .debug_str     0x00050afd      0x186 ./board/pin_mux.o
                              0x4831d (size before relaxing)
 .debug_str     0x00050c83      0x10c ./CMSIS/system_MKV31F51212.o
                              0x47297 (size before relaxing)

.comment        0x00000000       0x7e
 .comment       0x00000000       0x7e ./startup/startup_mkv31f51212.o
                                 0x7f (size before relaxing)
 .comment       0x0000007e       0x7f ./source/01SR70_PCB15_Debug_ALL.o
 .comment       0x0000007e       0x7f ./source/RobotInterface.o
 .comment       0x0000007e       0x7f ./source/semihost_hardfault.o
 .comment       0x0000007e       0x7f ./drivers/fsl_adc16.o
 .comment       0x0000007e       0x7f ./drivers/fsl_clock.o
 .comment       0x0000007e       0x7f ./drivers/fsl_edma.o
 .comment       0x0000007e       0x7f ./drivers/fsl_ftm.o
 .comment       0x0000007e       0x7f ./drivers/fsl_gpio.o
 .comment       0x0000007e       0x7f ./drivers/fsl_i2c.o
 .comment       0x0000007e       0x7f ./drivers/fsl_lpuart.o
 .comment       0x0000007e       0x7f ./drivers/fsl_uart.o
 .comment       0x0000007e       0x7f ./board/board.o
 .comment       0x0000007e       0x7f ./board/clock_config.o
 .comment       0x0000007e       0x7f ./board/peripherals.o
 .comment       0x0000007e       0x7f ./board/pin_mux.o
 .comment       0x0000007e       0x7f ./CMSIS/system_MKV31F51212.o
 .comment       0x0000007e       0x7f c:/nxp/mcuxpressoide_10.2.1_795/ide/tools/bin/../lib/gcc/arm-none-eabi/7.2.1/../../../../arm-none-eabi/lib/thumb/v7e-m/fpv4-sp/hard\libcr_semihost_nf.a(_cr__main.o)
 .comment       0x0000007e       0x7f c:/nxp/mcuxpressoide_10.2.1_795/ide/tools/bin/../lib/gcc/arm-none-eabi/7.2.1/../../../../arm-none-eabi/lib/thumb/v7e-m/fpv4-sp/hard\libcr_semihost_nf.a(_cr_assert.o)
 .comment       0x0000007e       0x7f c:/nxp/mcuxpressoide_10.2.1_795/ide/tools/bin/../lib/gcc/arm-none-eabi/7.2.1/../../../../arm-none-eabi/lib/thumb/v7e-m/fpv4-sp/hard\libcr_semihost_nf.a(__ciob.o)
 .comment       0x0000007e       0x7f c:/nxp/mcuxpressoide_10.2.1_795/ide/tools/bin/../lib/gcc/arm-none-eabi/7.2.1/../../../../arm-none-eabi/lib/thumb/v7e-m/fpv4-sp/hard\libcr_c.a(memset.o)
 .comment       0x0000007e       0x7f c:/nxp/mcuxpressoide_10.2.1_795/ide/tools/bin/../lib/gcc/arm-none-eabi/7.2.1/../../../../arm-none-eabi/lib/thumb/v7e-m/fpv4-sp/hard\libcr_c.a(_deferredlazyseek.o)
 .comment       0x0000007e       0x7f c:/nxp/mcuxpressoide_10.2.1_795/ide/tools/bin/../lib/gcc/arm-none-eabi/7.2.1/../../../../arm-none-eabi/lib/thumb/v7e-m/fpv4-sp/hard\libcr_c.a(_fflush.o)
 .comment       0x0000007e       0x7f c:/nxp/mcuxpressoide_10.2.1_795/ide/tools/bin/../lib/gcc/arm-none-eabi/7.2.1/../../../../arm-none-eabi/lib/thumb/v7e-m/fpv4-sp/hard\libcr_c.a(_writebuf.o)
 .comment       0x0000007e       0x7f c:/nxp/mcuxpressoide_10.2.1_795/ide/tools/bin/../lib/gcc/arm-none-eabi/7.2.1/../../../../arm-none-eabi/lib/thumb/v7e-m/fpv4-sp/hard\libcr_c.a(alloc.o)
 .comment       0x0000007e       0x7f c:/nxp/mcuxpressoide_10.2.1_795/ide/tools/bin/../lib/gcc/arm-none-eabi/7.2.1/../../../../arm-none-eabi/lib/thumb/v7e-m/fpv4-sp/hard\libcr_c.a(fputs.o)
 .comment       0x0000007e       0x7f c:/nxp/mcuxpressoide_10.2.1_795/ide/tools/bin/../lib/gcc/arm-none-eabi/7.2.1/../../../../arm-none-eabi/lib/thumb/v7e-m/fpv4-sp/hard\libcr_c.a(fseek.o)
 .comment       0x0000007e       0x7f c:/nxp/mcuxpressoide_10.2.1_795/ide/tools/bin/../lib/gcc/arm-none-eabi/7.2.1/../../../../arm-none-eabi/lib/thumb/v7e-m/fpv4-sp/hard\libcr_c.a(ftell.o)
 .comment       0x0000007e       0x7f c:/nxp/mcuxpressoide_10.2.1_795/ide/tools/bin/../lib/gcc/arm-none-eabi/7.2.1/../../../../arm-none-eabi/lib/thumb/v7e-m/fpv4-sp/hard\libcr_c.a(initio.o)
 .comment       0x0000007e       0x7f c:/nxp/mcuxpressoide_10.2.1_795/ide/tools/bin/../lib/gcc/arm-none-eabi/7.2.1/../../../../arm-none-eabi/lib/thumb/v7e-m/fpv4-sp/hard\libcr_c.a(printf.o)
 .comment       0x0000007e       0x7f c:/nxp/mcuxpressoide_10.2.1_795/ide/tools/bin/../lib/gcc/arm-none-eabi/7.2.1/../../../../arm-none-eabi/lib/thumb/v7e-m/fpv4-sp/hard\libcr_c.a(setvbuf.o)
 .comment       0x0000007e       0x7f c:/nxp/mcuxpressoide_10.2.1_795/ide/tools/bin/../lib/gcc/arm-none-eabi/7.2.1/../../../../arm-none-eabi/lib/thumb/v7e-m/fpv4-sp/hard\libcr_c.a(stdlib.o)
 .comment       0x0000007e       0x7f c:/nxp/mcuxpressoide_10.2.1_795/ide/tools/bin/../lib/gcc/arm-none-eabi/7.2.1/../../../../arm-none-eabi/lib/thumb/v7e-m/fpv4-sp/hard\libcr_c.a(strlen.o)
 .comment       0x0000007e       0x7f c:/nxp/mcuxpressoide_10.2.1_795/ide/tools/bin/../lib/gcc/arm-none-eabi/7.2.1/../../../../arm-none-eabi/lib/thumb/v7e-m/fpv4-sp/hard\libcr_c.a(__init_alloc.o)
 .comment       0x0000007e       0x7f c:/nxp/mcuxpressoide_10.2.1_795/ide/tools/bin/../lib/gcc/arm-none-eabi/7.2.1/../../../../arm-none-eabi/lib/thumb/v7e-m/fpv4-sp/hard\libcr_c.a(_cr_sbrk.o)
 .comment       0x0000007e       0x7f c:/nxp/mcuxpressoide_10.2.1_795/ide/tools/bin/../lib/gcc/arm-none-eabi/7.2.1/../../../../arm-none-eabi/lib/thumb/v7e-m/fpv4-sp/hard\libcr_c.a(_fdopen.o)
 .comment       0x0000007e       0x7f c:/nxp/mcuxpressoide_10.2.1_795/ide/tools/bin/../lib/gcc/arm-none-eabi/7.2.1/../../../../arm-none-eabi/lib/thumb/v7e-m/fpv4-sp/hard\libcr_c.a(errno.o)
 .comment       0x0000007e       0x7f c:/nxp/mcuxpressoide_10.2.1_795/ide/tools/bin/../lib/gcc/arm-none-eabi/7.2.1/../../../../arm-none-eabi/lib/thumb/v7e-m/fpv4-sp/hard\libcr_c.a(fclose.o)
 .comment       0x0000007e       0x7f c:/nxp/mcuxpressoide_10.2.1_795/ide/tools/bin/../lib/gcc/arm-none-eabi/7.2.1/../../../../arm-none-eabi/lib/thumb/v7e-m/fpv4-sp/hard\libcr_c.a(fflush.o)
 .comment       0x0000007e       0x7f c:/nxp/mcuxpressoide_10.2.1_795/ide/tools/bin/../lib/gcc/arm-none-eabi/7.2.1/../../../../arm-none-eabi/lib/thumb/v7e-m/fpv4-sp/hard\libcr_c.a(remove.o)
 .comment       0x0000007e       0x7f c:/nxp/mcuxpressoide_10.2.1_795/ide/tools/bin/../lib/gcc/arm-none-eabi/7.2.1/../../../../arm-none-eabi/lib/thumb/v7e-m/fpv4-sp/hard\libcr_c.a(_cr_check_heap.o)
 .comment       0x0000007e       0x7f c:/nxp/mcuxpressoide_10.2.1_795/ide/tools/bin/../lib/gcc/arm-none-eabi/7.2.1/../../../../arm-none-eabi/lib/thumb/v7e-m/fpv4-sp/hard\libcr_c.a(_do_fflush.o)
 .comment       0x0000007e       0x7f c:/nxp/mcuxpressoide_10.2.1_795/ide/tools/bin/../lib/gcc/arm-none-eabi/7.2.1/thumb/v7e-m/fpv4-sp/hard\libcr_eabihelpers.a(double.o)

.ARM.attributes
                0x00000000       0x37
 .ARM.attributes
                0x00000000       0x39 ./startup/startup_mkv31f51212.o
 .ARM.attributes
                0x00000039       0x39 ./source/01SR70_PCB15_Debug_ALL.o
 .ARM.attributes
                0x00000072       0x39 ./source/RobotInterface.o
 .ARM.attributes
                0x000000ab       0x39 ./source/semihost_hardfault.o
 .ARM.attributes
                0x000000e4       0x39 ./drivers/fsl_adc16.o
 .ARM.attributes
                0x0000011d       0x39 ./drivers/fsl_clock.o
 .ARM.attributes
                0x00000156       0x39 ./drivers/fsl_edma.o
 .ARM.attributes
                0x0000018f       0x39 ./drivers/fsl_ftm.o
 .ARM.attributes
                0x000001c8       0x39 ./drivers/fsl_gpio.o
 .ARM.attributes
                0x00000201       0x39 ./drivers/fsl_i2c.o
 .ARM.attributes
                0x0000023a       0x39 ./drivers/fsl_lpuart.o
 .ARM.attributes
                0x00000273       0x39 ./drivers/fsl_uart.o
 .ARM.attributes
                0x000002ac       0x39 ./board/board.o
 .ARM.attributes
                0x000002e5       0x39 ./board/clock_config.o
 .ARM.attributes
                0x0000031e       0x39 ./board/peripherals.o
 .ARM.attributes
                0x00000357       0x39 ./board/pin_mux.o
 .ARM.attributes
                0x00000390       0x39 ./CMSIS/system_MKV31F51212.o
 .ARM.attributes
                0x000003c9       0x39 c:/nxp/mcuxpressoide_10.2.1_795/ide/tools/bin/../lib/gcc/arm-none-eabi/7.2.1/../../../../arm-none-eabi/lib/thumb/v7e-m/fpv4-sp/hard\libcr_semihost_nf.a(_cr__main.o)
 .ARM.attributes
                0x00000402       0x39 c:/nxp/mcuxpressoide_10.2.1_795/ide/tools/bin/../lib/gcc/arm-none-eabi/7.2.1/../../../../arm-none-eabi/lib/thumb/v7e-m/fpv4-sp/hard\libcr_semihost_nf.a(_cr_assert.o)
 .ARM.attributes
                0x0000043b       0x39 c:/nxp/mcuxpressoide_10.2.1_795/ide/tools/bin/../lib/gcc/arm-none-eabi/7.2.1/../../../../arm-none-eabi/lib/thumb/v7e-m/fpv4-sp/hard\libcr_semihost_nf.a(__ciob.o)
 .ARM.attributes
                0x00000474       0x25 c:/nxp/mcuxpressoide_10.2.1_795/ide/tools/bin/../lib/gcc/arm-none-eabi/7.2.1/../../../../arm-none-eabi/lib/thumb/v7e-m/fpv4-sp/hard\libcr_semihost_nf.a(__sys_appexit.o)
 .ARM.attributes
                0x00000499       0x39 c:/nxp/mcuxpressoide_10.2.1_795/ide/tools/bin/../lib/gcc/arm-none-eabi/7.2.1/../../../../arm-none-eabi/lib/thumb/v7e-m/fpv4-sp/hard\libcr_c.a(memset.o)
 .ARM.attributes
                0x000004d2       0x39 c:/nxp/mcuxpressoide_10.2.1_795/ide/tools/bin/../lib/gcc/arm-none-eabi/7.2.1/../../../../arm-none-eabi/lib/thumb/v7e-m/fpv4-sp/hard\libcr_c.a(_deferredlazyseek.o)
 .ARM.attributes
                0x0000050b       0x39 c:/nxp/mcuxpressoide_10.2.1_795/ide/tools/bin/../lib/gcc/arm-none-eabi/7.2.1/../../../../arm-none-eabi/lib/thumb/v7e-m/fpv4-sp/hard\libcr_c.a(_fflush.o)
 .ARM.attributes
                0x00000544       0x39 c:/nxp/mcuxpressoide_10.2.1_795/ide/tools/bin/../lib/gcc/arm-none-eabi/7.2.1/../../../../arm-none-eabi/lib/thumb/v7e-m/fpv4-sp/hard\libcr_c.a(_writebuf.o)
 .ARM.attributes
                0x0000057d       0x39 c:/nxp/mcuxpressoide_10.2.1_795/ide/tools/bin/../lib/gcc/arm-none-eabi/7.2.1/../../../../arm-none-eabi/lib/thumb/v7e-m/fpv4-sp/hard\libcr_c.a(alloc.o)
 .ARM.attributes
                0x000005b6       0x39 c:/nxp/mcuxpressoide_10.2.1_795/ide/tools/bin/../lib/gcc/arm-none-eabi/7.2.1/../../../../arm-none-eabi/lib/thumb/v7e-m/fpv4-sp/hard\libcr_c.a(fputs.o)
 .ARM.attributes
                0x000005ef       0x39 c:/nxp/mcuxpressoide_10.2.1_795/ide/tools/bin/../lib/gcc/arm-none-eabi/7.2.1/../../../../arm-none-eabi/lib/thumb/v7e-m/fpv4-sp/hard\libcr_c.a(fseek.o)
 .ARM.attributes
                0x00000628       0x39 c:/nxp/mcuxpressoide_10.2.1_795/ide/tools/bin/../lib/gcc/arm-none-eabi/7.2.1/../../../../arm-none-eabi/lib/thumb/v7e-m/fpv4-sp/hard\libcr_c.a(ftell.o)
 .ARM.attributes
                0x00000661       0x39 c:/nxp/mcuxpressoide_10.2.1_795/ide/tools/bin/../lib/gcc/arm-none-eabi/7.2.1/../../../../arm-none-eabi/lib/thumb/v7e-m/fpv4-sp/hard\libcr_c.a(initio.o)
 .ARM.attributes
                0x0000069a       0x39 c:/nxp/mcuxpressoide_10.2.1_795/ide/tools/bin/../lib/gcc/arm-none-eabi/7.2.1/../../../../arm-none-eabi/lib/thumb/v7e-m/fpv4-sp/hard\libcr_c.a(printf.o)
 .ARM.attributes
                0x000006d3       0x39 c:/nxp/mcuxpressoide_10.2.1_795/ide/tools/bin/../lib/gcc/arm-none-eabi/7.2.1/../../../../arm-none-eabi/lib/thumb/v7e-m/fpv4-sp/hard\libcr_c.a(setvbuf.o)
 .ARM.attributes
                0x0000070c       0x39 c:/nxp/mcuxpressoide_10.2.1_795/ide/tools/bin/../lib/gcc/arm-none-eabi/7.2.1/../../../../arm-none-eabi/lib/thumb/v7e-m/fpv4-sp/hard\libcr_c.a(stdlib.o)
 .ARM.attributes
                0x00000745       0x39 c:/nxp/mcuxpressoide_10.2.1_795/ide/tools/bin/../lib/gcc/arm-none-eabi/7.2.1/../../../../arm-none-eabi/lib/thumb/v7e-m/fpv4-sp/hard\libcr_c.a(strlen.o)
 .ARM.attributes
                0x0000077e       0x39 c:/nxp/mcuxpressoide_10.2.1_795/ide/tools/bin/../lib/gcc/arm-none-eabi/7.2.1/../../../../arm-none-eabi/lib/thumb/v7e-m/fpv4-sp/hard\libcr_c.a(__init_alloc.o)
 .ARM.attributes
                0x000007b7       0x39 c:/nxp/mcuxpressoide_10.2.1_795/ide/tools/bin/../lib/gcc/arm-none-eabi/7.2.1/../../../../arm-none-eabi/lib/thumb/v7e-m/fpv4-sp/hard\libcr_c.a(_cr_sbrk.o)
 .ARM.attributes
                0x000007f0       0x39 c:/nxp/mcuxpressoide_10.2.1_795/ide/tools/bin/../lib/gcc/arm-none-eabi/7.2.1/../../../../arm-none-eabi/lib/thumb/v7e-m/fpv4-sp/hard\libcr_c.a(_fdopen.o)
 .ARM.attributes
                0x00000829       0x39 c:/nxp/mcuxpressoide_10.2.1_795/ide/tools/bin/../lib/gcc/arm-none-eabi/7.2.1/../../../../arm-none-eabi/lib/thumb/v7e-m/fpv4-sp/hard\libcr_c.a(errno.o)
 .ARM.attributes
                0x00000862       0x39 c:/nxp/mcuxpressoide_10.2.1_795/ide/tools/bin/../lib/gcc/arm-none-eabi/7.2.1/../../../../arm-none-eabi/lib/thumb/v7e-m/fpv4-sp/hard\libcr_c.a(fclose.o)
 .ARM.attributes
                0x0000089b       0x39 c:/nxp/mcuxpressoide_10.2.1_795/ide/tools/bin/../lib/gcc/arm-none-eabi/7.2.1/../../../../arm-none-eabi/lib/thumb/v7e-m/fpv4-sp/hard\libcr_c.a(fflush.o)
 .ARM.attributes
                0x000008d4       0x39 c:/nxp/mcuxpressoide_10.2.1_795/ide/tools/bin/../lib/gcc/arm-none-eabi/7.2.1/../../../../arm-none-eabi/lib/thumb/v7e-m/fpv4-sp/hard\libcr_c.a(remove.o)
 .ARM.attributes
                0x0000090d       0x39 c:/nxp/mcuxpressoide_10.2.1_795/ide/tools/bin/../lib/gcc/arm-none-eabi/7.2.1/../../../../arm-none-eabi/lib/thumb/v7e-m/fpv4-sp/hard\libcr_c.a(_cr_check_heap.o)
 .ARM.attributes
                0x00000946       0x39 c:/nxp/mcuxpressoide_10.2.1_795/ide/tools/bin/../lib/gcc/arm-none-eabi/7.2.1/../../../../arm-none-eabi/lib/thumb/v7e-m/fpv4-sp/hard\libcr_c.a(_do_fflush.o)
 .ARM.attributes
                0x0000097f       0x25 c:/nxp/mcuxpressoide_10.2.1_795/ide/tools/bin/../lib/gcc/arm-none-eabi/7.2.1/thumb/v7e-m/fpv4-sp/hard\libcr_eabihelpers.a(division_64.o)
 .ARM.attributes
                0x000009a4       0x25 c:/nxp/mcuxpressoide_10.2.1_795/ide/tools/bin/../lib/gcc/arm-none-eabi/7.2.1/thumb/v7e-m/fpv4-sp/hard\libcr_eabihelpers.a(division_idiv0.o)
 .ARM.attributes
                0x000009c9       0x39 c:/nxp/mcuxpressoide_10.2.1_795/ide/tools/bin/../lib/gcc/arm-none-eabi/7.2.1/thumb/v7e-m/fpv4-sp/hard\libcr_eabihelpers.a(double.o)
 .ARM.attributes
                0x00000a02       0x25 c:/nxp/mcuxpressoide_10.2.1_795/ide/tools/bin/../lib/gcc/arm-none-eabi/7.2.1/thumb/v7e-m/fpv4-sp/hard\libcr_eabihelpers.a(memcpy.o)
 .ARM.attributes
                0x00000a27       0x25 c:/nxp/mcuxpressoide_10.2.1_795/ide/tools/bin/../lib/gcc/arm-none-eabi/7.2.1/../../../../arm-none-eabi/lib/thumb/v7e-m/fpv4-sp/hard\libcr_semihost_nf.a(__sys_close.o)
 .ARM.attributes
                0x00000a4c       0x25 c:/nxp/mcuxpressoide_10.2.1_795/ide/tools/bin/../lib/gcc/arm-none-eabi/7.2.1/../../../../arm-none-eabi/lib/thumb/v7e-m/fpv4-sp/hard\libcr_semihost_nf.a(__sys_flen.o)
 .ARM.attributes
                0x00000a71       0x25 c:/nxp/mcuxpressoide_10.2.1_795/ide/tools/bin/../lib/gcc/arm-none-eabi/7.2.1/../../../../arm-none-eabi/lib/thumb/v7e-m/fpv4-sp/hard\libcr_semihost_nf.a(__sys_istty.o)
 .ARM.attributes
                0x00000a96       0x25 c:/nxp/mcuxpressoide_10.2.1_795/ide/tools/bin/../lib/gcc/arm-none-eabi/7.2.1/../../../../arm-none-eabi/lib/thumb/v7e-m/fpv4-sp/hard\libcr_semihost_nf.a(__sys_remove.o)
 .ARM.attributes
                0x00000abb       0x25 c:/nxp/mcuxpressoide_10.2.1_795/ide/tools/bin/../lib/gcc/arm-none-eabi/7.2.1/../../../../arm-none-eabi/lib/thumb/v7e-m/fpv4-sp/hard\libcr_semihost_nf.a(__sys_seek.o)
 .ARM.attributes
                0x00000ae0       0x25 c:/nxp/mcuxpressoide_10.2.1_795/ide/tools/bin/../lib/gcc/arm-none-eabi/7.2.1/../../../../arm-none-eabi/lib/thumb/v7e-m/fpv4-sp/hard\libcr_semihost_nf.a(__sys_tmpnam.o)
 .ARM.attributes
                0x00000b05       0x25 c:/nxp/mcuxpressoide_10.2.1_795/ide/tools/bin/../lib/gcc/arm-none-eabi/7.2.1/../../../../arm-none-eabi/lib/thumb/v7e-m/fpv4-sp/hard\libcr_semihost_nf.a(__sys_write.o)

.debug_frame    0x00000000     0x36bc
 .debug_frame   0x00000000      0x7e4 ./startup/startup_mkv31f51212.o
 .debug_frame   0x000007e4      0x130 ./source/01SR70_PCB15_Debug_ALL.o
 .debug_frame   0x00000914      0x4b4 ./source/RobotInterface.o
 .debug_frame   0x00000dc8       0x20 ./source/semihost_hardfault.o
 .debug_frame   0x00000de8      0x224 ./drivers/fsl_adc16.o
 .debug_frame   0x0000100c      0x7bc ./drivers/fsl_clock.o
 .debug_frame   0x000017c8      0x848 ./drivers/fsl_edma.o
 .debug_frame   0x00002010      0x338 ./drivers/fsl_ftm.o
 .debug_frame   0x00002348       0xec ./drivers/fsl_gpio.o
 .debug_frame   0x00002434      0x678 ./drivers/fsl_i2c.o
 .debug_frame   0x00002aac      0x4b4 ./drivers/fsl_lpuart.o
 .debug_frame   0x00002f60      0x544 ./drivers/fsl_uart.o
 .debug_frame   0x000034a4       0x30 ./board/board.o
 .debug_frame   0x000034d4       0x90 ./board/clock_config.o
 .debug_frame   0x00003564       0x4c ./board/peripherals.o
 .debug_frame   0x000035b0       0x98 ./board/pin_mux.o
 .debug_frame   0x00003648       0x74 ./CMSIS/system_MKV31F51212.o
